<?xml version="1.0" encoding="ISO-8859-1" ?>
<link_info>
   <banner>MSP430 Linker Unix v21.6.0.LTS</banner>
   <copyright>Copyright (c) 2003-2018 Texas Instruments Incorporated</copyright>
   <link_time>0x61b797e9</link_time>
   <link_errors>0x0</link_errors>
   <output_file>sensor.out</output_file>
   <entry_point>
      <name>_c_int00_noargs</name>
      <address>0xd6ee</address>
   </entry_point>
   <input_file_list>
      <input_file id="fl-2">
         <path>./</path>
         <kind>object</kind>
         <file>main.obj</file>
         <name>main.obj</name>
      </input_file>
      <input_file id="fl-3">
         <path>./</path>
         <kind>object</kind>
         <file>onewire.obj</file>
         <name>onewire.obj</name>
      </input_file>
      <input_file id="fl-4">
         <path>./driverlib/driverlib/MSP430FR2xx_4xx/</path>
         <kind>object</kind>
         <file>adc.obj</file>
         <name>adc.obj</name>
      </input_file>
      <input_file id="fl-5">
         <path>./driverlib/driverlib/MSP430FR2xx_4xx/</path>
         <kind>object</kind>
         <file>crc.obj</file>
         <name>crc.obj</name>
      </input_file>
      <input_file id="fl-6">
         <path>./driverlib/driverlib/MSP430FR2xx_4xx/</path>
         <kind>object</kind>
         <file>cs.obj</file>
         <name>cs.obj</name>
      </input_file>
      <input_file id="fl-7">
         <path>./driverlib/driverlib/MSP430FR2xx_4xx/</path>
         <kind>object</kind>
         <file>ecomp.obj</file>
         <name>ecomp.obj</name>
      </input_file>
      <input_file id="fl-8">
         <path>./driverlib/driverlib/MSP430FR2xx_4xx/</path>
         <kind>object</kind>
         <file>eusci_a_spi.obj</file>
         <name>eusci_a_spi.obj</name>
      </input_file>
      <input_file id="fl-9">
         <path>./driverlib/driverlib/MSP430FR2xx_4xx/</path>
         <kind>object</kind>
         <file>eusci_a_uart.obj</file>
         <name>eusci_a_uart.obj</name>
      </input_file>
      <input_file id="fl-a">
         <path>./driverlib/driverlib/MSP430FR2xx_4xx/</path>
         <kind>object</kind>
         <file>eusci_b_i2c.obj</file>
         <name>eusci_b_i2c.obj</name>
      </input_file>
      <input_file id="fl-b">
         <path>./driverlib/driverlib/MSP430FR2xx_4xx/</path>
         <kind>object</kind>
         <file>eusci_b_spi.obj</file>
         <name>eusci_b_spi.obj</name>
      </input_file>
      <input_file id="fl-c">
         <path>./driverlib/driverlib/MSP430FR2xx_4xx/</path>
         <kind>object</kind>
         <file>framctl.obj</file>
         <name>framctl.obj</name>
      </input_file>
      <input_file id="fl-d">
         <path>./driverlib/driverlib/MSP430FR2xx_4xx/</path>
         <kind>object</kind>
         <file>gpio.obj</file>
         <name>gpio.obj</name>
      </input_file>
      <input_file id="fl-e">
         <path>./driverlib/driverlib/MSP430FR2xx_4xx/</path>
         <kind>object</kind>
         <file>icc.obj</file>
         <name>icc.obj</name>
      </input_file>
      <input_file id="fl-f">
         <path>./driverlib/driverlib/MSP430FR2xx_4xx/</path>
         <kind>object</kind>
         <file>lcd_e.obj</file>
         <name>lcd_e.obj</name>
      </input_file>
      <input_file id="fl-10">
         <path>./driverlib/driverlib/MSP430FR2xx_4xx/</path>
         <kind>object</kind>
         <file>mpy32.obj</file>
         <name>mpy32.obj</name>
      </input_file>
      <input_file id="fl-11">
         <path>./driverlib/driverlib/MSP430FR2xx_4xx/</path>
         <kind>object</kind>
         <file>pmm.obj</file>
         <name>pmm.obj</name>
      </input_file>
      <input_file id="fl-12">
         <path>./driverlib/driverlib/MSP430FR2xx_4xx/</path>
         <kind>object</kind>
         <file>rtc.obj</file>
         <name>rtc.obj</name>
      </input_file>
      <input_file id="fl-13">
         <path>./driverlib/driverlib/MSP430FR2xx_4xx/</path>
         <kind>object</kind>
         <file>sac.obj</file>
         <name>sac.obj</name>
      </input_file>
      <input_file id="fl-14">
         <path>./driverlib/driverlib/MSP430FR2xx_4xx/</path>
         <kind>object</kind>
         <file>sfr.obj</file>
         <name>sfr.obj</name>
      </input_file>
      <input_file id="fl-15">
         <path>./driverlib/driverlib/MSP430FR2xx_4xx/</path>
         <kind>object</kind>
         <file>sysctl.obj</file>
         <name>sysctl.obj</name>
      </input_file>
      <input_file id="fl-16">
         <path>./driverlib/driverlib/MSP430FR2xx_4xx/</path>
         <kind>object</kind>
         <file>tia.obj</file>
         <name>tia.obj</name>
      </input_file>
      <input_file id="fl-17">
         <path>./driverlib/driverlib/MSP430FR2xx_4xx/</path>
         <kind>object</kind>
         <file>timer_a.obj</file>
         <name>timer_a.obj</name>
      </input_file>
      <input_file id="fl-18">
         <path>./driverlib/driverlib/MSP430FR2xx_4xx/</path>
         <kind>object</kind>
         <file>timer_b.obj</file>
         <name>timer_b.obj</name>
      </input_file>
      <input_file id="fl-19">
         <path>./driverlib/driverlib/MSP430FR2xx_4xx/</path>
         <kind>object</kind>
         <file>tlv.obj</file>
         <name>tlv.obj</name>
      </input_file>
      <input_file id="fl-1a">
         <path>./driverlib/driverlib/MSP430FR2xx_4xx/</path>
         <kind>object</kind>
         <file>wdt_a.obj</file>
         <name>wdt_a.obj</name>
      </input_file>
      <input_file id="fl-20">
         <kind>object</kind>
         <file>&lt;internal&gt;</file>
         <name>&lt;internal&gt;</name>
      </input_file>
      <input_file id="fl-3b">
         <path>/home/vityha/ti/ccs1100/ccs/tools/compiler/ti-cgt-msp430_21.6.0.LTS/lib/</path>
         <kind>archive</kind>
         <file>rts430x_sc_sd_eabi.lib</file>
         <name>printf.c.obj</name>
      </input_file>
      <input_file id="fl-3c">
         <path>/home/vityha/ti/ccs1100/ccs/tools/compiler/ti-cgt-msp430_21.6.0.LTS/lib/</path>
         <kind>archive</kind>
         <file>rts430x_sc_sd_eabi.lib</file>
         <name>_printfi.c.obj</name>
      </input_file>
      <input_file id="fl-3d">
         <path>/home/vityha/ti/ccs1100/ccs/tools/compiler/ti-cgt-msp430_21.6.0.LTS/lib/</path>
         <kind>archive</kind>
         <file>rts430x_sc_sd_eabi.lib</file>
         <name>fputc.c.obj</name>
      </input_file>
      <input_file id="fl-3e">
         <path>/home/vityha/ti/ccs1100/ccs/tools/compiler/ti-cgt-msp430_21.6.0.LTS/lib/</path>
         <kind>archive</kind>
         <file>rts430x_sc_sd_eabi.lib</file>
         <name>fputs.c.obj</name>
      </input_file>
      <input_file id="fl-3f">
         <path>/home/vityha/ti/ccs1100/ccs/tools/compiler/ti-cgt-msp430_21.6.0.LTS/lib/</path>
         <kind>archive</kind>
         <file>rts430x_sc_sd_eabi.lib</file>
         <name>_io_perm.c.obj</name>
      </input_file>
      <input_file id="fl-40">
         <path>/home/vityha/ti/ccs1100/ccs/tools/compiler/ti-cgt-msp430_21.6.0.LTS/lib/</path>
         <kind>archive</kind>
         <file>rts430x_sc_sd_eabi.lib</file>
         <name>setvbuf.c.obj</name>
      </input_file>
      <input_file id="fl-41">
         <path>/home/vityha/ti/ccs1100/ccs/tools/compiler/ti-cgt-msp430_21.6.0.LTS/lib/</path>
         <kind>archive</kind>
         <file>rts430x_sc_sd_eabi.lib</file>
         <name>wcslen.c.obj</name>
      </input_file>
      <input_file id="fl-42">
         <path>/home/vityha/ti/ccs1100/ccs/tools/compiler/ti-cgt-msp430_21.6.0.LTS/lib/</path>
         <kind>archive</kind>
         <file>rts430x_sc_sd_eabi.lib</file>
         <name>div16s.asm.obj</name>
      </input_file>
      <input_file id="fl-43">
         <path>/home/vityha/ti/ccs1100/ccs/tools/compiler/ti-cgt-msp430_21.6.0.LTS/lib/</path>
         <kind>archive</kind>
         <file>rts430x_sc_sd_eabi.lib</file>
         <name>div16u.asm.obj</name>
      </input_file>
      <input_file id="fl-44">
         <path>/home/vityha/ti/ccs1100/ccs/tools/compiler/ti-cgt-msp430_21.6.0.LTS/lib/</path>
         <kind>archive</kind>
         <file>rts430x_sc_sd_eabi.lib</file>
         <name>div32s.asm.obj</name>
      </input_file>
      <input_file id="fl-45">
         <path>/home/vityha/ti/ccs1100/ccs/tools/compiler/ti-cgt-msp430_21.6.0.LTS/lib/</path>
         <kind>archive</kind>
         <file>rts430x_sc_sd_eabi.lib</file>
         <name>div32u.asm.obj</name>
      </input_file>
      <input_file id="fl-46">
         <path>/home/vityha/ti/ccs1100/ccs/tools/compiler/ti-cgt-msp430_21.6.0.LTS/lib/</path>
         <kind>archive</kind>
         <file>rts430x_sc_sd_eabi.lib</file>
         <name>int41.asm.obj</name>
      </input_file>
      <input_file id="fl-47">
         <path>/home/vityha/ti/ccs1100/ccs/tools/compiler/ti-cgt-msp430_21.6.0.LTS/lib/</path>
         <kind>archive</kind>
         <file>rts430x_sc_sd_eabi.lib</file>
         <name>int42.asm.obj</name>
      </input_file>
      <input_file id="fl-48">
         <path>/home/vityha/ti/ccs1100/ccs/tools/compiler/ti-cgt-msp430_21.6.0.LTS/lib/</path>
         <kind>archive</kind>
         <file>rts430x_sc_sd_eabi.lib</file>
         <name>int43.asm.obj</name>
      </input_file>
      <input_file id="fl-49">
         <path>/home/vityha/ti/ccs1100/ccs/tools/compiler/ti-cgt-msp430_21.6.0.LTS/lib/</path>
         <kind>archive</kind>
         <file>rts430x_sc_sd_eabi.lib</file>
         <name>int44.asm.obj</name>
      </input_file>
      <input_file id="fl-4a">
         <path>/home/vityha/ti/ccs1100/ccs/tools/compiler/ti-cgt-msp430_21.6.0.LTS/lib/</path>
         <kind>archive</kind>
         <file>rts430x_sc_sd_eabi.lib</file>
         <name>int45.asm.obj</name>
      </input_file>
      <input_file id="fl-4b">
         <path>/home/vityha/ti/ccs1100/ccs/tools/compiler/ti-cgt-msp430_21.6.0.LTS/lib/</path>
         <kind>archive</kind>
         <file>rts430x_sc_sd_eabi.lib</file>
         <name>int46.asm.obj</name>
      </input_file>
      <input_file id="fl-4c">
         <path>/home/vityha/ti/ccs1100/ccs/tools/compiler/ti-cgt-msp430_21.6.0.LTS/lib/</path>
         <kind>archive</kind>
         <file>rts430x_sc_sd_eabi.lib</file>
         <name>int47.asm.obj</name>
      </input_file>
      <input_file id="fl-4d">
         <path>/home/vityha/ti/ccs1100/ccs/tools/compiler/ti-cgt-msp430_21.6.0.LTS/lib/</path>
         <kind>archive</kind>
         <file>rts430x_sc_sd_eabi.lib</file>
         <name>int48.asm.obj</name>
      </input_file>
      <input_file id="fl-4e">
         <path>/home/vityha/ti/ccs1100/ccs/tools/compiler/ti-cgt-msp430_21.6.0.LTS/lib/</path>
         <kind>archive</kind>
         <file>rts430x_sc_sd_eabi.lib</file>
         <name>int49.asm.obj</name>
      </input_file>
      <input_file id="fl-4f">
         <path>/home/vityha/ti/ccs1100/ccs/tools/compiler/ti-cgt-msp430_21.6.0.LTS/lib/</path>
         <kind>archive</kind>
         <file>rts430x_sc_sd_eabi.lib</file>
         <name>int50.asm.obj</name>
      </input_file>
      <input_file id="fl-50">
         <path>/home/vityha/ti/ccs1100/ccs/tools/compiler/ti-cgt-msp430_21.6.0.LTS/lib/</path>
         <kind>archive</kind>
         <file>rts430x_sc_sd_eabi.lib</file>
         <name>int51.asm.obj</name>
      </input_file>
      <input_file id="fl-51">
         <path>/home/vityha/ti/ccs1100/ccs/tools/compiler/ti-cgt-msp430_21.6.0.LTS/lib/</path>
         <kind>archive</kind>
         <file>rts430x_sc_sd_eabi.lib</file>
         <name>int52.asm.obj</name>
      </input_file>
      <input_file id="fl-52">
         <path>/home/vityha/ti/ccs1100/ccs/tools/compiler/ti-cgt-msp430_21.6.0.LTS/lib/</path>
         <kind>archive</kind>
         <file>rts430x_sc_sd_eabi.lib</file>
         <name>int53.asm.obj</name>
      </input_file>
      <input_file id="fl-53">
         <path>/home/vityha/ti/ccs1100/ccs/tools/compiler/ti-cgt-msp430_21.6.0.LTS/lib/</path>
         <kind>archive</kind>
         <file>rts430x_sc_sd_eabi.lib</file>
         <name>int54.asm.obj</name>
      </input_file>
      <input_file id="fl-54">
         <path>/home/vityha/ti/ccs1100/ccs/tools/compiler/ti-cgt-msp430_21.6.0.LTS/lib/</path>
         <kind>archive</kind>
         <file>rts430x_sc_sd_eabi.lib</file>
         <name>int55.asm.obj</name>
      </input_file>
      <input_file id="fl-55">
         <path>/home/vityha/ti/ccs1100/ccs/tools/compiler/ti-cgt-msp430_21.6.0.LTS/lib/</path>
         <kind>archive</kind>
         <file>rts430x_sc_sd_eabi.lib</file>
         <name>int56.asm.obj</name>
      </input_file>
      <input_file id="fl-56">
         <path>/home/vityha/ti/ccs1100/ccs/tools/compiler/ti-cgt-msp430_21.6.0.LTS/lib/</path>
         <kind>archive</kind>
         <file>rts430x_sc_sd_eabi.lib</file>
         <name>int57.asm.obj</name>
      </input_file>
      <input_file id="fl-57">
         <path>/home/vityha/ti/ccs1100/ccs/tools/compiler/ti-cgt-msp430_21.6.0.LTS/lib/</path>
         <kind>archive</kind>
         <file>rts430x_sc_sd_eabi.lib</file>
         <name>int58.asm.obj</name>
      </input_file>
      <input_file id="fl-58">
         <path>/home/vityha/ti/ccs1100/ccs/tools/compiler/ti-cgt-msp430_21.6.0.LTS/lib/</path>
         <kind>archive</kind>
         <file>rts430x_sc_sd_eabi.lib</file>
         <name>isr_trap.asm.obj</name>
      </input_file>
      <input_file id="fl-59">
         <path>/home/vityha/ti/ccs1100/ccs/tools/compiler/ti-cgt-msp430_21.6.0.LTS/lib/</path>
         <kind>archive</kind>
         <file>rts430x_sc_sd_eabi.lib</file>
         <name>lsl16.asm.obj</name>
      </input_file>
      <input_file id="fl-5a">
         <path>/home/vityha/ti/ccs1100/ccs/tools/compiler/ti-cgt-msp430_21.6.0.LTS/lib/</path>
         <kind>archive</kind>
         <file>rts430x_sc_sd_eabi.lib</file>
         <name>mult16.asm.obj</name>
      </input_file>
      <input_file id="fl-5b">
         <path>/home/vityha/ti/ccs1100/ccs/tools/compiler/ti-cgt-msp430_21.6.0.LTS/lib/</path>
         <kind>archive</kind>
         <file>rts430x_sc_sd_eabi.lib</file>
         <name>mult16_f5hw.asm.obj</name>
      </input_file>
      <input_file id="fl-5c">
         <path>/home/vityha/ti/ccs1100/ccs/tools/compiler/ti-cgt-msp430_21.6.0.LTS/lib/</path>
         <kind>archive</kind>
         <file>rts430x_sc_sd_eabi.lib</file>
         <name>mult1632_f5hw.asm.obj</name>
      </input_file>
      <input_file id="fl-5d">
         <path>/home/vityha/ti/ccs1100/ccs/tools/compiler/ti-cgt-msp430_21.6.0.LTS/lib/</path>
         <kind>archive</kind>
         <file>rts430x_sc_sd_eabi.lib</file>
         <name>mult32.asm.obj</name>
      </input_file>
      <input_file id="fl-5e">
         <path>/home/vityha/ti/ccs1100/ccs/tools/compiler/ti-cgt-msp430_21.6.0.LTS/lib/</path>
         <kind>archive</kind>
         <file>rts430x_sc_sd_eabi.lib</file>
         <name>mult32_f5hw.asm.obj</name>
      </input_file>
      <input_file id="fl-5f">
         <path>/home/vityha/ti/ccs1100/ccs/tools/compiler/ti-cgt-msp430_21.6.0.LTS/lib/</path>
         <kind>archive</kind>
         <file>rts430x_sc_sd_eabi.lib</file>
         <name>mult3264_f5hw.asm.obj</name>
      </input_file>
      <input_file id="fl-60">
         <path>/home/vityha/ti/ccs1100/ccs/tools/compiler/ti-cgt-msp430_21.6.0.LTS/lib/</path>
         <kind>archive</kind>
         <file>rts430x_sc_sd_eabi.lib</file>
         <name>mult64_f5hw.asm.obj</name>
      </input_file>
      <input_file id="fl-61">
         <path>/home/vityha/ti/ccs1100/ccs/tools/compiler/ti-cgt-msp430_21.6.0.LTS/lib/</path>
         <kind>archive</kind>
         <file>rts430x_sc_sd_eabi.lib</file>
         <name>boot.c.obj</name>
      </input_file>
      <input_file id="fl-62">
         <path>/home/vityha/ti/ccs1100/ccs/tools/compiler/ti-cgt-msp430_21.6.0.LTS/lib/</path>
         <kind>archive</kind>
         <file>rts430x_sc_sd_eabi.lib</file>
         <name>autoinit.c.obj</name>
      </input_file>
      <input_file id="fl-63">
         <path>/home/vityha/ti/ccs1100/ccs/tools/compiler/ti-cgt-msp430_21.6.0.LTS/lib/</path>
         <kind>archive</kind>
         <file>rts430x_sc_sd_eabi.lib</file>
         <name>copy_zero_init.c.obj</name>
      </input_file>
      <input_file id="fl-64">
         <path>/home/vityha/ti/ccs1100/ccs/tools/compiler/ti-cgt-msp430_21.6.0.LTS/lib/</path>
         <kind>archive</kind>
         <file>rts430x_sc_sd_eabi.lib</file>
         <name>exit_gvars.c.obj</name>
      </input_file>
      <input_file id="fl-65">
         <path>/home/vityha/ti/ccs1100/ccs/tools/compiler/ti-cgt-msp430_21.6.0.LTS/lib/</path>
         <kind>archive</kind>
         <file>rts430x_sc_sd_eabi.lib</file>
         <name>cpy_tbl.c.obj</name>
      </input_file>
      <input_file id="fl-66">
         <path>/home/vityha/ti/ccs1100/ccs/tools/compiler/ti-cgt-msp430_21.6.0.LTS/lib/</path>
         <kind>archive</kind>
         <file>rts430x_sc_sd_eabi.lib</file>
         <name>mpu_init.c.obj</name>
      </input_file>
      <input_file id="fl-67">
         <path>/home/vityha/ti/ccs1100/ccs/tools/compiler/ti-cgt-msp430_21.6.0.LTS/lib/</path>
         <kind>archive</kind>
         <file>rts430x_sc_sd_eabi.lib</file>
         <name>lsr64.c.obj</name>
      </input_file>
      <input_file id="fl-68">
         <path>/home/vityha/ti/ccs1100/ccs/tools/compiler/ti-cgt-msp430_21.6.0.LTS/lib/</path>
         <kind>archive</kind>
         <file>rts430x_sc_sd_eabi.lib</file>
         <name>div64u.c.obj</name>
      </input_file>
      <input_file id="fl-69">
         <path>/home/vityha/ti/ccs1100/ccs/tools/compiler/ti-cgt-msp430_21.6.0.LTS/lib/</path>
         <kind>archive</kind>
         <file>rts430x_sc_sd_eabi.lib</file>
         <name>pre_init.c.obj</name>
      </input_file>
      <input_file id="fl-6a">
         <path>/home/vityha/ti/ccs1100/ccs/tools/compiler/ti-cgt-msp430_21.6.0.LTS/lib/</path>
         <kind>archive</kind>
         <file>rts430x_sc_sd_eabi.lib</file>
         <name>startup.c.obj</name>
      </input_file>
      <input_file id="fl-6b">
         <path>/home/vityha/ti/ccs1100/ccs/tools/compiler/ti-cgt-msp430_21.6.0.LTS/lib/</path>
         <kind>archive</kind>
         <file>rts430x_sc_sd_eabi.lib</file>
         <name>copy_decompress_none.c.obj</name>
      </input_file>
      <input_file id="fl-6c">
         <path>/home/vityha/ti/ccs1100/ccs/tools/compiler/ti-cgt-msp430_21.6.0.LTS/lib/</path>
         <kind>archive</kind>
         <file>rts430x_sc_sd_eabi.lib</file>
         <name>copy_decompress_lzss.c.obj</name>
      </input_file>
      <input_file id="fl-6d">
         <path>/home/vityha/ti/ccs1100/ccs/tools/compiler/ti-cgt-msp430_21.6.0.LTS/lib/</path>
         <kind>archive</kind>
         <file>rts430x_sc_sd_eabi.lib</file>
         <name>cmpd.c.obj</name>
      </input_file>
      <input_file id="fl-6e">
         <path>/home/vityha/ti/ccs1100/ccs/tools/compiler/ti-cgt-msp430_21.6.0.LTS/lib/</path>
         <kind>archive</kind>
         <file>rts430x_sc_sd_eabi.lib</file>
         <name>divd.c.obj</name>
      </input_file>
      <input_file id="fl-6f">
         <path>/home/vityha/ti/ccs1100/ccs/tools/compiler/ti-cgt-msp430_21.6.0.LTS/lib/</path>
         <kind>archive</kind>
         <file>rts430x_sc_sd_eabi.lib</file>
         <name>fixdi.c.obj</name>
      </input_file>
      <input_file id="fl-70">
         <path>/home/vityha/ti/ccs1100/ccs/tools/compiler/ti-cgt-msp430_21.6.0.LTS/lib/</path>
         <kind>archive</kind>
         <file>rts430x_sc_sd_eabi.lib</file>
         <name>fixdli.c.obj</name>
      </input_file>
      <input_file id="fl-71">
         <path>/home/vityha/ti/ccs1100/ccs/tools/compiler/ti-cgt-msp430_21.6.0.LTS/lib/</path>
         <kind>archive</kind>
         <file>rts430x_sc_sd_eabi.lib</file>
         <name>fltid.c.obj</name>
      </input_file>
      <input_file id="fl-72">
         <path>/home/vityha/ti/ccs1100/ccs/tools/compiler/ti-cgt-msp430_21.6.0.LTS/lib/</path>
         <kind>archive</kind>
         <file>rts430x_sc_sd_eabi.lib</file>
         <name>fltlid.c.obj</name>
      </input_file>
      <input_file id="fl-73">
         <path>/home/vityha/ti/ccs1100/ccs/tools/compiler/ti-cgt-msp430_21.6.0.LTS/lib/</path>
         <kind>archive</kind>
         <file>rts430x_sc_sd_eabi.lib</file>
         <name>frcdivd.c.obj</name>
      </input_file>
      <input_file id="fl-74">
         <path>/home/vityha/ti/ccs1100/ccs/tools/compiler/ti-cgt-msp430_21.6.0.LTS/lib/</path>
         <kind>archive</kind>
         <file>rts430x_sc_sd_eabi.lib</file>
         <name>mpyd.c.obj</name>
      </input_file>
      <input_file id="fl-75">
         <path>/home/vityha/ti/ccs1100/ccs/tools/compiler/ti-cgt-msp430_21.6.0.LTS/lib/</path>
         <kind>archive</kind>
         <file>rts430x_sc_sd_eabi.lib</file>
         <name>negd.c.obj</name>
      </input_file>
      <input_file id="fl-76">
         <path>/home/vityha/ti/ccs1100/ccs/tools/compiler/ti-cgt-msp430_21.6.0.LTS/lib/</path>
         <kind>archive</kind>
         <file>rts430x_sc_sd_eabi.lib</file>
         <name>subd.c.obj</name>
      </input_file>
      <input_file id="fl-77">
         <path>/home/vityha/ti/ccs1100/ccs/tools/compiler/ti-cgt-msp430_21.6.0.LTS/lib/</path>
         <kind>archive</kind>
         <file>rts430x_sc_sd_eabi.lib</file>
         <name>exit.c.obj</name>
      </input_file>
      <input_file id="fl-78">
         <path>/home/vityha/ti/ccs1100/ccs/tools/compiler/ti-cgt-msp430_21.6.0.LTS/lib/</path>
         <kind>archive</kind>
         <file>rts430x_sc_sd_eabi.lib</file>
         <name>_lock.c.obj</name>
      </input_file>
      <input_file id="fl-79">
         <path>/home/vityha/ti/ccs1100/ccs/tools/compiler/ti-cgt-msp430_21.6.0.LTS/lib/</path>
         <kind>archive</kind>
         <file>rts430x_sc_sd_eabi.lib</file>
         <name>_ltoa.c.obj</name>
      </input_file>
      <input_file id="fl-7a">
         <path>/home/vityha/ti/ccs1100/ccs/tools/compiler/ti-cgt-msp430_21.6.0.LTS/lib/</path>
         <kind>archive</kind>
         <file>rts430x_sc_sd_eabi.lib</file>
         <name>args_main.c.obj</name>
      </input_file>
      <input_file id="fl-7b">
         <path>/home/vityha/ti/ccs1100/ccs/tools/compiler/ti-cgt-msp430_21.6.0.LTS/lib/</path>
         <kind>archive</kind>
         <file>rts430x_sc_sd_eabi.lib</file>
         <name>atoi.c.obj</name>
      </input_file>
      <input_file id="fl-7c">
         <path>/home/vityha/ti/ccs1100/ccs/tools/compiler/ti-cgt-msp430_21.6.0.LTS/lib/</path>
         <kind>archive</kind>
         <file>rts430x_sc_sd_eabi.lib</file>
         <name>ctype.c.obj</name>
      </input_file>
      <input_file id="fl-7d">
         <path>/home/vityha/ti/ccs1100/ccs/tools/compiler/ti-cgt-msp430_21.6.0.LTS/lib/</path>
         <kind>archive</kind>
         <file>rts430x_sc_sd_eabi.lib</file>
         <name>defs.c.obj</name>
      </input_file>
      <input_file id="fl-7e">
         <path>/home/vityha/ti/ccs1100/ccs/tools/compiler/ti-cgt-msp430_21.6.0.LTS/lib/</path>
         <kind>archive</kind>
         <file>rts430x_sc_sd_eabi.lib</file>
         <name>memccpy.c.obj</name>
      </input_file>
      <input_file id="fl-7f">
         <path>/home/vityha/ti/ccs1100/ccs/tools/compiler/ti-cgt-msp430_21.6.0.LTS/lib/</path>
         <kind>archive</kind>
         <file>rts430x_sc_sd_eabi.lib</file>
         <name>memchr.c.obj</name>
      </input_file>
      <input_file id="fl-80">
         <path>/home/vityha/ti/ccs1100/ccs/tools/compiler/ti-cgt-msp430_21.6.0.LTS/lib/</path>
         <kind>archive</kind>
         <file>rts430x_sc_sd_eabi.lib</file>
         <name>memcpy.c.obj</name>
      </input_file>
      <input_file id="fl-81">
         <path>/home/vityha/ti/ccs1100/ccs/tools/compiler/ti-cgt-msp430_21.6.0.LTS/lib/</path>
         <kind>archive</kind>
         <file>rts430x_sc_sd_eabi.lib</file>
         <name>memory.c.obj</name>
      </input_file>
      <input_file id="fl-82">
         <path>/home/vityha/ti/ccs1100/ccs/tools/compiler/ti-cgt-msp430_21.6.0.LTS/lib/</path>
         <kind>archive</kind>
         <file>rts430x_sc_sd_eabi.lib</file>
         <name>memset.c.obj</name>
      </input_file>
      <input_file id="fl-83">
         <path>/home/vityha/ti/ccs1100/ccs/tools/compiler/ti-cgt-msp430_21.6.0.LTS/lib/</path>
         <kind>archive</kind>
         <file>rts430x_sc_sd_eabi.lib</file>
         <name>strchr.c.obj</name>
      </input_file>
      <input_file id="fl-84">
         <path>/home/vityha/ti/ccs1100/ccs/tools/compiler/ti-cgt-msp430_21.6.0.LTS/lib/</path>
         <kind>archive</kind>
         <file>rts430x_sc_sd_eabi.lib</file>
         <name>strlen.c.obj</name>
      </input_file>
      <input_file id="fl-85">
         <path>/home/vityha/ti/ccs1100/ccs/tools/compiler/ti-cgt-msp430_21.6.0.LTS/lib/</path>
         <kind>archive</kind>
         <file>rts430x_sc_sd_eabi.lib</file>
         <name>toupper.c.obj</name>
      </input_file>
      <input_file id="fl-86">
         <path>/home/vityha/ti/ccs1100/ccs/tools/compiler/ti-cgt-msp430_21.6.0.LTS/lib/</path>
         <kind>archive</kind>
         <file>rts430x_sc_sd_eabi.lib</file>
         <name>errno.c.obj</name>
      </input_file>
      <input_file id="fl-87">
         <path>/home/vityha/ti/ccs1100/ccs/tools/compiler/ti-cgt-msp430_21.6.0.LTS/lib/</path>
         <kind>archive</kind>
         <file>rts430x_sc_sd_eabi.lib</file>
         <name>abs.c.obj</name>
      </input_file>
      <input_file id="fl-88">
         <path>/home/vityha/ti/ccs1100/ccs/tools/compiler/ti-cgt-msp430_21.6.0.LTS/lib/</path>
         <kind>archive</kind>
         <file>rts430x_sc_sd_eabi.lib</file>
         <name>write.c.obj</name>
      </input_file>
      <input_file id="fl-89">
         <path>/home/vityha/ti/ccs1100/ccs/tools/compiler/ti-cgt-msp430_21.6.0.LTS/lib/</path>
         <kind>archive</kind>
         <file>rts430x_sc_sd_eabi.lib</file>
         <name>host_device.c.obj</name>
      </input_file>
      <input_file id="fl-8a">
         <path>/home/vityha/ti/ccs1100/ccs/tools/compiler/ti-cgt-msp430_21.6.0.LTS/lib/</path>
         <kind>archive</kind>
         <file>rts430x_sc_sd_eabi.lib</file>
         <name>s_frexp.c.obj</name>
      </input_file>
      <input_file id="fl-8b">
         <path>/home/vityha/ti/ccs1100/ccs/tools/compiler/ti-cgt-msp430_21.6.0.LTS/lib/</path>
         <kind>archive</kind>
         <file>rts430x_sc_sd_eabi.lib</file>
         <name>s_scalbn.c.obj</name>
      </input_file>
      <input_file id="fl-8c">
         <path>/home/vityha/ti/ccs1100/ccs/tools/compiler/ti-cgt-msp430_21.6.0.LTS/lib/</path>
         <kind>archive</kind>
         <file>rts430x_sc_sd_eabi.lib</file>
         <name>fflush.c.obj</name>
      </input_file>
      <input_file id="fl-8d">
         <path>/home/vityha/ti/ccs1100/ccs/tools/compiler/ti-cgt-msp430_21.6.0.LTS/lib/</path>
         <kind>archive</kind>
         <file>rts430x_sc_sd_eabi.lib</file>
         <name>fopen.c.obj</name>
      </input_file>
      <input_file id="fl-8e">
         <path>/home/vityha/ti/ccs1100/ccs/tools/compiler/ti-cgt-msp430_21.6.0.LTS/lib/</path>
         <kind>archive</kind>
         <file>rts430x_sc_sd_eabi.lib</file>
         <name>fseek.c.obj</name>
      </input_file>
      <input_file id="fl-8f">
         <path>/home/vityha/ti/ccs1100/ccs/tools/compiler/ti-cgt-msp430_21.6.0.LTS/lib/</path>
         <kind>archive</kind>
         <file>rts430x_sc_sd_eabi.lib</file>
         <name>s_copysign.c.obj</name>
      </input_file>
      <input_file id="fl-90">
         <path>/home/vityha/ti/ccs1100/ccs/tools/compiler/ti-cgt-msp430_21.6.0.LTS/lib/</path>
         <kind>archive</kind>
         <file>rts430x_sc_sd_eabi.lib</file>
         <name>asr32.asm.obj</name>
      </input_file>
      <input_file id="fl-91">
         <path>/home/vityha/ti/ccs1100/ccs/tools/compiler/ti-cgt-msp430_21.6.0.LTS/lib/</path>
         <kind>archive</kind>
         <file>rts430x_sc_sd_eabi.lib</file>
         <name>lsl32.asm.obj</name>
      </input_file>
      <input_file id="fl-92">
         <path>/home/vityha/ti/ccs1100/ccs/tools/compiler/ti-cgt-msp430_21.6.0.LTS/lib/</path>
         <kind>archive</kind>
         <file>rts430x_sc_sd_eabi.lib</file>
         <name>lsr32.asm.obj</name>
      </input_file>
      <input_file id="fl-93">
         <path>/home/vityha/ti/ccs1100/ccs/tools/compiler/ti-cgt-msp430_21.6.0.LTS/lib/</path>
         <kind>archive</kind>
         <file>rts430x_sc_sd_eabi.lib</file>
         <name>lsl64.c.obj</name>
      </input_file>
      <input_file id="fl-94">
         <path>/home/vityha/ti/ccs1100/ccs/tools/compiler/ti-cgt-msp430_21.6.0.LTS/lib/</path>
         <kind>archive</kind>
         <file>rts430x_sc_sd_eabi.lib</file>
         <name>addd.c.obj</name>
      </input_file>
      <input_file id="fl-95">
         <path>/home/vityha/ti/ccs1100/ccs/tools/compiler/ti-cgt-msp430_21.6.0.LTS/lib/</path>
         <kind>archive</kind>
         <file>rts430x_sc_sd_eabi.lib</file>
         <name>frcmpyd.c.obj</name>
      </input_file>
      <input_file id="fl-96">
         <path>/home/vityha/ti/ccs1100/ccs/tools/compiler/ti-cgt-msp430_21.6.0.LTS/lib/</path>
         <kind>archive</kind>
         <file>rts430x_sc_sd_eabi.lib</file>
         <name>hostclose.c.obj</name>
      </input_file>
      <input_file id="fl-97">
         <path>/home/vityha/ti/ccs1100/ccs/tools/compiler/ti-cgt-msp430_21.6.0.LTS/lib/</path>
         <kind>archive</kind>
         <file>rts430x_sc_sd_eabi.lib</file>
         <name>hostlseek.c.obj</name>
      </input_file>
      <input_file id="fl-98">
         <path>/home/vityha/ti/ccs1100/ccs/tools/compiler/ti-cgt-msp430_21.6.0.LTS/lib/</path>
         <kind>archive</kind>
         <file>rts430x_sc_sd_eabi.lib</file>
         <name>hostopen.c.obj</name>
      </input_file>
      <input_file id="fl-99">
         <path>/home/vityha/ti/ccs1100/ccs/tools/compiler/ti-cgt-msp430_21.6.0.LTS/lib/</path>
         <kind>archive</kind>
         <file>rts430x_sc_sd_eabi.lib</file>
         <name>hostread.c.obj</name>
      </input_file>
      <input_file id="fl-9a">
         <path>/home/vityha/ti/ccs1100/ccs/tools/compiler/ti-cgt-msp430_21.6.0.LTS/lib/</path>
         <kind>archive</kind>
         <file>rts430x_sc_sd_eabi.lib</file>
         <name>hostrename.c.obj</name>
      </input_file>
      <input_file id="fl-9b">
         <path>/home/vityha/ti/ccs1100/ccs/tools/compiler/ti-cgt-msp430_21.6.0.LTS/lib/</path>
         <kind>archive</kind>
         <file>rts430x_sc_sd_eabi.lib</file>
         <name>hostunlink.c.obj</name>
      </input_file>
      <input_file id="fl-9c">
         <path>/home/vityha/ti/ccs1100/ccs/tools/compiler/ti-cgt-msp430_21.6.0.LTS/lib/</path>
         <kind>archive</kind>
         <file>rts430x_sc_sd_eabi.lib</file>
         <name>hostwrite.c.obj</name>
      </input_file>
      <input_file id="fl-9d">
         <path>/home/vityha/ti/ccs1100/ccs/tools/compiler/ti-cgt-msp430_21.6.0.LTS/lib/</path>
         <kind>archive</kind>
         <file>rts430x_sc_sd_eabi.lib</file>
         <name>trgmsg.c.obj</name>
      </input_file>
      <input_file id="fl-9e">
         <path>/home/vityha/ti/ccs1100/ccs/tools/compiler/ti-cgt-msp430_21.6.0.LTS/lib/</path>
         <kind>archive</kind>
         <file>rts430x_sc_sd_eabi.lib</file>
         <name>open.c.obj</name>
      </input_file>
      <input_file id="fl-9f">
         <path>/home/vityha/ti/ccs1100/ccs/tools/compiler/ti-cgt-msp430_21.6.0.LTS/lib/</path>
         <kind>archive</kind>
         <file>rts430x_sc_sd_eabi.lib</file>
         <name>lseek.c.obj</name>
      </input_file>
      <input_file id="fl-a0">
         <path>/home/vityha/ti/ccs1100/ccs/tools/compiler/ti-cgt-msp430_21.6.0.LTS/lib/</path>
         <kind>archive</kind>
         <file>rts430x_sc_sd_eabi.lib</file>
         <name>fclose.c.obj</name>
      </input_file>
      <input_file id="fl-a1">
         <path>/home/vityha/ti/ccs1100/ccs/tools/compiler/ti-cgt-msp430_21.6.0.LTS/lib/</path>
         <kind>archive</kind>
         <file>rts430x_sc_sd_eabi.lib</file>
         <name>getdevice.c.obj</name>
      </input_file>
      <input_file id="fl-a2">
         <path>/home/vityha/ti/ccs1100/ccs/tools/compiler/ti-cgt-msp430_21.6.0.LTS/lib/</path>
         <kind>archive</kind>
         <file>rts430x_sc_sd_eabi.lib</file>
         <name>mult3264.asm.obj</name>
      </input_file>
      <input_file id="fl-a3">
         <path>/home/vityha/ti/ccs1100/ccs/tools/compiler/ti-cgt-msp430_21.6.0.LTS/lib/</path>
         <kind>archive</kind>
         <file>rts430x_sc_sd_eabi.lib</file>
         <name>mult64.asm.obj</name>
      </input_file>
      <input_file id="fl-a4">
         <path>/home/vityha/ti/ccs1100/ccs/tools/compiler/ti-cgt-msp430_21.6.0.LTS/lib/</path>
         <kind>archive</kind>
         <file>rts430x_sc_sd_eabi.lib</file>
         <name>asr64.c.obj</name>
      </input_file>
      <input_file id="fl-a5">
         <path>/home/vityha/ti/ccs1100/ccs/tools/compiler/ti-cgt-msp430_21.6.0.LTS/lib/</path>
         <kind>archive</kind>
         <file>rts430x_sc_sd_eabi.lib</file>
         <name>strcmp.c.obj</name>
      </input_file>
      <input_file id="fl-a6">
         <path>/home/vityha/ti/ccs1100/ccs/tools/compiler/ti-cgt-msp430_21.6.0.LTS/lib/</path>
         <kind>archive</kind>
         <file>rts430x_sc_sd_eabi.lib</file>
         <name>strcpy.c.obj</name>
      </input_file>
      <input_file id="fl-a7">
         <path>/home/vityha/ti/ccs1100/ccs/tools/compiler/ti-cgt-msp430_21.6.0.LTS/lib/</path>
         <kind>archive</kind>
         <file>rts430x_sc_sd_eabi.lib</file>
         <name>strncpy.c.obj</name>
      </input_file>
      <input_file id="fl-a8">
         <path>/home/vityha/ti/ccs1100/ccs/tools/compiler/ti-cgt-msp430_21.6.0.LTS/lib/</path>
         <kind>archive</kind>
         <file>rts430x_sc_sd_eabi.lib</file>
         <name>remove.c.obj</name>
      </input_file>
      <input_file id="fl-a9">
         <path>/home/vityha/ti/ccs1100/ccs/tools/compiler/ti-cgt-msp430_21.6.0.LTS/lib/</path>
         <kind>archive</kind>
         <file>rts430x_sc_sd_eabi.lib</file>
         <name>close.c.obj</name>
      </input_file>
      <input_file id="fl-aa">
         <path>/home/vityha/ti/ccs1100/ccs/tools/compiler/ti-cgt-msp430_21.6.0.LTS/lib/</path>
         <kind>archive</kind>
         <file>rts430x_sc_sd_eabi.lib</file>
         <name>mult1632.asm.obj</name>
      </input_file>
      <input_file id="fl-ab">
         <path>/home/vityha/ti/ccs1100/ccs/tools/compiler/ti-cgt-msp430_21.6.0.LTS/lib/</path>
         <kind>archive</kind>
         <file>rts430x_sc_sd_eabi.lib</file>
         <name>unlink.c.obj</name>
      </input_file>
   </input_file_list>
   <object_component_list>
      <object_component id="oc-68b">
         <name>.cinit..data.load</name>
         <load_address>0xc400</load_address>
         <run_address>0xc400</run_address>
         <size>0x100</size>
      </object_component>
      <object_component id="oc-688">
         <name>__TI_handler_table</name>
         <load_address>0xc500</load_address>
         <run_address>0xc500</run_address>
         <size>0x6</size>
      </object_component>
      <object_component id="oc-68a">
         <name>.cinit..bss.load</name>
         <load_address>0xc506</load_address>
         <run_address>0xc506</run_address>
         <size>0x4</size>
      </object_component>
      <object_component id="oc-689">
         <name>__TI_cinit_table</name>
         <load_address>0xc50a</load_address>
         <run_address>0xc50a</run_address>
         <size>0x8</size>
      </object_component>
      <object_component id="oc-620">
         <name>.binit</name>
         <load_address>0xc512</load_address>
         <run_address>0xc512</run_address>
         <size>0x0</size>
      </object_component>
      <object_component id="oc-483">
         <name>.const:.string</name>
         <load_address>0xc512</load_address>
         <run_address>0xc512</run_address>
         <size>0x26</size>
         <input_file_ref idref="fl-3c"/>
      </object_component>
      <object_component id="oc-33a">
         <name>.const:.string</name>
         <load_address>0xc538</load_address>
         <run_address>0xc538</run_address>
         <size>0x4</size>
         <input_file_ref idref="fl-2"/>
      </object_component>
      <object_component id="oc-41d">
         <name>.text:__TI_printfi_minimal:_setfield___TI_printfi_minimal</name>
         <load_address>0xc53c</load_address>
         <run_address>0xc53c</run_address>
         <size>0x10e</size>
         <input_file_ref idref="fl-3c"/>
      </object_component>
      <object_component id="oc-52c">
         <name>.text:aligned_alloc</name>
         <load_address>0xc64a</load_address>
         <run_address>0xc64a</run_address>
         <size>0xf0</size>
         <input_file_ref idref="fl-81"/>
      </object_component>
      <object_component id="oc-3b4">
         <name>.text:__TI_printfi_minimal:__TI_printfi_minimal</name>
         <load_address>0xc73a</load_address>
         <run_address>0xc73a</run_address>
         <size>0xe0</size>
         <input_file_ref idref="fl-3c"/>
      </object_component>
      <object_component id="oc-409">
         <name>.text:fputs</name>
         <load_address>0xc81a</load_address>
         <run_address>0xc81a</run_address>
         <size>0xde</size>
         <input_file_ref idref="fl-3e"/>
      </object_component>
      <object_component id="oc-2e7">
         <name>.text:main</name>
         <load_address>0xc8f8</load_address>
         <run_address>0xc8f8</run_address>
         <size>0xd8</size>
         <input_file_ref idref="fl-2"/>
      </object_component>
      <object_component id="oc-4e0">
         <name>.text:free</name>
         <load_address>0xc9d0</load_address>
         <run_address>0xc9d0</run_address>
         <size>0xd2</size>
         <input_file_ref idref="fl-81"/>
      </object_component>
      <object_component id="oc-4ad">
         <name>.text:setvbuf</name>
         <load_address>0xcaa2</load_address>
         <run_address>0xcaa2</run_address>
         <size>0xca</size>
         <input_file_ref idref="fl-40"/>
      </object_component>
      <object_component id="oc-484">
         <name>.text:__TI_printfi_minimal:_pproc_diouxp___TI_printfi_minimal</name>
         <load_address>0xcb6c</load_address>
         <run_address>0xcb6c</run_address>
         <size>0xc4</size>
         <input_file_ref idref="fl-3c"/>
      </object_component>
      <object_component id="oc-410">
         <name>.text:fputc</name>
         <load_address>0xcc30</load_address>
         <run_address>0xcc30</run_address>
         <size>0x8c</size>
         <input_file_ref idref="fl-3d"/>
      </object_component>
      <object_component id="oc-38f">
         <name>.text:onewire_write_bit</name>
         <load_address>0xccbc</load_address>
         <run_address>0xccbc</run_address>
         <size>0x8a</size>
         <input_file_ref idref="fl-3"/>
      </object_component>
      <object_component id="oc-321">
         <name>.text:onewire_reset</name>
         <load_address>0xcd46</load_address>
         <run_address>0xcd46</run_address>
         <size>0x86</size>
         <input_file_ref idref="fl-3"/>
      </object_component>
      <object_component id="oc-557">
         <name>.text:HOSTlseek</name>
         <load_address>0xcdcc</load_address>
         <run_address>0xcdcc</run_address>
         <size>0x82</size>
         <input_file_ref idref="fl-97"/>
      </object_component>
      <object_component id="oc-45f">
         <name>.text:__TI_wrt_ok</name>
         <load_address>0xce4e</load_address>
         <run_address>0xce4e</run_address>
         <size>0x7a</size>
         <input_file_ref idref="fl-3f"/>
      </object_component>
      <object_component id="oc-39b">
         <name>.text:onewire_read_bit</name>
         <load_address>0xcec8</load_address>
         <run_address>0xcec8</run_address>
         <size>0x7a</size>
         <input_file_ref idref="fl-3"/>
      </object_component>
      <object_component id="oc-68">
         <name>.text:decompress:lzss:__TI_decompress_lzss</name>
         <load_address>0xcf42</load_address>
         <run_address>0xcf42</run_address>
         <size>0x6e</size>
         <input_file_ref idref="fl-6c"/>
      </object_component>
      <object_component id="oc-563">
         <name>.text:HOSTrename</name>
         <load_address>0xcfb0</load_address>
         <run_address>0xcfb0</run_address>
         <size>0x6a</size>
         <input_file_ref idref="fl-9a"/>
      </object_component>
      <object_component id="oc-4a7">
         <name>.text:fseeko</name>
         <load_address>0xd01a</load_address>
         <run_address>0xd01a</run_address>
         <size>0x6a</size>
         <input_file_ref idref="fl-8e"/>
      </object_component>
      <object_component id="oc-533">
         <name>.text:__TI_closefile</name>
         <load_address>0xd084</load_address>
         <run_address>0xd084</run_address>
         <size>0x68</size>
         <input_file_ref idref="fl-a0"/>
      </object_component>
      <object_component id="oc-57c">
         <name>.text:split</name>
         <load_address>0xd0ec</load_address>
         <run_address>0xd0ec</run_address>
         <size>0x68</size>
         <input_file_ref idref="fl-81"/>
      </object_component>
      <object_component id="oc-53f">
         <name>.text:HOSTopen</name>
         <load_address>0xd154</load_address>
         <run_address>0xd154</run_address>
         <size>0x64</size>
         <input_file_ref idref="fl-98"/>
      </object_component>
      <object_component id="oc-46b">
         <name>.text:__TI_doflush</name>
         <load_address>0xd1b8</load_address>
         <run_address>0xd1b8</run_address>
         <size>0x62</size>
         <input_file_ref idref="fl-8c"/>
      </object_component>
      <object_component id="oc-551">
         <name>.text:HOSTwrite</name>
         <load_address>0xd21a</load_address>
         <run_address>0xd21a</run_address>
         <size>0x60</size>
         <input_file_ref idref="fl-9c"/>
      </object_component>
      <object_component id="oc-54b">
         <name>.text:HOSTread</name>
         <load_address>0xd27a</load_address>
         <run_address>0xd27a</run_address>
         <size>0x5e</size>
         <input_file_ref idref="fl-99"/>
      </object_component>
      <object_component id="oc-5c2">
         <name>.text:getdevice</name>
         <load_address>0xd2d8</load_address>
         <run_address>0xd2d8</run_address>
         <size>0x54</size>
         <input_file_ref idref="fl-a1"/>
      </object_component>
      <object_component id="oc-371">
         <name>.text:__TI_auto_init_nobinit_nopinit_hold_wdt:__TI_auto_init_nobinit_nopinit_hold_wdt</name>
         <load_address>0xd32c</load_address>
         <run_address>0xd32c</run_address>
         <size>0x52</size>
         <input_file_ref idref="fl-62"/>
      </object_component>
      <object_component id="oc-583">
         <name>.text:close</name>
         <load_address>0xd37e</load_address>
         <run_address>0xd37e</run_address>
         <size>0x48</size>
         <input_file_ref idref="fl-a9"/>
      </object_component>
      <object_component id="oc-545">
         <name>.text:HOSTclose</name>
         <load_address>0xd3c6</load_address>
         <run_address>0xd3c6</run_address>
         <size>0x46</size>
         <input_file_ref idref="fl-96"/>
      </object_component>
      <object_component id="oc-353">
         <name>.text:exit</name>
         <load_address>0xd40c</load_address>
         <run_address>0xd40c</run_address>
         <size>0x44</size>
         <input_file_ref idref="fl-77"/>
      </object_component>
      <object_component id="oc-55d">
         <name>.text:HOSTunlink</name>
         <load_address>0xd450</load_address>
         <run_address>0xd450</run_address>
         <size>0x42</size>
         <input_file_ref idref="fl-9b"/>
      </object_component>
      <object_component id="oc-5aa">
         <name>.text:l_lsl_const</name>
         <load_address>0xd492</load_address>
         <run_address>0xd492</run_address>
         <size>0x3e</size>
         <input_file_ref idref="fl-91"/>
      </object_component>
      <object_component id="oc-33b">
         <name>.text:printf</name>
         <load_address>0xd4d0</load_address>
         <run_address>0xd4d0</run_address>
         <size>0x3c</size>
         <input_file_ref idref="fl-3b"/>
      </object_component>
      <object_component id="oc-4ec">
         <name>.text:__TI_cleanup</name>
         <load_address>0xd50c</load_address>
         <run_address>0xd50c</run_address>
         <size>0x32</size>
         <input_file_ref idref="fl-8d"/>
      </object_component>
      <object_component id="oc-597">
         <name>.text:__TI_writemsg</name>
         <load_address>0xd53e</load_address>
         <run_address>0xd53e</run_address>
         <size>0x2e</size>
         <input_file_ref idref="fl-9d"/>
      </object_component>
      <object_component id="oc-5f1">
         <name>.text:finddevice</name>
         <load_address>0xd56c</load_address>
         <run_address>0xd56c</run_address>
         <size>0x2e</size>
         <input_file_ref idref="fl-a1"/>
      </object_component>
      <object_component id="oc-59d">
         <name>.text:__TI_readmsg</name>
         <load_address>0xd59a</load_address>
         <run_address>0xd59a</run_address>
         <size>0x2c</size>
         <input_file_ref idref="fl-9d"/>
      </object_component>
      <object_component id="oc-5eb">
         <name>.text:strncpy</name>
         <load_address>0xd5c6</load_address>
         <run_address>0xd5c6</run_address>
         <size>0x2c</size>
         <input_file_ref idref="fl-a7"/>
      </object_component>
      <object_component id="oc-525">
         <name>.text:free_list_insert</name>
         <load_address>0xd5f2</load_address>
         <run_address>0xd5f2</run_address>
         <size>0x28</size>
         <input_file_ref idref="fl-81"/>
      </object_component>
      <object_component id="oc-58a">
         <name>.text:unlink</name>
         <load_address>0xd61a</load_address>
         <run_address>0xd61a</run_address>
         <size>0x28</size>
         <input_file_ref idref="fl-ab"/>
      </object_component>
      <object_component id="oc-334">
         <name>.text:onewire_read_byte</name>
         <load_address>0xd642</load_address>
         <run_address>0xd642</run_address>
         <size>0x26</size>
         <input_file_ref idref="fl-3"/>
      </object_component>
      <object_component id="oc-4d3">
         <name>.text:lseek</name>
         <load_address>0xd668</load_address>
         <run_address>0xd668</run_address>
         <size>0x24</size>
         <input_file_ref idref="fl-9f"/>
      </object_component>
      <object_component id="oc-48a">
         <name>.text:memccpy</name>
         <load_address>0xd68c</load_address>
         <run_address>0xd68c</run_address>
         <size>0x22</size>
         <input_file_ref idref="fl-7e"/>
      </object_component>
      <object_component id="oc-471">
         <name>.text:write</name>
         <load_address>0xd6ae</load_address>
         <run_address>0xd6ae</run_address>
         <size>0x22</size>
         <input_file_ref idref="fl-88"/>
      </object_component>
      <object_component id="oc-32d">
         <name>.text:onewire_line_high</name>
         <load_address>0xd6d0</load_address>
         <run_address>0xd6d0</run_address>
         <size>0x1e</size>
         <input_file_ref idref="fl-3"/>
      </object_component>
      <object_component id="oc-295">
         <name>.text:_c_int00_noargs</name>
         <load_address>0xd6ee</load_address>
         <run_address>0xd6ee</run_address>
         <size>0x1c</size>
         <input_file_ref idref="fl-61"/>
      </object_component>
      <object_component id="oc-51f">
         <name>.text:free_list_remove</name>
         <load_address>0xd70a</load_address>
         <run_address>0xd70a</run_address>
         <size>0x1c</size>
         <input_file_ref idref="fl-81"/>
      </object_component>
      <object_component id="oc-327">
         <name>.text:onewire_write_byte</name>
         <load_address>0xd726</load_address>
         <run_address>0xd726</run_address>
         <size>0x1c</size>
         <input_file_ref idref="fl-3"/>
      </object_component>
      <object_component id="oc-5e5">
         <name>.text:strchr</name>
         <load_address>0xd742</load_address>
         <run_address>0xd742</run_address>
         <size>0x1a</size>
         <input_file_ref idref="fl-83"/>
      </object_component>
      <object_component id="oc-60a">
         <name>.text:strcmp</name>
         <load_address>0xd75c</load_address>
         <run_address>0xd75c</run_address>
         <size>0x18</size>
         <input_file_ref idref="fl-a5"/>
      </object_component>
      <object_component id="oc-4c6">
         <name>.text</name>
         <load_address>0xd774</load_address>
         <run_address>0xd774</run_address>
         <size>0x16</size>
         <input_file_ref idref="fl-43"/>
      </object_component>
      <object_component id="oc-283">
         <name>.text:decompress:ZI:__TI_zero_init_nomemset:__TI_zero_init_nomemset</name>
         <load_address>0xd78a</load_address>
         <run_address>0xd78a</run_address>
         <size>0x14</size>
         <input_file_ref idref="fl-63"/>
      </object_component>
      <object_component id="oc-465">
         <name>.text:memchr</name>
         <load_address>0xd79e</load_address>
         <run_address>0xd79e</run_address>
         <size>0x14</size>
         <input_file_ref idref="fl-7f"/>
      </object_component>
      <object_component id="oc-47d">
         <name>.text:memset</name>
         <load_address>0xd7b2</load_address>
         <run_address>0xd7b2</run_address>
         <size>0x14</size>
         <input_file_ref idref="fl-82"/>
      </object_component>
      <object_component id="oc-44e">
         <name>.text</name>
         <load_address>0xd7c6</load_address>
         <run_address>0xd7c6</run_address>
         <size>0x14</size>
         <input_file_ref idref="fl-5b"/>
      </object_component>
      <object_component id="oc-6e">
         <name>.text:decompress:none:__TI_decompress_none</name>
         <load_address>0xd7da</load_address>
         <run_address>0xd7da</run_address>
         <size>0x12</size>
         <input_file_ref idref="fl-6b"/>
      </object_component>
      <object_component id="oc-271">
         <name>.text:memcpy</name>
         <load_address>0xd7ec</load_address>
         <run_address>0xd7ec</run_address>
         <size>0x12</size>
         <input_file_ref idref="fl-80"/>
      </object_component>
      <object_component id="oc-5b3">
         <name>.text:strcpy</name>
         <load_address>0xd7fe</load_address>
         <run_address>0xd7fe</run_address>
         <size>0x10</size>
         <input_file_ref idref="fl-a6"/>
      </object_component>
      <object_component id="oc-417">
         <name>.text:strlen</name>
         <load_address>0xd80e</load_address>
         <run_address>0xd80e</run_address>
         <size>0xe</size>
         <input_file_ref idref="fl-84"/>
      </object_component>
      <object_component id="oc-27e">
         <name>.text:_isr:__TI_ISR_TRAP</name>
         <load_address>0xd81c</load_address>
         <run_address>0xd81c</run_address>
         <size>0x8</size>
         <input_file_ref idref="fl-58"/>
      </object_component>
      <object_component id="oc-4e6">
         <name>.text:malloc</name>
         <load_address>0xd824</load_address>
         <run_address>0xd824</run_address>
         <size>0x8</size>
         <input_file_ref idref="fl-81"/>
      </object_component>
      <object_component id="oc-31b">
         <name>.text:PMM_unlockLPM5</name>
         <load_address>0xd82c</load_address>
         <run_address>0xd82c</run_address>
         <size>0x6</size>
         <input_file_ref idref="fl-11"/>
      </object_component>
      <object_component id="oc-3ae">
         <name>.text:_outc</name>
         <load_address>0xd832</load_address>
         <run_address>0xd832</run_address>
         <size>0x6</size>
         <input_file_ref idref="fl-3b"/>
      </object_component>
      <object_component id="oc-34d">
         <name>.text:abort</name>
         <load_address>0xd838</load_address>
         <run_address>0xd838</run_address>
         <size>0x6</size>
         <input_file_ref idref="fl-77"/>
      </object_component>
      <object_component id="oc-3a8">
         <name>.text:_outs</name>
         <load_address>0xd83e</load_address>
         <run_address>0xd83e</run_address>
         <size>0x4</size>
         <input_file_ref idref="fl-3b"/>
      </object_component>
      <object_component id="oc-2e1">
         <name>.text:_system_pre_init</name>
         <load_address>0xd842</load_address>
         <run_address>0xd842</run_address>
         <size>0x4</size>
         <input_file_ref idref="fl-69"/>
      </object_component>
      <object_component id="oc-3fc">
         <name>.text:_nop</name>
         <load_address>0xd846</load_address>
         <run_address>0xd846</run_address>
         <size>0x2</size>
         <input_file_ref idref="fl-78"/>
      </object_component>
      <object_component id="oc-3d2">
         <name>.text:_system_post_cinit</name>
         <load_address>0xd848</load_address>
         <run_address>0xd848</run_address>
         <size>0x2</size>
         <input_file_ref idref="fl-6a"/>
      </object_component>
      <object_component id="oc-574">
         <name>.bss</name>
         <uninitialized>true</uninitialized>
         <run_address>0x22c4</run_address>
         <size>0x2</size>
         <input_file_ref idref="fl-81"/>
      </object_component>
      <object_component id="oc-589">
         <name>.common:__TI_tmpnams</name>
         <uninitialized>true</uninitialized>
         <run_address>0x221c</run_address>
         <size>0xa0</size>
      </object_component>
      <object_component id="oc-594">
         <name>.common:parmbuf</name>
         <uninitialized>true</uninitialized>
         <run_address>0x22bc</run_address>
         <size>0x8</size>
      </object_component>
      <object_component id="oc-3cd">
         <name>.data:__TI_cleanup_ptr</name>
         <load_address>0x220e</load_address>
         <run_address>0x220e</run_address>
         <size>0x2</size>
         <input_file_ref idref="fl-64"/>
      </object_component>
      <object_component id="oc-3ca">
         <name>.data:__TI_dtors_ptr</name>
         <load_address>0x2210</load_address>
         <run_address>0x2210</run_address>
         <size>0x2</size>
         <input_file_ref idref="fl-64"/>
      </object_component>
      <object_component id="oc-3c7">
         <name>.data</name>
         <load_address>0x2218</load_address>
         <run_address>0x2218</run_address>
         <size>0x2</size>
         <input_file_ref idref="fl-77"/>
      </object_component>
      <object_component id="oc-3a2">
         <name>.data:_lock</name>
         <load_address>0x2212</load_address>
         <run_address>0x2212</run_address>
         <size>0x2</size>
         <input_file_ref idref="fl-78"/>
      </object_component>
      <object_component id="oc-3ba">
         <name>.data:_unlock</name>
         <load_address>0x2214</load_address>
         <run_address>0x2214</run_address>
         <size>0x2</size>
         <input_file_ref idref="fl-78"/>
      </object_component>
      <object_component id="oc-3a5">
         <name>.data:_ftable</name>
         <load_address>0x2120</load_address>
         <run_address>0x2120</run_address>
         <size>0x78</size>
         <input_file_ref idref="fl-7d"/>
      </object_component>
      <object_component id="oc-539">
         <name>.data</name>
         <load_address>0x2216</load_address>
         <run_address>0x2216</run_address>
         <size>0x2</size>
         <input_file_ref idref="fl-7d"/>
      </object_component>
      <object_component id="oc-579">
         <name>.data</name>
         <load_address>0x221a</load_address>
         <run_address>0x221a</run_address>
         <size>0x2</size>
         <input_file_ref idref="fl-81"/>
      </object_component>
      <object_component id="oc-4ff">
         <name>.data:_device</name>
         <load_address>0x2198</load_address>
         <run_address>0x2198</run_address>
         <size>0x4e</size>
         <input_file_ref idref="fl-89"/>
      </object_component>
      <object_component id="oc-4b9">
         <name>.data:_stream</name>
         <load_address>0x21e6</load_address>
         <run_address>0x21e6</run_address>
         <size>0x28</size>
         <input_file_ref idref="fl-89"/>
      </object_component>
      <object_component id="oc-5ce">
         <name>.cio</name>
         <uninitialized>true</uninitialized>
         <run_address>0x2000</run_address>
         <size>0x120</size>
         <input_file_ref idref="fl-9d"/>
      </object_component>
      <object_component id="oc-263">
         <name>.sysmem</name>
         <uninitialized>true</uninitialized>
         <run_address>0x22c8</run_address>
         <size>0x8</size>
         <input_file_ref idref="fl-81"/>
      </object_component>
      <object_component id="oc-68d">
         <name>.sysmem</name>
         <uninitialized>true</uninitialized>
         <run_address>0x22c8</run_address>
         <size>0x0</size>
      </object_component>
      <object_component id="oc-25f">
         <name>.stack</name>
         <uninitialized>true</uninitialized>
         <run_address>0x2f60</run_address>
         <size>0x2</size>
         <input_file_ref idref="fl-61"/>
      </object_component>
      <object_component id="oc-68c">
         <name>.stack</name>
         <uninitialized>true</uninitialized>
         <run_address>0x2f60</run_address>
         <size>0x0</size>
      </object_component>
      <object_component id="oc-74">
         <name>.int41</name>
         <load_address>0xffda</load_address>
         <run_address>0xffda</run_address>
         <size>0x2</size>
         <input_file_ref idref="fl-46"/>
      </object_component>
      <object_component id="oc-75">
         <name>.int42</name>
         <load_address>0xffdc</load_address>
         <run_address>0xffdc</run_address>
         <size>0x2</size>
         <input_file_ref idref="fl-47"/>
      </object_component>
      <object_component id="oc-76">
         <name>.int43</name>
         <load_address>0xffde</load_address>
         <run_address>0xffde</run_address>
         <size>0x2</size>
         <input_file_ref idref="fl-48"/>
      </object_component>
      <object_component id="oc-77">
         <name>.int44</name>
         <load_address>0xffe0</load_address>
         <run_address>0xffe0</run_address>
         <size>0x2</size>
         <input_file_ref idref="fl-49"/>
      </object_component>
      <object_component id="oc-78">
         <name>.int45</name>
         <load_address>0xffe2</load_address>
         <run_address>0xffe2</run_address>
         <size>0x2</size>
         <input_file_ref idref="fl-4a"/>
      </object_component>
      <object_component id="oc-79">
         <name>.int46</name>
         <load_address>0xffe4</load_address>
         <run_address>0xffe4</run_address>
         <size>0x2</size>
         <input_file_ref idref="fl-4b"/>
      </object_component>
      <object_component id="oc-7a">
         <name>.int47</name>
         <load_address>0xffe6</load_address>
         <run_address>0xffe6</run_address>
         <size>0x2</size>
         <input_file_ref idref="fl-4c"/>
      </object_component>
      <object_component id="oc-7b">
         <name>.int48</name>
         <load_address>0xffe8</load_address>
         <run_address>0xffe8</run_address>
         <size>0x2</size>
         <input_file_ref idref="fl-4d"/>
      </object_component>
      <object_component id="oc-7c">
         <name>.int49</name>
         <load_address>0xffea</load_address>
         <run_address>0xffea</run_address>
         <size>0x2</size>
         <input_file_ref idref="fl-4e"/>
      </object_component>
      <object_component id="oc-7d">
         <name>.int50</name>
         <load_address>0xffec</load_address>
         <run_address>0xffec</run_address>
         <size>0x2</size>
         <input_file_ref idref="fl-4f"/>
      </object_component>
      <object_component id="oc-7e">
         <name>.int51</name>
         <load_address>0xffee</load_address>
         <run_address>0xffee</run_address>
         <size>0x2</size>
         <input_file_ref idref="fl-50"/>
      </object_component>
      <object_component id="oc-7f">
         <name>.int52</name>
         <load_address>0xfff0</load_address>
         <run_address>0xfff0</run_address>
         <size>0x2</size>
         <input_file_ref idref="fl-51"/>
      </object_component>
      <object_component id="oc-80">
         <name>.int53</name>
         <load_address>0xfff2</load_address>
         <run_address>0xfff2</run_address>
         <size>0x2</size>
         <input_file_ref idref="fl-52"/>
      </object_component>
      <object_component id="oc-81">
         <name>.int54</name>
         <load_address>0xfff4</load_address>
         <run_address>0xfff4</run_address>
         <size>0x2</size>
         <input_file_ref idref="fl-53"/>
      </object_component>
      <object_component id="oc-82">
         <name>.int55</name>
         <load_address>0xfff6</load_address>
         <run_address>0xfff6</run_address>
         <size>0x2</size>
         <input_file_ref idref="fl-54"/>
      </object_component>
      <object_component id="oc-83">
         <name>.int56</name>
         <load_address>0xfff8</load_address>
         <run_address>0xfff8</run_address>
         <size>0x2</size>
         <input_file_ref idref="fl-55"/>
      </object_component>
      <object_component id="oc-84">
         <name>.int57</name>
         <load_address>0xfffa</load_address>
         <run_address>0xfffa</run_address>
         <size>0x2</size>
         <input_file_ref idref="fl-56"/>
      </object_component>
      <object_component id="oc-85">
         <name>.int58</name>
         <load_address>0xfffc</load_address>
         <run_address>0xfffc</run_address>
         <size>0x2</size>
         <input_file_ref idref="fl-57"/>
      </object_component>
      <object_component id="oc-262">
         <name>.reset</name>
         <load_address>0xfffe</load_address>
         <run_address>0xfffe</run_address>
         <size>0x2</size>
         <input_file_ref idref="fl-61"/>
      </object_component>
      <object_component id="oc-34c">
         <name>.debug_info</name>
         <load_address>0x0</load_address>
         <run_address>0x0</run_address>
         <size>0x352</size>
         <input_file_ref idref="fl-2"/>
      </object_component>
      <object_component id="oc-2e8">
         <name>.debug_info</name>
         <load_address>0x352</load_address>
         <run_address>0x352</run_address>
         <size>0x231</size>
         <input_file_ref idref="fl-2"/>
      </object_component>
      <object_component id="oc-347">
         <name>.debug_info</name>
         <load_address>0x583</load_address>
         <run_address>0x583</run_address>
         <size>0x9a</size>
         <input_file_ref idref="fl-2"/>
      </object_component>
      <object_component id="oc-3c1">
         <name>.debug_info</name>
         <load_address>0x61d</load_address>
         <run_address>0x61d</run_address>
         <size>0x26b</size>
         <input_file_ref idref="fl-2"/>
      </object_component>
      <object_component id="oc-342">
         <name>.debug_info</name>
         <load_address>0x888</load_address>
         <run_address>0x888</run_address>
         <size>0x8b</size>
         <input_file_ref idref="fl-2"/>
      </object_component>
      <object_component id="oc-3f6">
         <name>.debug_info</name>
         <load_address>0x913</load_address>
         <run_address>0x913</run_address>
         <size>0x282</size>
         <input_file_ref idref="fl-2"/>
      </object_component>
      <object_component id="oc-396">
         <name>.debug_info</name>
         <load_address>0xb95</load_address>
         <run_address>0xb95</run_address>
         <size>0xbb</size>
         <input_file_ref idref="fl-2"/>
      </object_component>
      <object_component id="oc-425">
         <name>.debug_info</name>
         <load_address>0xc50</load_address>
         <run_address>0xc50</run_address>
         <size>0x2c</size>
         <input_file_ref idref="fl-2"/>
      </object_component>
      <object_component id="oc-38e">
         <name>.debug_info</name>
         <load_address>0xc7c</load_address>
         <run_address>0xc7c</run_address>
         <size>0x185</size>
         <input_file_ref idref="fl-3"/>
      </object_component>
      <object_component id="oc-390">
         <name>.debug_info</name>
         <load_address>0xe01</load_address>
         <run_address>0xe01</run_address>
         <size>0x180</size>
         <input_file_ref idref="fl-3"/>
      </object_component>
      <object_component id="oc-328">
         <name>.debug_info</name>
         <load_address>0xf81</load_address>
         <run_address>0xf81</run_address>
         <size>0x18f</size>
         <input_file_ref idref="fl-3"/>
      </object_component>
      <object_component id="oc-322">
         <name>.debug_info</name>
         <load_address>0x1110</load_address>
         <run_address>0x1110</run_address>
         <size>0x16b</size>
         <input_file_ref idref="fl-3"/>
      </object_component>
      <object_component id="oc-39c">
         <name>.debug_info</name>
         <load_address>0x127b</load_address>
         <run_address>0x127b</run_address>
         <size>0x180</size>
         <input_file_ref idref="fl-3"/>
      </object_component>
      <object_component id="oc-335">
         <name>.debug_info</name>
         <load_address>0x13fb</load_address>
         <run_address>0x13fb</run_address>
         <size>0x18c</size>
         <input_file_ref idref="fl-3"/>
      </object_component>
      <object_component id="oc-32e">
         <name>.debug_info</name>
         <load_address>0x1587</load_address>
         <run_address>0x1587</run_address>
         <size>0x155</size>
         <input_file_ref idref="fl-3"/>
      </object_component>
      <object_component id="oc-26c">
         <name>.debug_info</name>
         <load_address>0x16dc</load_address>
         <run_address>0x16dc</run_address>
         <size>0x84</size>
         <input_file_ref idref="fl-3"/>
      </object_component>
      <object_component id="oc-31c">
         <name>.debug_info</name>
         <load_address>0x1760</load_address>
         <run_address>0x1760</run_address>
         <size>0x195</size>
         <input_file_ref idref="fl-11"/>
      </object_component>
      <object_component id="oc-3be">
         <name>.debug_info</name>
         <load_address>0x18f5</load_address>
         <run_address>0x18f5</run_address>
         <size>0x2a3</size>
         <input_file_ref idref="fl-3b"/>
      </object_component>
      <object_component id="oc-3af">
         <name>.debug_info</name>
         <load_address>0x1b98</load_address>
         <run_address>0x1b98</run_address>
         <size>0x148</size>
         <input_file_ref idref="fl-3b"/>
      </object_component>
      <object_component id="oc-3a9">
         <name>.debug_info</name>
         <load_address>0x1ce0</load_address>
         <run_address>0x1ce0</run_address>
         <size>0x14c</size>
         <input_file_ref idref="fl-3b"/>
      </object_component>
      <object_component id="oc-33c">
         <name>.debug_info</name>
         <load_address>0x1e2c</load_address>
         <run_address>0x1e2c</run_address>
         <size>0x16a</size>
         <input_file_ref idref="fl-3b"/>
      </object_component>
      <object_component id="oc-433">
         <name>.debug_info</name>
         <load_address>0x1f96</load_address>
         <run_address>0x1f96</run_address>
         <size>0xb2</size>
         <input_file_ref idref="fl-3b"/>
      </object_component>
      <object_component id="oc-424">
         <name>.debug_info</name>
         <load_address>0x2048</load_address>
         <run_address>0x2048</run_address>
         <size>0x41a</size>
         <input_file_ref idref="fl-3c"/>
      </object_component>
      <object_component id="oc-485">
         <name>.debug_info</name>
         <load_address>0x2462</load_address>
         <run_address>0x2462</run_address>
         <size>0x2b9</size>
         <input_file_ref idref="fl-3c"/>
      </object_component>
      <object_component id="oc-41e">
         <name>.debug_info</name>
         <load_address>0x271b</load_address>
         <run_address>0x271b</run_address>
         <size>0x2c2</size>
         <input_file_ref idref="fl-3c"/>
      </object_component>
      <object_component id="oc-3b5">
         <name>.debug_info</name>
         <load_address>0x29dd</load_address>
         <run_address>0x29dd</run_address>
         <size>0x323</size>
         <input_file_ref idref="fl-3c"/>
      </object_component>
      <object_component id="oc-42a">
         <name>.debug_info</name>
         <load_address>0x2d00</load_address>
         <run_address>0x2d00</run_address>
         <size>0x86</size>
         <input_file_ref idref="fl-3c"/>
      </object_component>
      <object_component id="oc-4cc">
         <name>.debug_info</name>
         <load_address>0x2d86</load_address>
         <run_address>0x2d86</run_address>
         <size>0xa1</size>
         <input_file_ref idref="fl-3c"/>
      </object_component>
      <object_component id="oc-498">
         <name>.debug_info</name>
         <load_address>0x2e27</load_address>
         <run_address>0x2e27</run_address>
         <size>0x39</size>
         <input_file_ref idref="fl-3c"/>
      </object_component>
      <object_component id="oc-56d">
         <name>.debug_info</name>
         <load_address>0x2e60</load_address>
         <run_address>0x2e60</run_address>
         <size>0x7a</size>
         <input_file_ref idref="fl-3c"/>
      </object_component>
      <object_component id="oc-514">
         <name>.debug_info</name>
         <load_address>0x2eda</load_address>
         <run_address>0x2eda</run_address>
         <size>0x46</size>
         <input_file_ref idref="fl-3c"/>
      </object_component>
      <object_component id="oc-493">
         <name>.debug_info</name>
         <load_address>0x2f20</load_address>
         <run_address>0x2f20</run_address>
         <size>0x2c</size>
         <input_file_ref idref="fl-3c"/>
      </object_component>
      <object_component id="oc-47a">
         <name>.debug_info</name>
         <load_address>0x2f4c</load_address>
         <run_address>0x2f4c</run_address>
         <size>0x241</size>
         <input_file_ref idref="fl-3d"/>
      </object_component>
      <object_component id="oc-411">
         <name>.debug_info</name>
         <load_address>0x318d</load_address>
         <run_address>0x318d</run_address>
         <size>0x1b6</size>
         <input_file_ref idref="fl-3d"/>
      </object_component>
      <object_component id="oc-478">
         <name>.debug_info</name>
         <load_address>0x3343</load_address>
         <run_address>0x3343</run_address>
         <size>0x2ba</size>
         <input_file_ref idref="fl-3e"/>
      </object_component>
      <object_component id="oc-40a">
         <name>.debug_info</name>
         <load_address>0x35fd</load_address>
         <run_address>0x35fd</run_address>
         <size>0x2ad</size>
         <input_file_ref idref="fl-3e"/>
      </object_component>
      <object_component id="oc-2cc">
         <name>.debug_info</name>
         <load_address>0x38aa</load_address>
         <run_address>0x38aa</run_address>
         <size>0x2c</size>
         <input_file_ref idref="fl-3e"/>
      </object_component>
      <object_component id="oc-4b4">
         <name>.debug_info</name>
         <load_address>0x38d6</load_address>
         <run_address>0x38d6</run_address>
         <size>0x1be</size>
         <input_file_ref idref="fl-3f"/>
      </object_component>
      <object_component id="oc-460">
         <name>.debug_info</name>
         <load_address>0x3a94</load_address>
         <run_address>0x3a94</run_address>
         <size>0x17c</size>
         <input_file_ref idref="fl-3f"/>
      </object_component>
      <object_component id="oc-4f4">
         <name>.debug_info</name>
         <load_address>0x3c10</load_address>
         <run_address>0x3c10</run_address>
         <size>0xbf</size>
         <input_file_ref idref="fl-3f"/>
      </object_component>
      <object_component id="oc-4f3">
         <name>.debug_info</name>
         <load_address>0x3ccf</load_address>
         <run_address>0x3ccf</run_address>
         <size>0x232</size>
         <input_file_ref idref="fl-40"/>
      </object_component>
      <object_component id="oc-4ae">
         <name>.debug_info</name>
         <load_address>0x3f01</load_address>
         <run_address>0x3f01</run_address>
         <size>0x1e4</size>
         <input_file_ref idref="fl-40"/>
      </object_component>
      <object_component id="oc-4c7">
         <name>.debug_info</name>
         <load_address>0x40e5</load_address>
         <run_address>0x40e5</run_address>
         <size>0x107</size>
         <input_file_ref idref="fl-43"/>
      </object_component>
      <object_component id="oc-27f">
         <name>.debug_info</name>
         <load_address>0x41ec</load_address>
         <run_address>0x41ec</run_address>
         <size>0xf5</size>
         <input_file_ref idref="fl-58"/>
      </object_component>
      <object_component id="oc-44f">
         <name>.debug_info</name>
         <load_address>0x42e1</load_address>
         <run_address>0x42e1</run_address>
         <size>0x10b</size>
         <input_file_ref idref="fl-5b"/>
      </object_component>
      <object_component id="oc-260">
         <name>.debug_info</name>
         <load_address>0x43ec</load_address>
         <run_address>0x43ec</run_address>
         <size>0xe6</size>
         <input_file_ref idref="fl-61"/>
      </object_component>
      <object_component id="oc-296">
         <name>.debug_info</name>
         <load_address>0x44d2</load_address>
         <run_address>0x44d2</run_address>
         <size>0x160</size>
         <input_file_ref idref="fl-61"/>
      </object_component>
      <object_component id="oc-3d9">
         <name>.debug_info</name>
         <load_address>0x4632</load_address>
         <run_address>0x4632</run_address>
         <size>0x3c4</size>
         <input_file_ref idref="fl-62"/>
      </object_component>
      <object_component id="oc-372">
         <name>.debug_info</name>
         <load_address>0x49f6</load_address>
         <run_address>0x49f6</run_address>
         <size>0x1f7</size>
         <input_file_ref idref="fl-62"/>
      </object_component>
      <object_component id="oc-444">
         <name>.debug_info</name>
         <load_address>0x4bed</load_address>
         <run_address>0x4bed</run_address>
         <size>0x39</size>
         <input_file_ref idref="fl-62"/>
      </object_component>
      <object_component id="oc-455">
         <name>.debug_info</name>
         <load_address>0x4c26</load_address>
         <run_address>0x4c26</run_address>
         <size>0x2c</size>
         <input_file_ref idref="fl-62"/>
      </object_component>
      <object_component id="oc-3e4">
         <name>.debug_info</name>
         <load_address>0x4c52</load_address>
         <run_address>0x4c52</run_address>
         <size>0x2c</size>
         <input_file_ref idref="fl-62"/>
      </object_component>
      <object_component id="oc-449">
         <name>.debug_info</name>
         <load_address>0x4c7e</load_address>
         <run_address>0x4c7e</run_address>
         <size>0xcd</size>
         <input_file_ref idref="fl-62"/>
      </object_component>
      <object_component id="oc-2df">
         <name>.debug_info</name>
         <load_address>0x4d4b</load_address>
         <run_address>0x4d4b</run_address>
         <size>0x15b</size>
         <input_file_ref idref="fl-63"/>
      </object_component>
      <object_component id="oc-284">
         <name>.debug_info</name>
         <load_address>0x4ea6</load_address>
         <run_address>0x4ea6</run_address>
         <size>0x1b8</size>
         <input_file_ref idref="fl-63"/>
      </object_component>
      <object_component id="oc-2da">
         <name>.debug_info</name>
         <load_address>0x505e</load_address>
         <run_address>0x505e</run_address>
         <size>0x46</size>
         <input_file_ref idref="fl-63"/>
      </object_component>
      <object_component id="oc-43c">
         <name>.debug_info</name>
         <load_address>0x50a4</load_address>
         <run_address>0x50a4</run_address>
         <size>0xe9</size>
         <input_file_ref idref="fl-64"/>
      </object_component>
      <object_component id="oc-3ce">
         <name>.debug_info</name>
         <load_address>0x518d</load_address>
         <run_address>0x518d</run_address>
         <size>0x100</size>
         <input_file_ref idref="fl-64"/>
      </object_component>
      <object_component id="oc-3cb">
         <name>.debug_info</name>
         <load_address>0x528d</load_address>
         <run_address>0x528d</run_address>
         <size>0xfc</size>
         <input_file_ref idref="fl-64"/>
      </object_component>
      <object_component id="oc-2e2">
         <name>.debug_info</name>
         <load_address>0x5389</load_address>
         <run_address>0x5389</run_address>
         <size>0x139</size>
         <input_file_ref idref="fl-69"/>
      </object_component>
      <object_component id="oc-3d3">
         <name>.debug_info</name>
         <load_address>0x54c2</load_address>
         <run_address>0x54c2</run_address>
         <size>0x136</size>
         <input_file_ref idref="fl-6a"/>
      </object_component>
      <object_component id="oc-27d">
         <name>.debug_info</name>
         <load_address>0x55f8</load_address>
         <run_address>0x55f8</run_address>
         <size>0x166</size>
         <input_file_ref idref="fl-6b"/>
      </object_component>
      <object_component id="oc-6f">
         <name>.debug_info</name>
         <load_address>0x575e</load_address>
         <run_address>0x575e</run_address>
         <size>0x1d0</size>
         <input_file_ref idref="fl-6b"/>
      </object_component>
      <object_component id="oc-278">
         <name>.debug_info</name>
         <load_address>0x592e</load_address>
         <run_address>0x592e</run_address>
         <size>0x46</size>
         <input_file_ref idref="fl-6b"/>
      </object_component>
      <object_component id="oc-2d1">
         <name>.debug_info</name>
         <load_address>0x5974</load_address>
         <run_address>0x5974</run_address>
         <size>0x2c</size>
         <input_file_ref idref="fl-6b"/>
      </object_component>
      <object_component id="oc-2c9">
         <name>.debug_info</name>
         <load_address>0x59a0</load_address>
         <run_address>0x59a0</run_address>
         <size>0x15c</size>
         <input_file_ref idref="fl-6c"/>
      </object_component>
      <object_component id="oc-69">
         <name>.debug_info</name>
         <load_address>0x5afc</load_address>
         <run_address>0x5afc</run_address>
         <size>0x236</size>
         <input_file_ref idref="fl-6c"/>
      </object_component>
      <object_component id="oc-267">
         <name>.debug_info</name>
         <load_address>0x5d32</load_address>
         <run_address>0x5d32</run_address>
         <size>0x60</size>
         <input_file_ref idref="fl-6c"/>
      </object_component>
      <object_component id="oc-30f">
         <name>.debug_info</name>
         <load_address>0x5d92</load_address>
         <run_address>0x5d92</run_address>
         <size>0x46</size>
         <input_file_ref idref="fl-6c"/>
      </object_component>
      <object_component id="oc-2c4">
[...]
         <value>0x561</value>
      </symbol>
      <symbol id="sm-1ce">
         <name>UCB0IE</name>
         <value>0x56a</value>
      </symbol>
      <symbol id="sm-1cf">
         <name>UCB0IE_L</name>
         <value>0x56a</value>
      </symbol>
      <symbol id="sm-1d0">
         <name>UCB0IE_H</name>
         <value>0x56b</value>
      </symbol>
      <symbol id="sm-1d1">
         <name>UCB0IFG</name>
         <value>0x56c</value>
      </symbol>
      <symbol id="sm-1d2">
         <name>UCB0IFG_L</name>
         <value>0x56c</value>
      </symbol>
      <symbol id="sm-1d3">
         <name>UCB0IFG_H</name>
         <value>0x56d</value>
      </symbol>
      <symbol id="sm-1d4">
         <name>UCB0IV</name>
         <value>0x56e</value>
      </symbol>
      <symbol id="sm-1d5">
         <name>WDTCTL</name>
         <value>0x1cc</value>
      </symbol>
      <symbol id="sm-1d6">
         <name>WDTCTL_L</name>
         <value>0x1cc</value>
      </symbol>
      <symbol id="sm-1d7">
         <name>WDTCTL_H</name>
         <value>0x1cd</value>
      </symbol>
      <symbol id="sm-1d8">
         <name>__TI_CINIT_Base</name>
         <value>0xc50a</value>
      </symbol>
      <symbol id="sm-1d9">
         <name>__TI_CINIT_Limit</name>
         <value>0xc512</value>
      </symbol>
      <symbol id="sm-1da">
         <name>__TI_CINIT_Warm</name>
         <value>0xc512</value>
      </symbol>
      <symbol id="sm-1db">
         <name>__TI_Handler_Table_Base</name>
         <value>0xc500</value>
      </symbol>
      <symbol id="sm-1dc">
         <name>__TI_Handler_Table_Limit</name>
         <value>0xc506</value>
      </symbol>
      <symbol id="sm-1dd">
         <name>__STACK_SIZE</name>
         <value>0xa0</value>
      </symbol>
      <symbol id="sm-1de">
         <name>__STACK_END</name>
         <value>0x3000</value>
      </symbol>
      <symbol id="sm-1df">
         <name>__SYSMEM_SIZE</name>
         <value>0xa0</value>
      </symbol>
      <symbol id="sm-1e0">
         <name>__c_args__</name>
         <value>0xffffffff</value>
      </symbol>
      <symbol id="sm-1e1">
         <name>__TI_pprof_out_hndl</name>
         <value>0xffffffff</value>
      </symbol>
      <symbol id="sm-1e2">
         <name>__TI_prof_data_start</name>
         <value>0xffffffff</value>
      </symbol>
      <symbol id="sm-1e3">
         <name>__TI_prof_data_size</name>
         <value>0xffffffff</value>
      </symbol>
      <symbol id="sm-269">
         <name>main</name>
         <value>0xc8f8</value>
         <object_component_ref idref="oc-2e7"/>
      </symbol>
      <symbol id="sm-2b5">
         <name>onewire_reset</name>
         <value>0xcd46</value>
         <object_component_ref idref="oc-321"/>
      </symbol>
      <symbol id="sm-2b6">
         <name>onewire_read_byte</name>
         <value>0xd642</value>
         <object_component_ref idref="oc-334"/>
      </symbol>
      <symbol id="sm-2b7">
         <name>onewire_read_bit</name>
         <value>0xcec8</value>
         <object_component_ref idref="oc-39b"/>
      </symbol>
      <symbol id="sm-2b8">
         <name>onewire_write_bit</name>
         <value>0xccbc</value>
         <object_component_ref idref="oc-38f"/>
      </symbol>
      <symbol id="sm-2b9">
         <name>onewire_line_high</name>
         <value>0xd6d0</value>
         <object_component_ref idref="oc-32d"/>
      </symbol>
      <symbol id="sm-2ba">
         <name>onewire_write_byte</name>
         <value>0xd726</value>
         <object_component_ref idref="oc-327"/>
      </symbol>
      <symbol id="sm-2d0">
         <name>PMM_unlockLPM5</name>
         <value>0xd82c</value>
         <object_component_ref idref="oc-31b"/>
      </symbol>
      <symbol id="sm-2fc">
         <name>printf</name>
         <value>0xd4d0</value>
         <object_component_ref idref="oc-33b"/>
      </symbol>
      <symbol id="sm-35a">
         <name>__TI_printfi_minimal</name>
         <value>0xc73a</value>
         <object_component_ref idref="oc-3b4"/>
      </symbol>
      <symbol id="sm-36d">
         <name>putc</name>
         <value>0xcc30</value>
         <object_component_ref idref="oc-410"/>
      </symbol>
      <symbol id="sm-36e">
         <name>fputc</name>
         <value>0xcc30</value>
         <object_component_ref idref="oc-410"/>
      </symbol>
      <symbol id="sm-38b">
         <name>fputs</name>
         <value>0xc81a</value>
         <object_component_ref idref="oc-409"/>
      </symbol>
      <symbol id="sm-3a3">
         <name>__TI_wrt_ok</name>
         <value>0xce4e</value>
         <object_component_ref idref="oc-45f"/>
      </symbol>
      <symbol id="sm-3bb">
         <name>setvbuf</name>
         <value>0xcaa2</value>
         <object_component_ref idref="oc-4ad"/>
      </symbol>
      <symbol id="sm-3c7">
         <name>__mspabi_remu</name>
         <value>0xd774</value>
         <object_component_ref idref="oc-4c6"/>
      </symbol>
      <symbol id="sm-3c8">
         <name>__mspabi_divu</name>
         <value>0xd774</value>
         <object_component_ref idref="oc-4c6"/>
      </symbol>
      <symbol id="sm-3cd">
         <name>__TI_int41</name>
         <value>0xffda</value>
         <object_component_ref idref="oc-74"/>
      </symbol>
      <symbol id="sm-3d0">
         <name>__TI_int42</name>
         <value>0xffdc</value>
         <object_component_ref idref="oc-75"/>
      </symbol>
      <symbol id="sm-3d3">
         <name>__TI_int43</name>
         <value>0xffde</value>
         <object_component_ref idref="oc-76"/>
      </symbol>
      <symbol id="sm-3d6">
         <name>__TI_int44</name>
         <value>0xffe0</value>
         <object_component_ref idref="oc-77"/>
      </symbol>
      <symbol id="sm-3d9">
         <name>__TI_int45</name>
         <value>0xffe2</value>
         <object_component_ref idref="oc-78"/>
      </symbol>
      <symbol id="sm-3dc">
         <name>__TI_int46</name>
         <value>0xffe4</value>
         <object_component_ref idref="oc-79"/>
      </symbol>
      <symbol id="sm-3df">
         <name>__TI_int47</name>
         <value>0xffe6</value>
         <object_component_ref idref="oc-7a"/>
      </symbol>
      <symbol id="sm-3e2">
         <name>__TI_int48</name>
         <value>0xffe8</value>
         <object_component_ref idref="oc-7b"/>
      </symbol>
      <symbol id="sm-3e5">
         <name>__TI_int49</name>
         <value>0xffea</value>
         <object_component_ref idref="oc-7c"/>
      </symbol>
      <symbol id="sm-3e8">
         <name>__TI_int50</name>
         <value>0xffec</value>
         <object_component_ref idref="oc-7d"/>
      </symbol>
      <symbol id="sm-3eb">
         <name>__TI_int51</name>
         <value>0xffee</value>
         <object_component_ref idref="oc-7e"/>
      </symbol>
      <symbol id="sm-3ee">
         <name>__TI_int52</name>
         <value>0xfff0</value>
         <object_component_ref idref="oc-7f"/>
      </symbol>
      <symbol id="sm-3f1">
         <name>__TI_int53</name>
         <value>0xfff2</value>
         <object_component_ref idref="oc-80"/>
      </symbol>
      <symbol id="sm-3f4">
         <name>__TI_int54</name>
         <value>0xfff4</value>
         <object_component_ref idref="oc-81"/>
      </symbol>
      <symbol id="sm-3f7">
         <name>__TI_int55</name>
         <value>0xfff6</value>
         <object_component_ref idref="oc-82"/>
      </symbol>
      <symbol id="sm-3fa">
         <name>__TI_int56</name>
         <value>0xfff8</value>
         <object_component_ref idref="oc-83"/>
      </symbol>
      <symbol id="sm-3fd">
         <name>__TI_int57</name>
         <value>0xfffa</value>
         <object_component_ref idref="oc-84"/>
      </symbol>
      <symbol id="sm-400">
         <name>__TI_int58</name>
         <value>0xfffc</value>
         <object_component_ref idref="oc-85"/>
      </symbol>
      <symbol id="sm-408">
         <name>__TI_ISR_TRAP</name>
         <value>0xd81c</value>
         <object_component_ref idref="oc-27e"/>
      </symbol>
      <symbol id="sm-412">
         <name>__mspabi_mpyi_f5hw</name>
         <value>0xd7c6</value>
         <object_component_ref idref="oc-44e"/>
      </symbol>
      <symbol id="sm-427">
         <name>_stack</name>
         <value>0x2f60</value>
         <object_component_ref idref="oc-25f"/>
      </symbol>
      <symbol id="sm-428">
         <name>_c_int00_noargs</name>
         <value>0xd6ee</value>
         <object_component_ref idref="oc-295"/>
      </symbol>
      <symbol id="sm-429">
         <name>_reset_vector</name>
         <value>0xfffe</value>
         <object_component_ref idref="oc-262"/>
      </symbol>
      <symbol id="sm-44b">
         <name>__TI_auto_init_nobinit_nopinit_hold_wdt</name>
         <value>0xd32c</value>
         <object_component_ref idref="oc-371"/>
      </symbol>
      <symbol id="sm-45e">
         <name>__TI_zero_init_nomemset</name>
         <value>0xd78a</value>
         <object_component_ref idref="oc-283"/>
      </symbol>
      <symbol id="sm-46d">
         <name>__TI_dtors_ptr</name>
         <value>0x2210</value>
         <object_component_ref idref="oc-3ca"/>
      </symbol>
      <symbol id="sm-46e">
         <name>__TI_cleanup_ptr</name>
         <value>0x220e</value>
         <object_component_ref idref="oc-3cd"/>
      </symbol>
      <symbol id="sm-47b">
         <name>_system_pre_init</name>
         <value>0xd842</value>
         <object_component_ref idref="oc-2e1"/>
      </symbol>
      <symbol id="sm-484">
         <name>_system_post_cinit</name>
         <value>0xd848</value>
         <object_component_ref idref="oc-3d2"/>
      </symbol>
      <symbol id="sm-49a">
         <name>__TI_decompress_none</name>
         <value>0xd7da</value>
         <object_component_ref idref="oc-6e"/>
      </symbol>
      <symbol id="sm-4bd">
         <name>__TI_decompress_lzss</name>
         <value>0xcf42</value>
         <object_component_ref idref="oc-68"/>
      </symbol>
      <symbol id="sm-4e4">
         <name>C$$EXIT</name>
         <value>0xd838</value>
         <object_component_ref idref="oc-34d"/>
      </symbol>
      <symbol id="sm-4e5">
         <name>abort</name>
         <value>0xd838</value>
         <object_component_ref idref="oc-34d"/>
      </symbol>
      <symbol id="sm-4e6">
         <name>__TI_enable_exit_profile_output</name>
         <value>0x2218</value>
         <object_component_ref idref="oc-3c7"/>
      </symbol>
      <symbol id="sm-4e7">
         <name>exit</name>
         <value>0xd40c</value>
         <object_component_ref idref="oc-353"/>
      </symbol>
      <symbol id="sm-4fd">
         <name>_nop</name>
         <value>0xd846</value>
         <object_component_ref idref="oc-3fc"/>
      </symbol>
      <symbol id="sm-4fe">
         <name>_lock</name>
         <value>0x2212</value>
         <object_component_ref idref="oc-3a2"/>
      </symbol>
      <symbol id="sm-4ff">
         <name>_unlock</name>
         <value>0x2214</value>
         <object_component_ref idref="oc-3ba"/>
      </symbol>
      <symbol id="sm-513">
         <name>__TI_tmpnams</name>
         <value>0x221c</value>
      </symbol>
      <symbol id="sm-514">
         <name>_ftable</name>
         <value>0x2120</value>
         <object_component_ref idref="oc-3a5"/>
      </symbol>
      <symbol id="sm-515">
         <name>__TI_ft_end</name>
         <value>0x2216</value>
         <object_component_ref idref="oc-539"/>
      </symbol>
      <symbol id="sm-524">
         <name>memccpy</name>
         <value>0xd68c</value>
         <object_component_ref idref="oc-48a"/>
      </symbol>
      <symbol id="sm-533">
         <name>memchr</name>
         <value>0xd79e</value>
         <object_component_ref idref="oc-465"/>
      </symbol>
      <symbol id="sm-541">
         <name>memcpy</name>
         <value>0xd7ec</value>
         <object_component_ref idref="oc-271"/>
      </symbol>
      <symbol id="sm-5bf">
         <name>_sys_memory</name>
         <value>0x22c8</value>
         <object_component_ref idref="oc-263"/>
      </symbol>
      <symbol id="sm-5c0">
         <name>free</name>
         <value>0xc9d0</value>
         <object_component_ref idref="oc-4e0"/>
      </symbol>
      <symbol id="sm-5c1">
         <name>memalign</name>
         <value>0xc64a</value>
         <object_component_ref idref="oc-52c"/>
      </symbol>
      <symbol id="sm-5c2">
         <name>malloc</name>
         <value>0xd824</value>
         <object_component_ref idref="oc-4e6"/>
      </symbol>
      <symbol id="sm-5c3">
         <name>aligned_alloc</name>
         <value>0xc64a</value>
         <object_component_ref idref="oc-52c"/>
      </symbol>
      <symbol id="sm-5d1">
         <name>memset</name>
         <value>0xd7b2</value>
         <object_component_ref idref="oc-47d"/>
      </symbol>
      <symbol id="sm-5e0">
         <name>strchr</name>
         <value>0xd742</value>
         <object_component_ref idref="oc-5e5"/>
      </symbol>
      <symbol id="sm-5ed">
         <name>strlen</name>
         <value>0xd80e</value>
         <object_component_ref idref="oc-417"/>
      </symbol>
      <symbol id="sm-607">
         <name>write</name>
         <value>0xd6ae</value>
         <object_component_ref idref="oc-471"/>
      </symbol>
      <symbol id="sm-616">
         <name>_stream</name>
         <value>0x21e6</value>
         <object_component_ref idref="oc-4b9"/>
      </symbol>
      <symbol id="sm-617">
         <name>_device</name>
         <value>0x2198</value>
         <object_component_ref idref="oc-4ff"/>
      </symbol>
      <symbol id="sm-62a">
         <name>__TI_doflush</name>
         <value>0xd1b8</value>
         <object_component_ref idref="oc-46b"/>
      </symbol>
      <symbol id="sm-636">
         <name>__TI_cleanup</name>
         <value>0xd50c</value>
         <object_component_ref idref="oc-4ec"/>
      </symbol>
      <symbol id="sm-64b">
         <name>fseeko</name>
         <value>0xd01a</value>
         <object_component_ref idref="oc-4a7"/>
      </symbol>
      <symbol id="sm-64c">
         <name>fseek</name>
         <value>0xd01a</value>
         <object_component_ref idref="oc-4a7"/>
      </symbol>
      <symbol id="sm-656">
         <name>__mspabi_slll_9</name>
         <value>0xd4aa</value>
         <object_component_ref idref="oc-5aa"/>
      </symbol>
      <symbol id="sm-657">
         <name>__mspabi_slll_8</name>
         <value>0xd4ae</value>
         <object_component_ref idref="oc-5aa"/>
      </symbol>
      <symbol id="sm-658">
         <name>__mspabi_slll_7</name>
         <value>0xd4b2</value>
         <object_component_ref idref="oc-5aa"/>
      </symbol>
      <symbol id="sm-659">
         <name>__mspabi_slll_6</name>
         <value>0xd4b6</value>
         <object_component_ref idref="oc-5aa"/>
      </symbol>
      <symbol id="sm-65a">
         <name>__mspabi_slll_5</name>
         <value>0xd4ba</value>
         <object_component_ref idref="oc-5aa"/>
      </symbol>
      <symbol id="sm-65b">
         <name>__mspabi_slll_4</name>
         <value>0xd4be</value>
         <object_component_ref idref="oc-5aa"/>
      </symbol>
      <symbol id="sm-65c">
         <name>__mspabi_slll_3</name>
         <value>0xd4c2</value>
         <object_component_ref idref="oc-5aa"/>
      </symbol>
      <symbol id="sm-65d">
         <name>__mspabi_slll_2</name>
         <value>0xd4c6</value>
         <object_component_ref idref="oc-5aa"/>
      </symbol>
      <symbol id="sm-65e">
         <name>__mspabi_slll_1</name>
         <value>0xd4ca</value>
         <object_component_ref idref="oc-5aa"/>
      </symbol>
      <symbol id="sm-65f">
         <name>__mspabi_slll_15</name>
         <value>0xd492</value>
         <object_component_ref idref="oc-5aa"/>
      </symbol>
      <symbol id="sm-660">
         <name>__mspabi_slll_14</name>
         <value>0xd496</value>
         <object_component_ref idref="oc-5aa"/>
      </symbol>
      <symbol id="sm-661">
         <name>__mspabi_slll_13</name>
         <value>0xd49a</value>
         <object_component_ref idref="oc-5aa"/>
      </symbol>
      <symbol id="sm-662">
         <name>__mspabi_slll_12</name>
         <value>0xd49e</value>
         <object_component_ref idref="oc-5aa"/>
      </symbol>
      <symbol id="sm-663">
         <name>__mspabi_slll_11</name>
         <value>0xd4a2</value>
         <object_component_ref idref="oc-5aa"/>
      </symbol>
      <symbol id="sm-664">
         <name>__mspabi_slll_10</name>
         <value>0xd4a6</value>
         <object_component_ref idref="oc-5aa"/>
      </symbol>
      <symbol id="sm-674">
         <name>HOSTclose</name>
         <value>0xd3c6</value>
         <object_component_ref idref="oc-545"/>
      </symbol>
      <symbol id="sm-680">
         <name>HOSTlseek</name>
         <value>0xcdcc</value>
         <object_component_ref idref="oc-557"/>
      </symbol>
      <symbol id="sm-68e">
         <name>parmbuf</name>
         <value>0x22bc</value>
      </symbol>
      <symbol id="sm-68f">
         <name>HOSTopen</name>
         <value>0xd154</value>
         <object_component_ref idref="oc-53f"/>
      </symbol>
      <symbol id="sm-69c">
         <name>HOSTread</name>
         <value>0xd27a</value>
         <object_component_ref idref="oc-54b"/>
      </symbol>
      <symbol id="sm-6a8">
         <name>HOSTrename</name>
         <value>0xcfb0</value>
         <object_component_ref idref="oc-563"/>
      </symbol>
      <symbol id="sm-6b4">
         <name>HOSTunlink</name>
         <value>0xd450</value>
         <object_component_ref idref="oc-55d"/>
      </symbol>
      <symbol id="sm-6c1">
         <name>HOSTwrite</name>
         <value>0xd21a</value>
         <object_component_ref idref="oc-551"/>
      </symbol>
      <symbol id="sm-6df">
         <name>__TI_readmsg</name>
         <value>0xd59a</value>
         <object_component_ref idref="oc-59d"/>
      </symbol>
      <symbol id="sm-6e0">
         <name>C$$IO$$</name>
         <value>0xd568</value>
         <object_component_ref idref="oc-597"/>
      </symbol>
      <symbol id="sm-6e1">
         <name>_CIOBUF_</name>
         <value>0x2000</value>
         <object_component_ref idref="oc-5ce"/>
      </symbol>
      <symbol id="sm-6e2">
         <name>__TI_writemsg</name>
         <value>0xd53e</value>
         <object_component_ref idref="oc-597"/>
      </symbol>
      <symbol id="sm-6f0">
         <name>lseek</name>
         <value>0xd668</value>
         <object_component_ref idref="oc-4d3"/>
      </symbol>
      <symbol id="sm-701">
         <name>__TI_closefile</name>
         <value>0xd084</value>
         <object_component_ref idref="oc-533"/>
      </symbol>
      <symbol id="sm-725">
         <name>finddevice</name>
         <value>0xd56c</value>
         <object_component_ref idref="oc-5f1"/>
      </symbol>
      <symbol id="sm-726">
         <name>getdevice</name>
         <value>0xd2d8</value>
         <object_component_ref idref="oc-5c2"/>
      </symbol>
      <symbol id="sm-737">
         <name>strcmp</name>
         <value>0xd75c</value>
         <object_component_ref idref="oc-60a"/>
      </symbol>
      <symbol id="sm-744">
         <name>strcpy</name>
         <value>0xd7fe</value>
         <object_component_ref idref="oc-5b3"/>
      </symbol>
      <symbol id="sm-754">
         <name>strncpy</name>
         <value>0xd5c6</value>
         <object_component_ref idref="oc-5eb"/>
      </symbol>
      <symbol id="sm-767">
         <name>close</name>
         <value>0xd37e</value>
         <object_component_ref idref="oc-583"/>
      </symbol>
      <symbol id="sm-774">
         <name>unlink</name>
         <value>0xd61a</value>
         <object_component_ref idref="oc-58a"/>
      </symbol>
      <symbol id="sm-778">
         <name>remove</name>
         <value>0xd61a</value>
      </symbol>
   </symbol_table>
   <title>Link successful</title>
</link_info>
