<?xml version="1.0" encoding="ISO-8859-1" ?>
<link_info>
   <banner>MSP430 Linker Unix v21.6.0.LTS</banner>
   <copyright>Copyright (c) 2003-2018 Texas Instruments Incorporated</copyright>
   <link_time>0x61d6b39d</link_time>
   <link_errors>0x0</link_errors>
   <output_file>i2c_test_1.out</output_file>
   <entry_point>
      <name>_c_int00_noargs</name>
      <address>0xd398</address>
   </entry_point>
   <input_file_list>
      <input_file id="fl-2">
         <path>./</path>
         <kind>object</kind>
         <file>main.obj</file>
         <name>main.obj</name>
      </input_file>
      <input_file id="fl-3">
         <path>./Source/</path>
         <kind>object</kind>
         <file>BME280.obj</file>
         <name>BME280.obj</name>
      </input_file>
      <input_file id="fl-4">
         <path>./Source/</path>
         <kind>object</kind>
         <file>BME280I2C.obj</file>
         <name>BME280I2C.obj</name>
      </input_file>
      <input_file id="fl-5">
         <path>./Source/</path>
         <kind>object</kind>
         <file>i2c_driver.obj</file>
         <name>i2c_driver.obj</name>
      </input_file>
      <input_file id="fl-6">
         <path>./Source/</path>
         <kind>object</kind>
         <file>sensor_communication.obj</file>
         <name>sensor_communication.obj</name>
      </input_file>
      <input_file id="fl-7">
         <path>./driverlib/</path>
         <kind>object</kind>
         <file>adc.obj</file>
         <name>adc.obj</name>
      </input_file>
      <input_file id="fl-8">
         <path>./driverlib/</path>
         <kind>object</kind>
         <file>crc.obj</file>
         <name>crc.obj</name>
      </input_file>
      <input_file id="fl-9">
         <path>./driverlib/</path>
         <kind>object</kind>
         <file>cs.obj</file>
         <name>cs.obj</name>
      </input_file>
      <input_file id="fl-a">
         <path>./driverlib/</path>
         <kind>object</kind>
         <file>ecomp.obj</file>
         <name>ecomp.obj</name>
      </input_file>
      <input_file id="fl-b">
         <path>./driverlib/</path>
         <kind>object</kind>
         <file>eusci_a_spi.obj</file>
         <name>eusci_a_spi.obj</name>
      </input_file>
      <input_file id="fl-c">
         <path>./driverlib/</path>
         <kind>object</kind>
         <file>eusci_a_uart.obj</file>
         <name>eusci_a_uart.obj</name>
      </input_file>
      <input_file id="fl-d">
         <path>./driverlib/</path>
         <kind>object</kind>
         <file>eusci_b_i2c.obj</file>
         <name>eusci_b_i2c.obj</name>
      </input_file>
      <input_file id="fl-e">
         <path>./driverlib/</path>
         <kind>object</kind>
         <file>eusci_b_spi.obj</file>
         <name>eusci_b_spi.obj</name>
      </input_file>
      <input_file id="fl-f">
         <path>./driverlib/</path>
         <kind>object</kind>
         <file>framctl.obj</file>
         <name>framctl.obj</name>
      </input_file>
      <input_file id="fl-10">
         <path>./driverlib/</path>
         <kind>object</kind>
         <file>gpio.obj</file>
         <name>gpio.obj</name>
      </input_file>
      <input_file id="fl-11">
         <path>./driverlib/</path>
         <kind>object</kind>
         <file>icc.obj</file>
         <name>icc.obj</name>
      </input_file>
      <input_file id="fl-12">
         <path>./driverlib/</path>
         <kind>object</kind>
         <file>lcd_e.obj</file>
         <name>lcd_e.obj</name>
      </input_file>
      <input_file id="fl-13">
         <path>./driverlib/</path>
         <kind>object</kind>
         <file>mpy32.obj</file>
         <name>mpy32.obj</name>
      </input_file>
      <input_file id="fl-14">
         <path>./driverlib/</path>
         <kind>object</kind>
         <file>pmm.obj</file>
         <name>pmm.obj</name>
      </input_file>
      <input_file id="fl-15">
         <path>./driverlib/</path>
         <kind>object</kind>
         <file>rtc.obj</file>
         <name>rtc.obj</name>
      </input_file>
      <input_file id="fl-16">
         <path>./driverlib/</path>
         <kind>object</kind>
         <file>sac.obj</file>
         <name>sac.obj</name>
      </input_file>
      <input_file id="fl-17">
         <path>./driverlib/</path>
         <kind>object</kind>
         <file>sfr.obj</file>
         <name>sfr.obj</name>
      </input_file>
      <input_file id="fl-18">
         <path>./driverlib/</path>
         <kind>object</kind>
         <file>sysctl.obj</file>
         <name>sysctl.obj</name>
      </input_file>
      <input_file id="fl-19">
         <path>./driverlib/</path>
         <kind>object</kind>
         <file>tia.obj</file>
         <name>tia.obj</name>
      </input_file>
      <input_file id="fl-1a">
         <path>./driverlib/</path>
         <kind>object</kind>
         <file>timer_a.obj</file>
         <name>timer_a.obj</name>
      </input_file>
      <input_file id="fl-1b">
         <path>./driverlib/</path>
         <kind>object</kind>
         <file>timer_b.obj</file>
         <name>timer_b.obj</name>
      </input_file>
      <input_file id="fl-1c">
         <path>./driverlib/</path>
         <kind>object</kind>
         <file>tlv.obj</file>
         <name>tlv.obj</name>
      </input_file>
      <input_file id="fl-1d">
         <path>./driverlib/</path>
         <kind>object</kind>
         <file>wdt_a.obj</file>
         <name>wdt_a.obj</name>
      </input_file>
      <input_file id="fl-1e">
         <path>./uartlib/</path>
         <kind>object</kind>
         <file>uartlib.obj</file>
         <name>uartlib.obj</name>
      </input_file>
      <input_file id="fl-24">
         <kind>object</kind>
         <file>&lt;internal&gt;</file>
         <name>&lt;internal&gt;</name>
      </input_file>
      <input_file id="fl-3f">
         <path>/home/vityha/ti/ccs1100/ccs/tools/compiler/ti-cgt-msp430_21.6.0.LTS/lib/</path>
         <kind>archive</kind>
         <file>rts430x_sc_sd_eabi.lib</file>
         <name>sprintf.c.obj</name>
      </input_file>
      <input_file id="fl-40">
         <path>/home/vityha/ti/ccs1100/ccs/tools/compiler/ti-cgt-msp430_21.6.0.LTS/lib/</path>
         <kind>archive</kind>
         <file>rts430x_sc_sd_eabi.lib</file>
         <name>pure_virt.c.obj</name>
      </input_file>
      <input_file id="fl-41">
         <path>/home/vityha/ti/ccs1100/ccs/tools/compiler/ti-cgt-msp430_21.6.0.LTS/lib/</path>
         <kind>archive</kind>
         <file>rts430x_sc_sd_eabi.lib</file>
         <name>typeinfo.c.obj</name>
      </input_file>
      <input_file id="fl-42">
         <path>/home/vityha/ti/ccs1100/ccs/tools/compiler/ti-cgt-msp430_21.6.0.LTS/lib/</path>
         <kind>archive</kind>
         <file>rts430x_sc_sd_eabi.lib</file>
         <name>div16s.asm.obj</name>
      </input_file>
      <input_file id="fl-43">
         <path>/home/vityha/ti/ccs1100/ccs/tools/compiler/ti-cgt-msp430_21.6.0.LTS/lib/</path>
         <kind>archive</kind>
         <file>rts430x_sc_sd_eabi.lib</file>
         <name>div16u.asm.obj</name>
      </input_file>
      <input_file id="fl-44">
         <path>/home/vityha/ti/ccs1100/ccs/tools/compiler/ti-cgt-msp430_21.6.0.LTS/lib/</path>
         <kind>archive</kind>
         <file>rts430x_sc_sd_eabi.lib</file>
         <name>div32s.asm.obj</name>
      </input_file>
      <input_file id="fl-45">
         <path>/home/vityha/ti/ccs1100/ccs/tools/compiler/ti-cgt-msp430_21.6.0.LTS/lib/</path>
         <kind>archive</kind>
         <file>rts430x_sc_sd_eabi.lib</file>
         <name>div32u.asm.obj</name>
      </input_file>
      <input_file id="fl-46">
         <path>/home/vityha/ti/ccs1100/ccs/tools/compiler/ti-cgt-msp430_21.6.0.LTS/lib/</path>
         <kind>archive</kind>
         <file>rts430x_sc_sd_eabi.lib</file>
         <name>int41.asm.obj</name>
      </input_file>
      <input_file id="fl-47">
         <path>/home/vityha/ti/ccs1100/ccs/tools/compiler/ti-cgt-msp430_21.6.0.LTS/lib/</path>
         <kind>archive</kind>
         <file>rts430x_sc_sd_eabi.lib</file>
         <name>int42.asm.obj</name>
      </input_file>
      <input_file id="fl-48">
         <path>/home/vityha/ti/ccs1100/ccs/tools/compiler/ti-cgt-msp430_21.6.0.LTS/lib/</path>
         <kind>archive</kind>
         <file>rts430x_sc_sd_eabi.lib</file>
         <name>int43.asm.obj</name>
      </input_file>
      <input_file id="fl-49">
         <path>/home/vityha/ti/ccs1100/ccs/tools/compiler/ti-cgt-msp430_21.6.0.LTS/lib/</path>
         <kind>archive</kind>
         <file>rts430x_sc_sd_eabi.lib</file>
         <name>int45.asm.obj</name>
      </input_file>
      <input_file id="fl-4a">
         <path>/home/vityha/ti/ccs1100/ccs/tools/compiler/ti-cgt-msp430_21.6.0.LTS/lib/</path>
         <kind>archive</kind>
         <file>rts430x_sc_sd_eabi.lib</file>
         <name>int46.asm.obj</name>
      </input_file>
      <input_file id="fl-4b">
         <path>/home/vityha/ti/ccs1100/ccs/tools/compiler/ti-cgt-msp430_21.6.0.LTS/lib/</path>
         <kind>archive</kind>
         <file>rts430x_sc_sd_eabi.lib</file>
         <name>int47.asm.obj</name>
      </input_file>
      <input_file id="fl-4c">
         <path>/home/vityha/ti/ccs1100/ccs/tools/compiler/ti-cgt-msp430_21.6.0.LTS/lib/</path>
         <kind>archive</kind>
         <file>rts430x_sc_sd_eabi.lib</file>
         <name>int48.asm.obj</name>
      </input_file>
      <input_file id="fl-4d">
         <path>/home/vityha/ti/ccs1100/ccs/tools/compiler/ti-cgt-msp430_21.6.0.LTS/lib/</path>
         <kind>archive</kind>
         <file>rts430x_sc_sd_eabi.lib</file>
         <name>int49.asm.obj</name>
      </input_file>
      <input_file id="fl-4e">
         <path>/home/vityha/ti/ccs1100/ccs/tools/compiler/ti-cgt-msp430_21.6.0.LTS/lib/</path>
         <kind>archive</kind>
         <file>rts430x_sc_sd_eabi.lib</file>
         <name>int50.asm.obj</name>
      </input_file>
      <input_file id="fl-4f">
         <path>/home/vityha/ti/ccs1100/ccs/tools/compiler/ti-cgt-msp430_21.6.0.LTS/lib/</path>
         <kind>archive</kind>
         <file>rts430x_sc_sd_eabi.lib</file>
         <name>int51.asm.obj</name>
      </input_file>
      <input_file id="fl-50">
         <path>/home/vityha/ti/ccs1100/ccs/tools/compiler/ti-cgt-msp430_21.6.0.LTS/lib/</path>
         <kind>archive</kind>
         <file>rts430x_sc_sd_eabi.lib</file>
         <name>int52.asm.obj</name>
      </input_file>
      <input_file id="fl-51">
         <path>/home/vityha/ti/ccs1100/ccs/tools/compiler/ti-cgt-msp430_21.6.0.LTS/lib/</path>
         <kind>archive</kind>
         <file>rts430x_sc_sd_eabi.lib</file>
         <name>int53.asm.obj</name>
      </input_file>
      <input_file id="fl-52">
         <path>/home/vityha/ti/ccs1100/ccs/tools/compiler/ti-cgt-msp430_21.6.0.LTS/lib/</path>
         <kind>archive</kind>
         <file>rts430x_sc_sd_eabi.lib</file>
         <name>int54.asm.obj</name>
      </input_file>
      <input_file id="fl-53">
         <path>/home/vityha/ti/ccs1100/ccs/tools/compiler/ti-cgt-msp430_21.6.0.LTS/lib/</path>
         <kind>archive</kind>
         <file>rts430x_sc_sd_eabi.lib</file>
         <name>int55.asm.obj</name>
      </input_file>
      <input_file id="fl-54">
         <path>/home/vityha/ti/ccs1100/ccs/tools/compiler/ti-cgt-msp430_21.6.0.LTS/lib/</path>
         <kind>archive</kind>
         <file>rts430x_sc_sd_eabi.lib</file>
         <name>int56.asm.obj</name>
      </input_file>
      <input_file id="fl-55">
         <path>/home/vityha/ti/ccs1100/ccs/tools/compiler/ti-cgt-msp430_21.6.0.LTS/lib/</path>
         <kind>archive</kind>
         <file>rts430x_sc_sd_eabi.lib</file>
         <name>int57.asm.obj</name>
      </input_file>
      <input_file id="fl-56">
         <path>/home/vityha/ti/ccs1100/ccs/tools/compiler/ti-cgt-msp430_21.6.0.LTS/lib/</path>
         <kind>archive</kind>
         <file>rts430x_sc_sd_eabi.lib</file>
         <name>int58.asm.obj</name>
      </input_file>
      <input_file id="fl-57">
         <path>/home/vityha/ti/ccs1100/ccs/tools/compiler/ti-cgt-msp430_21.6.0.LTS/lib/</path>
         <kind>archive</kind>
         <file>rts430x_sc_sd_eabi.lib</file>
         <name>isr_trap.asm.obj</name>
      </input_file>
      <input_file id="fl-58">
         <path>/home/vityha/ti/ccs1100/ccs/tools/compiler/ti-cgt-msp430_21.6.0.LTS/lib/</path>
         <kind>archive</kind>
         <file>rts430x_sc_sd_eabi.lib</file>
         <name>lsl16.asm.obj</name>
      </input_file>
      <input_file id="fl-59">
         <path>/home/vityha/ti/ccs1100/ccs/tools/compiler/ti-cgt-msp430_21.6.0.LTS/lib/</path>
         <kind>archive</kind>
         <file>rts430x_sc_sd_eabi.lib</file>
         <name>mult16.asm.obj</name>
      </input_file>
      <input_file id="fl-5a">
         <path>/home/vityha/ti/ccs1100/ccs/tools/compiler/ti-cgt-msp430_21.6.0.LTS/lib/</path>
         <kind>archive</kind>
         <file>rts430x_sc_sd_eabi.lib</file>
         <name>mult16_f5hw.asm.obj</name>
      </input_file>
      <input_file id="fl-5b">
         <path>/home/vityha/ti/ccs1100/ccs/tools/compiler/ti-cgt-msp430_21.6.0.LTS/lib/</path>
         <kind>archive</kind>
         <file>rts430x_sc_sd_eabi.lib</file>
         <name>mult1632_f5hw.asm.obj</name>
      </input_file>
      <input_file id="fl-5c">
         <path>/home/vityha/ti/ccs1100/ccs/tools/compiler/ti-cgt-msp430_21.6.0.LTS/lib/</path>
         <kind>archive</kind>
         <file>rts430x_sc_sd_eabi.lib</file>
         <name>mult32.asm.obj</name>
      </input_file>
      <input_file id="fl-5d">
         <path>/home/vityha/ti/ccs1100/ccs/tools/compiler/ti-cgt-msp430_21.6.0.LTS/lib/</path>
         <kind>archive</kind>
         <file>rts430x_sc_sd_eabi.lib</file>
         <name>mult32_f5hw.asm.obj</name>
      </input_file>
      <input_file id="fl-5e">
         <path>/home/vityha/ti/ccs1100/ccs/tools/compiler/ti-cgt-msp430_21.6.0.LTS/lib/</path>
         <kind>archive</kind>
         <file>rts430x_sc_sd_eabi.lib</file>
         <name>mult3264_f5hw.asm.obj</name>
      </input_file>
      <input_file id="fl-5f">
         <path>/home/vityha/ti/ccs1100/ccs/tools/compiler/ti-cgt-msp430_21.6.0.LTS/lib/</path>
         <kind>archive</kind>
         <file>rts430x_sc_sd_eabi.lib</file>
         <name>mult64_f5hw.asm.obj</name>
      </input_file>
      <input_file id="fl-60">
         <path>/home/vityha/ti/ccs1100/ccs/tools/compiler/ti-cgt-msp430_21.6.0.LTS/lib/</path>
         <kind>archive</kind>
         <file>rts430x_sc_sd_eabi.lib</file>
         <name>boot.c.obj</name>
      </input_file>
      <input_file id="fl-61">
         <path>/home/vityha/ti/ccs1100/ccs/tools/compiler/ti-cgt-msp430_21.6.0.LTS/lib/</path>
         <kind>archive</kind>
         <file>rts430x_sc_sd_eabi.lib</file>
         <name>autoinit.c.obj</name>
      </input_file>
      <input_file id="fl-62">
         <path>/home/vityha/ti/ccs1100/ccs/tools/compiler/ti-cgt-msp430_21.6.0.LTS/lib/</path>
         <kind>archive</kind>
         <file>rts430x_sc_sd_eabi.lib</file>
         <name>copy_zero_init.c.obj</name>
      </input_file>
      <input_file id="fl-63">
         <path>/home/vityha/ti/ccs1100/ccs/tools/compiler/ti-cgt-msp430_21.6.0.LTS/lib/</path>
         <kind>archive</kind>
         <file>rts430x_sc_sd_eabi.lib</file>
         <name>cpy_tbl.c.obj</name>
      </input_file>
      <input_file id="fl-64">
         <path>/home/vityha/ti/ccs1100/ccs/tools/compiler/ti-cgt-msp430_21.6.0.LTS/lib/</path>
         <kind>archive</kind>
         <file>rts430x_sc_sd_eabi.lib</file>
         <name>mpu_init.c.obj</name>
      </input_file>
      <input_file id="fl-65">
         <path>/home/vityha/ti/ccs1100/ccs/tools/compiler/ti-cgt-msp430_21.6.0.LTS/lib/</path>
         <kind>archive</kind>
         <file>rts430x_sc_sd_eabi.lib</file>
         <name>pre_init.c.obj</name>
      </input_file>
      <input_file id="fl-66">
         <path>/home/vityha/ti/ccs1100/ccs/tools/compiler/ti-cgt-msp430_21.6.0.LTS/lib/</path>
         <kind>archive</kind>
         <file>rts430x_sc_sd_eabi.lib</file>
         <name>startup.c.obj</name>
      </input_file>
      <input_file id="fl-67">
         <path>/home/vityha/ti/ccs1100/ccs/tools/compiler/ti-cgt-msp430_21.6.0.LTS/lib/</path>
         <kind>archive</kind>
         <file>rts430x_sc_sd_eabi.lib</file>
         <name>copy_decompress_none.c.obj</name>
      </input_file>
      <input_file id="fl-68">
         <path>/home/vityha/ti/ccs1100/ccs/tools/compiler/ti-cgt-msp430_21.6.0.LTS/lib/</path>
         <kind>archive</kind>
         <file>rts430x_sc_sd_eabi.lib</file>
         <name>copy_decompress_lzss.c.obj</name>
      </input_file>
      <input_file id="fl-69">
         <path>/home/vityha/ti/ccs1100/ccs/tools/compiler/ti-cgt-msp430_21.6.0.LTS/lib/</path>
         <kind>archive</kind>
         <file>rts430x_sc_sd_eabi.lib</file>
         <name>exit.c.obj</name>
      </input_file>
      <input_file id="fl-6a">
         <path>/home/vityha/ti/ccs1100/ccs/tools/compiler/ti-cgt-msp430_21.6.0.LTS/lib/</path>
         <kind>archive</kind>
         <file>rts430x_sc_sd_eabi.lib</file>
         <name>_lock.c.obj</name>
      </input_file>
      <input_file id="fl-6b">
         <path>/home/vityha/ti/ccs1100/ccs/tools/compiler/ti-cgt-msp430_21.6.0.LTS/lib/</path>
         <kind>archive</kind>
         <file>rts430x_sc_sd_eabi.lib</file>
         <name>args_main.c.obj</name>
      </input_file>
      <input_file id="fl-6c">
         <path>/home/vityha/ti/ccs1100/ccs/tools/compiler/ti-cgt-msp430_21.6.0.LTS/lib/</path>
         <kind>archive</kind>
         <file>rts430x_sc_sd_eabi.lib</file>
         <name>memcpy.c.obj</name>
      </input_file>
      <input_file id="fl-6d">
         <path>/home/vityha/ti/ccs1100/ccs/tools/compiler/ti-cgt-msp430_21.6.0.LTS/lib/</path>
         <kind>archive</kind>
         <file>rts430x_sc_sd_eabi.lib</file>
         <name>stdlib_typeinfo.cpp.obj</name>
      </input_file>
      <input_file id="fl-6e">
         <path>/home/vityha/ti/ccs1100/ccs/tools/compiler/ti-cgt-msp430_21.6.0.LTS/lib/</path>
         <kind>archive</kind>
         <file>rts430x_sc_sd_eabi.lib</file>
         <name>_printfi.c.obj</name>
      </input_file>
      <input_file id="fl-6f">
         <path>/home/vityha/ti/ccs1100/ccs/tools/compiler/ti-cgt-msp430_21.6.0.LTS/lib/</path>
         <kind>archive</kind>
         <file>rts430x_sc_sd_eabi.lib</file>
         <name>new.cpp.obj</name>
      </input_file>
      <input_file id="fl-70">
         <path>/home/vityha/ti/ccs1100/ccs/tools/compiler/ti-cgt-msp430_21.6.0.LTS/lib/</path>
         <kind>archive</kind>
         <file>rts430x_sc_sd_eabi.lib</file>
         <name>wcslen.c.obj</name>
      </input_file>
      <input_file id="fl-71">
         <path>/home/vityha/ti/ccs1100/ccs/tools/compiler/ti-cgt-msp430_21.6.0.LTS/lib/</path>
         <kind>archive</kind>
         <file>rts430x_sc_sd_eabi.lib</file>
         <name>error.c.obj</name>
      </input_file>
      <input_file id="fl-72">
         <path>/home/vityha/ti/ccs1100/ccs/tools/compiler/ti-cgt-msp430_21.6.0.LTS/lib/</path>
         <kind>archive</kind>
         <file>rts430x_sc_sd_eabi.lib</file>
         <name>exit_gvars.c.obj</name>
      </input_file>
      <input_file id="fl-73">
         <path>/home/vityha/ti/ccs1100/ccs/tools/compiler/ti-cgt-msp430_21.6.0.LTS/lib/</path>
         <kind>archive</kind>
         <file>rts430x_sc_sd_eabi.lib</file>
         <name>lsr64.c.obj</name>
      </input_file>
      <input_file id="fl-74">
         <path>/home/vityha/ti/ccs1100/ccs/tools/compiler/ti-cgt-msp430_21.6.0.LTS/lib/</path>
         <kind>archive</kind>
         <file>rts430x_sc_sd_eabi.lib</file>
         <name>div64u.c.obj</name>
      </input_file>
      <input_file id="fl-75">
         <path>/home/vityha/ti/ccs1100/ccs/tools/compiler/ti-cgt-msp430_21.6.0.LTS/lib/</path>
         <kind>archive</kind>
         <file>rts430x_sc_sd_eabi.lib</file>
         <name>cmpd.c.obj</name>
      </input_file>
      <input_file id="fl-76">
         <path>/home/vityha/ti/ccs1100/ccs/tools/compiler/ti-cgt-msp430_21.6.0.LTS/lib/</path>
         <kind>archive</kind>
         <file>rts430x_sc_sd_eabi.lib</file>
         <name>divd.c.obj</name>
      </input_file>
      <input_file id="fl-77">
         <path>/home/vityha/ti/ccs1100/ccs/tools/compiler/ti-cgt-msp430_21.6.0.LTS/lib/</path>
         <kind>archive</kind>
         <file>rts430x_sc_sd_eabi.lib</file>
         <name>fixdi.c.obj</name>
      </input_file>
      <input_file id="fl-78">
         <path>/home/vityha/ti/ccs1100/ccs/tools/compiler/ti-cgt-msp430_21.6.0.LTS/lib/</path>
         <kind>archive</kind>
         <file>rts430x_sc_sd_eabi.lib</file>
         <name>fixdli.c.obj</name>
      </input_file>
      <input_file id="fl-79">
         <path>/home/vityha/ti/ccs1100/ccs/tools/compiler/ti-cgt-msp430_21.6.0.LTS/lib/</path>
         <kind>archive</kind>
         <file>rts430x_sc_sd_eabi.lib</file>
         <name>fltid.c.obj</name>
      </input_file>
      <input_file id="fl-7a">
         <path>/home/vityha/ti/ccs1100/ccs/tools/compiler/ti-cgt-msp430_21.6.0.LTS/lib/</path>
         <kind>archive</kind>
         <file>rts430x_sc_sd_eabi.lib</file>
         <name>fltlid.c.obj</name>
      </input_file>
      <input_file id="fl-7b">
         <path>/home/vityha/ti/ccs1100/ccs/tools/compiler/ti-cgt-msp430_21.6.0.LTS/lib/</path>
         <kind>archive</kind>
         <file>rts430x_sc_sd_eabi.lib</file>
         <name>frcdivd.c.obj</name>
      </input_file>
      <input_file id="fl-7c">
         <path>/home/vityha/ti/ccs1100/ccs/tools/compiler/ti-cgt-msp430_21.6.0.LTS/lib/</path>
         <kind>archive</kind>
         <file>rts430x_sc_sd_eabi.lib</file>
         <name>mpyd.c.obj</name>
      </input_file>
      <input_file id="fl-7d">
         <path>/home/vityha/ti/ccs1100/ccs/tools/compiler/ti-cgt-msp430_21.6.0.LTS/lib/</path>
         <kind>archive</kind>
         <file>rts430x_sc_sd_eabi.lib</file>
         <name>negd.c.obj</name>
      </input_file>
      <input_file id="fl-7e">
         <path>/home/vityha/ti/ccs1100/ccs/tools/compiler/ti-cgt-msp430_21.6.0.LTS/lib/</path>
         <kind>archive</kind>
         <file>rts430x_sc_sd_eabi.lib</file>
         <name>subd.c.obj</name>
      </input_file>
      <input_file id="fl-7f">
         <path>/home/vityha/ti/ccs1100/ccs/tools/compiler/ti-cgt-msp430_21.6.0.LTS/lib/</path>
         <kind>archive</kind>
         <file>rts430x_sc_sd_eabi.lib</file>
         <name>_ltoa.c.obj</name>
      </input_file>
      <input_file id="fl-80">
         <path>/home/vityha/ti/ccs1100/ccs/tools/compiler/ti-cgt-msp430_21.6.0.LTS/lib/</path>
         <kind>archive</kind>
         <file>rts430x_sc_sd_eabi.lib</file>
         <name>atoi.c.obj</name>
      </input_file>
      <input_file id="fl-81">
         <path>/home/vityha/ti/ccs1100/ccs/tools/compiler/ti-cgt-msp430_21.6.0.LTS/lib/</path>
         <kind>archive</kind>
         <file>rts430x_sc_sd_eabi.lib</file>
         <name>ctype.c.obj</name>
      </input_file>
      <input_file id="fl-82">
         <path>/home/vityha/ti/ccs1100/ccs/tools/compiler/ti-cgt-msp430_21.6.0.LTS/lib/</path>
         <kind>archive</kind>
         <file>rts430x_sc_sd_eabi.lib</file>
         <name>memccpy.c.obj</name>
      </input_file>
      <input_file id="fl-83">
         <path>/home/vityha/ti/ccs1100/ccs/tools/compiler/ti-cgt-msp430_21.6.0.LTS/lib/</path>
         <kind>archive</kind>
         <file>rts430x_sc_sd_eabi.lib</file>
         <name>memory.c.obj</name>
      </input_file>
      <input_file id="fl-84">
         <path>/home/vityha/ti/ccs1100/ccs/tools/compiler/ti-cgt-msp430_21.6.0.LTS/lib/</path>
         <kind>archive</kind>
         <file>rts430x_sc_sd_eabi.lib</file>
         <name>memset.c.obj</name>
      </input_file>
      <input_file id="fl-85">
         <path>/home/vityha/ti/ccs1100/ccs/tools/compiler/ti-cgt-msp430_21.6.0.LTS/lib/</path>
         <kind>archive</kind>
         <file>rts430x_sc_sd_eabi.lib</file>
         <name>strchr.c.obj</name>
      </input_file>
      <input_file id="fl-86">
         <path>/home/vityha/ti/ccs1100/ccs/tools/compiler/ti-cgt-msp430_21.6.0.LTS/lib/</path>
         <kind>archive</kind>
         <file>rts430x_sc_sd_eabi.lib</file>
         <name>strlen.c.obj</name>
      </input_file>
      <input_file id="fl-87">
         <path>/home/vityha/ti/ccs1100/ccs/tools/compiler/ti-cgt-msp430_21.6.0.LTS/lib/</path>
         <kind>archive</kind>
         <file>rts430x_sc_sd_eabi.lib</file>
         <name>toupper.c.obj</name>
      </input_file>
      <input_file id="fl-88">
         <path>/home/vityha/ti/ccs1100/ccs/tools/compiler/ti-cgt-msp430_21.6.0.LTS/lib/</path>
         <kind>archive</kind>
         <file>rts430x_sc_sd_eabi.lib</file>
         <name>errno.c.obj</name>
      </input_file>
      <input_file id="fl-89">
         <path>/home/vityha/ti/ccs1100/ccs/tools/compiler/ti-cgt-msp430_21.6.0.LTS/lib/</path>
         <kind>archive</kind>
         <file>rts430x_sc_sd_eabi.lib</file>
         <name>abs.c.obj</name>
      </input_file>
      <input_file id="fl-8a">
         <path>/home/vityha/ti/ccs1100/ccs/tools/compiler/ti-cgt-msp430_21.6.0.LTS/lib/</path>
         <kind>archive</kind>
         <file>rts430x_sc_sd_eabi.lib</file>
         <name>stdlib_exception.cpp.obj</name>
      </input_file>
      <input_file id="fl-8b">
         <path>/home/vityha/ti/ccs1100/ccs/tools/compiler/ti-cgt-msp430_21.6.0.LTS/lib/</path>
         <kind>archive</kind>
         <file>rts430x_sc_sd_eabi.lib</file>
         <name>s_frexp.c.obj</name>
      </input_file>
      <input_file id="fl-8c">
         <path>/home/vityha/ti/ccs1100/ccs/tools/compiler/ti-cgt-msp430_21.6.0.LTS/lib/</path>
         <kind>archive</kind>
         <file>rts430x_sc_sd_eabi.lib</file>
         <name>s_scalbn.c.obj</name>
      </input_file>
      <input_file id="fl-8d">
         <path>/home/vityha/ti/ccs1100/ccs/tools/compiler/ti-cgt-msp430_21.6.0.LTS/lib/</path>
         <kind>archive</kind>
         <file>rts430x_sc_sd_eabi.lib</file>
         <name>s_copysign.c.obj</name>
      </input_file>
      <input_file id="fl-8e">
         <path>/home/vityha/ti/ccs1100/ccs/tools/compiler/ti-cgt-msp430_21.6.0.LTS/lib/</path>
         <kind>archive</kind>
         <file>rts430x_sc_sd_eabi.lib</file>
         <name>asr32.asm.obj</name>
      </input_file>
      <input_file id="fl-8f">
         <path>/home/vityha/ti/ccs1100/ccs/tools/compiler/ti-cgt-msp430_21.6.0.LTS/lib/</path>
         <kind>archive</kind>
         <file>rts430x_sc_sd_eabi.lib</file>
         <name>lsl32.asm.obj</name>
      </input_file>
      <input_file id="fl-90">
         <path>/home/vityha/ti/ccs1100/ccs/tools/compiler/ti-cgt-msp430_21.6.0.LTS/lib/</path>
         <kind>archive</kind>
         <file>rts430x_sc_sd_eabi.lib</file>
         <name>lsr32.asm.obj</name>
      </input_file>
      <input_file id="fl-91">
         <path>/home/vityha/ti/ccs1100/ccs/tools/compiler/ti-cgt-msp430_21.6.0.LTS/lib/</path>
         <kind>archive</kind>
         <file>rts430x_sc_sd_eabi.lib</file>
         <name>lsl64.c.obj</name>
      </input_file>
      <input_file id="fl-92">
         <path>/home/vityha/ti/ccs1100/ccs/tools/compiler/ti-cgt-msp430_21.6.0.LTS/lib/</path>
         <kind>archive</kind>
         <file>rts430x_sc_sd_eabi.lib</file>
         <name>addd.c.obj</name>
      </input_file>
      <input_file id="fl-93">
         <path>/home/vityha/ti/ccs1100/ccs/tools/compiler/ti-cgt-msp430_21.6.0.LTS/lib/</path>
         <kind>archive</kind>
         <file>rts430x_sc_sd_eabi.lib</file>
         <name>frcmpyd.c.obj</name>
      </input_file>
      <input_file id="fl-94">
         <path>/home/vityha/ti/ccs1100/ccs/tools/compiler/ti-cgt-msp430_21.6.0.LTS/lib/</path>
         <kind>archive</kind>
         <file>rts430x_sc_sd_eabi.lib</file>
         <name>mult3264.asm.obj</name>
      </input_file>
      <input_file id="fl-95">
         <path>/home/vityha/ti/ccs1100/ccs/tools/compiler/ti-cgt-msp430_21.6.0.LTS/lib/</path>
         <kind>archive</kind>
         <file>rts430x_sc_sd_eabi.lib</file>
         <name>mult64.asm.obj</name>
      </input_file>
      <input_file id="fl-96">
         <path>/home/vityha/ti/ccs1100/ccs/tools/compiler/ti-cgt-msp430_21.6.0.LTS/lib/</path>
         <kind>archive</kind>
         <file>rts430x_sc_sd_eabi.lib</file>
         <name>asr64.c.obj</name>
      </input_file>
      <input_file id="fl-97">
         <path>/home/vityha/ti/ccs1100/ccs/tools/compiler/ti-cgt-msp430_21.6.0.LTS/lib/</path>
         <kind>archive</kind>
         <file>rts430x_sc_sd_eabi.lib</file>
         <name>mult1632.asm.obj</name>
      </input_file>
   </input_file_list>
   <object_component_list>
      <object_component id="oc-716">
         <name>.cinit..data.load</name>
         <load_address>0xc400</load_address>
         <run_address>0xc400</run_address>
         <size>0x38</size>
      </object_component>
      <object_component id="oc-713">
         <name>__TI_handler_table</name>
         <load_address>0xc438</load_address>
         <run_address>0xc438</run_address>
         <size>0x6</size>
      </object_component>
      <object_component id="oc-715">
         <name>.cinit..bss.load</name>
         <load_address>0xc43e</load_address>
         <run_address>0xc43e</run_address>
         <size>0x4</size>
      </object_component>
      <object_component id="oc-714">
         <name>__TI_cinit_table</name>
         <load_address>0xc442</load_address>
         <run_address>0xc442</run_address>
         <size>0x8</size>
      </object_component>
      <object_component id="oc-6ab">
         <name>.binit</name>
         <load_address>0xc44a</load_address>
         <run_address>0xc44a</run_address>
         <size>0x0</size>
      </object_component>
      <object_component id="oc-25f">
         <name>.init_array</name>
         <load_address>0xc44a</load_address>
         <run_address>0xc44a</run_address>
         <size>0x2</size>
         <input_file_ref idref="fl-2"/>
      </object_component>
      <object_component id="oc-717">
         <name>__TI_INITARRAY_Limit</name>
         <load_address>0xc44c</load_address>
         <run_address>0xc44c</run_address>
         <size>0x0</size>
      </object_component>
      <object_component id="oc-47f">
         <name>.const:.string</name>
         <load_address>0xc44c</load_address>
         <run_address>0xc44c</run_address>
         <size>0x60</size>
         <input_file_ref idref="fl-3"/>
      </object_component>
      <object_component id="oc-58a">
         <name>.const:.string</name>
         <load_address>0xc4ac</load_address>
         <run_address>0xc4ac</run_address>
         <size>0x2a</size>
         <input_file_ref idref="fl-4"/>
      </object_component>
      <object_component id="oc-59a">
         <name>.const:.string</name>
         <load_address>0xc4d6</load_address>
         <run_address>0xc4d6</run_address>
         <size>0x26</size>
         <input_file_ref idref="fl-6e"/>
      </object_component>
      <object_component id="oc-61f">
         <name>.const:.typeinfo:_ZTSN10__cxxabiv120__si_class_type_infoE</name>
         <load_address>0xc4fc</load_address>
         <run_address>0xc4fc</run_address>
         <size>0x25</size>
         <input_file_ref idref="fl-41"/>
      </object_component>
      <object_component id="oc-655">
         <name>.const:.typeinfo:_ZTSN10__cxxabiv117__class_type_infoE</name>
         <load_address>0xc522</load_address>
         <run_address>0xc522</run_address>
         <size>0x22</size>
         <input_file_ref idref="fl-41"/>
      </object_component>
      <object_component id="oc-4e9">
         <name>.const:GPIO_PORT_TO_BASE</name>
         <load_address>0xc544</load_address>
         <run_address>0xc544</run_address>
         <size>0x1c</size>
         <input_file_ref idref="fl-10"/>
      </object_component>
      <object_component id="oc-36f">
         <name>.const:.string</name>
         <load_address>0xc560</load_address>
         <run_address>0xc560</run_address>
         <size>0x1a</size>
         <input_file_ref idref="fl-2"/>
      </object_component>
      <object_component id="oc-3ff">
         <name>.const:$P$T0$1</name>
         <load_address>0xc57a</load_address>
         <run_address>0xc57a</run_address>
         <size>0x10</size>
         <input_file_ref idref="fl-1e"/>
      </object_component>
      <object_component id="oc-3d9">
         <name>.const:_ZTV9BME280I2C</name>
         <load_address>0xc58a</load_address>
         <run_address>0xc58a</run_address>
         <size>0x10</size>
         <input_file_ref idref="fl-4"/>
      </object_component>
      <object_component id="oc-4b4">
         <name>.const:_ZTV6BME280</name>
         <load_address>0xc59a</load_address>
         <run_address>0xc59a</run_address>
         <size>0xe</size>
         <input_file_ref idref="fl-3"/>
      </object_component>
      <object_component id="oc-676">
         <name>.const:.typeinfo:_ZTSSt9type_info</name>
         <load_address>0xc5a8</load_address>
         <run_address>0xc5a8</run_address>
         <size>0xd</size>
         <input_file_ref idref="fl-6d"/>
      </object_component>
      <object_component id="oc-557">
         <name>.const:.typeinfo:_ZTS9BME280I2C</name>
         <load_address>0xc5b6</load_address>
         <run_address>0xc5b6</run_address>
         <size>0xb</size>
         <input_file_ref idref="fl-4"/>
      </object_component>
      <object_component id="oc-5c6">
         <name>.const:.typeinfo:_ZTS6BME280</name>
         <load_address>0xc5c2</load_address>
         <run_address>0xc5c2</run_address>
         <size>0x8</size>
         <input_file_ref idref="fl-3"/>
      </object_component>
      <object_component id="oc-5c1">
         <name>.const:_ZTVN10__cxxabiv117__class_type_infoE</name>
         <load_address>0xc5ca</load_address>
         <run_address>0xc5ca</run_address>
         <size>0x8</size>
         <input_file_ref idref="fl-41"/>
      </object_component>
      <object_component id="oc-552">
         <name>.const:_ZTVN10__cxxabiv120__si_class_type_infoE</name>
         <load_address>0xc5d2</load_address>
         <run_address>0xc5d2</run_address>
         <size>0x8</size>
         <input_file_ref idref="fl-41"/>
      </object_component>
      <object_component id="oc-4ba">
         <name>.const:.typeinfo:_ZTI9BME280I2C</name>
         <load_address>0xc5da</load_address>
         <run_address>0xc5da</run_address>
         <size>0x6</size>
         <input_file_ref idref="fl-4"/>
      </object_component>
      <object_component id="oc-60d">
         <name>.const:.typeinfo:_ZTIN10__cxxabiv117__class_type_infoE</name>
         <load_address>0xc5e0</load_address>
         <run_address>0xc5e0</run_address>
         <size>0x6</size>
         <input_file_ref idref="fl-41"/>
      </object_component>
      <object_component id="oc-5d3">
         <name>.const:.typeinfo:_ZTIN10__cxxabiv120__si_class_type_infoE</name>
         <load_address>0xc5e6</load_address>
         <run_address>0xc5e6</run_address>
         <size>0x6</size>
         <input_file_ref idref="fl-41"/>
      </object_component>
      <object_component id="oc-541">
         <name>.const:.typeinfo:_ZTI6BME280</name>
         <load_address>0xc5ec</load_address>
         <run_address>0xc5ec</run_address>
         <size>0x4</size>
         <input_file_ref idref="fl-3"/>
      </object_component>
      <object_component id="oc-65a">
         <name>.const:.typeinfo:_ZTISt9type_info</name>
         <load_address>0xc5f0</load_address>
         <run_address>0xc5f0</run_address>
         <size>0x4</size>
         <input_file_ref idref="fl-6d"/>
      </object_component>
      <object_component id="oc-4fc">
         <name>.text:__TI_printfi_minimal:_setfield___TI_printfi_minimal</name>
         <load_address>0xc5f4</load_address>
         <run_address>0xc5f4</run_address>
         <size>0x10e</size>
         <input_file_ref idref="fl-6e"/>
      </object_component>
      <object_component id="oc-284">
         <name>.text:USCI_B0_ISR</name>
         <load_address>0xc702</load_address>
         <run_address>0xc702</run_address>
         <size>0xe6</size>
         <input_file_ref idref="fl-5"/>
      </object_component>
      <object_component id="oc-469">
         <name>.text:__TI_printfi_minimal:__TI_printfi_minimal</name>
         <load_address>0xc7e8</load_address>
         <run_address>0xc7e8</run_address>
         <size>0xe0</size>
         <input_file_ref idref="fl-6e"/>
      </object_component>
      <object_component id="oc-687">
         <name>.text:free</name>
         <load_address>0xc8c8</load_address>
         <run_address>0xc8c8</run_address>
         <size>0xd2</size>
         <input_file_ref idref="fl-83"/>
      </object_component>
      <object_component id="oc-59b">
         <name>.text:__TI_printfi_minimal:_pproc_diouxp___TI_printfi_minimal</name>
         <load_address>0xc99a</load_address>
         <run_address>0xc99a</run_address>
         <size>0xc4</size>
         <input_file_ref idref="fl-6e"/>
      </object_component>
      <object_component id="oc-562">
         <name>.text:_ZN6BME2808ReadTrimEv</name>
         <load_address>0xca5e</load_address>
         <run_address>0xca5e</run_address>
         <size>0xc0</size>
         <input_file_ref idref="fl-3"/>
      </object_component>
      <object_component id="oc-3f0">
         <name>.text:_Z13Software_Trimv</name>
         <load_address>0xcb1e</load_address>
         <run_address>0xcb1e</run_address>
         <size>0xbe</size>
         <input_file_ref idref="fl-2"/>
      </object_component>
      <object_component id="oc-4d7">
         <name>.text:_ZN9BME280I2C12ReadRegisterEhPhh</name>
         <load_address>0xcbdc</load_address>
         <run_address>0xcbdc</run_address>
         <size>0x94</size>
         <input_file_ref idref="fl-4"/>
      </object_component>
      <object_component id="oc-402">
         <name>.text:EUSCI_A_UART_init</name>
         <load_address>0xcc70</load_address>
         <run_address>0xcc70</run_address>
         <size>0x90</size>
         <input_file_ref idref="fl-c"/>
      </object_component>
      <object_component id="oc-303">
         <name>.text:main</name>
         <load_address>0xcd00</load_address>
         <run_address>0xcd00</run_address>
         <size>0x90</size>
         <input_file_ref idref="fl-2"/>
      </object_component>
      <object_component id="oc-4bf">
         <name>.text:_ZN6BME28010InitializeEv</name>
         <load_address>0xcd90</load_address>
         <run_address>0xcd90</run_address>
         <size>0x72</size>
         <input_file_ref idref="fl-3"/>
      </object_component>
      <object_component id="oc-68">
         <name>.text:decompress:lzss:__TI_decompress_lzss</name>
         <load_address>0xce02</load_address>
         <run_address>0xce02</run_address>
         <size>0x6e</size>
         <input_file_ref idref="fl-68"/>
      </object_component>
      <object_component id="oc-3bc">
         <name>.text:__TI_auto_init_nobinit_hold_wdt:__TI_auto_init_nobinit_hold_wdt</name>
         <load_address>0xce70</load_address>
         <run_address>0xce70</run_address>
         <size>0x6c</size>
         <input_file_ref idref="fl-61"/>
      </object_component>
      <object_component id="oc-369">
         <name>.text:initUart</name>
         <load_address>0xcedc</load_address>
         <run_address>0xcedc</run_address>
         <size>0x6a</size>
         <input_file_ref idref="fl-1e"/>
      </object_component>
      <object_component id="oc-643">
         <name>.text:_ZN6BME2808ReadDataEPl</name>
         <load_address>0xcf46</load_address>
         <run_address>0xcf46</run_address>
         <size>0x54</size>
         <input_file_ref idref="fl-3"/>
      </object_component>
      <object_component id="oc-577">
         <name>.text:I2C_Master_WriteReg</name>
         <load_address>0xcf9a</load_address>
         <run_address>0xcf9a</run_address>
         <size>0x52</size>
         <input_file_ref idref="fl-5"/>
      </object_component>
      <object_component id="oc-386">
         <name>.text:_ZN6BME2805beginEv</name>
         <load_address>0xcfec</load_address>
         <run_address>0xcfec</run_address>
         <size>0x52</size>
         <input_file_ref idref="fl-3"/>
      </object_component>
      <object_component id="oc-56e">
         <name>.text:_ZN6BME28013WriteSettingsEv</name>
         <load_address>0xd03e</load_address>
         <run_address>0xd03e</run_address>
         <size>0x4c</size>
         <input_file_ref idref="fl-3"/>
      </object_component>
      <object_component id="oc-3f7">
         <name>.text:GPIO_setAsPeripheralModuleFunctionInputPin</name>
         <load_address>0xd08a</load_address>
         <run_address>0xd08a</run_address>
         <size>0x40</size>
         <input_file_ref idref="fl-10"/>
      </object_component>
      <object_component id="oc-57e">
         <name>.text:I2C_Master_ReadReg</name>
         <load_address>0xd0ca</load_address>
         <run_address>0xd0ca</run_address>
         <size>0x40</size>
         <input_file_ref idref="fl-5"/>
      </object_component>
      <object_component id="oc-55c">
         <name>.text:_ZN6BME28010ReadChipIDEv</name>
         <load_address>0xd10a</load_address>
         <run_address>0xd10a</run_address>
         <size>0x40</size>
         <input_file_ref idref="fl-3"/>
      </object_component>
      <object_component id="oc-5f0">
         <name>.text:_ZN6BME28018CalculateRegistersERhS0_S0_</name>
         <load_address>0xd14a</load_address>
         <run_address>0xd14a</run_address>
         <size>0x38</size>
         <input_file_ref idref="fl-3"/>
      </object_component>
      <object_component id="oc-2c6">
         <name>.text:__sti___8_main_cpp_bme</name>
         <load_address>0xd182</load_address>
         <run_address>0xd182</run_address>
         <size>0x38</size>
         <input_file_ref idref="fl-2"/>
      </object_component>
      <object_component id="oc-37a">
         <name>.text:sprintf</name>
         <load_address>0xd1ba</load_address>
         <run_address>0xd1ba</run_address>
         <size>0x38</size>
         <input_file_ref idref="fl-3f"/>
      </object_component>
      <object_component id="oc-568">
         <name>.text:_ZN6BME28016InitializeFilterEv</name>
         <load_address>0xd1f2</load_address>
         <run_address>0xd1f2</run_address>
         <size>0x32</size>
         <input_file_ref idref="fl-3"/>
      </object_component>
      <object_component id="oc-380">
         <name>.text:sendUartMsg</name>
         <load_address>0xd224</load_address>
         <run_address>0xd224</run_address>
         <size>0x32</size>
         <input_file_ref idref="fl-1e"/>
      </object_component>
      <object_component id="oc-35d">
         <name>.text:_Z8initGPIOv</name>
         <load_address>0xd256</load_address>
         <run_address>0xd256</run_address>
         <size>0x30</size>
         <input_file_ref idref="fl-2"/>
      </object_component>
      <object_component id="oc-357">
         <name>.text:_Z15initClockTo1MHzv</name>
         <load_address>0xd286</load_address>
         <run_address>0xd286</run_address>
         <size>0x2a</size>
         <input_file_ref idref="fl-2"/>
      </object_component>
      <object_component id="oc-69d">
         <name>.text:free_list_insert</name>
         <load_address>0xd2b0</load_address>
         <run_address>0xd2b0</run_address>
         <size>0x28</size>
         <input_file_ref idref="fl-83"/>
      </object_component>
      <object_component id="oc-322">
         <name>.text:_ZN9BME280I2CC1ERKNS_8SettingsE</name>
         <load_address>0xd2d8</load_address>
         <run_address>0xd2d8</run_address>
         <size>0x26</size>
         <input_file_ref idref="fl-4"/>
      </object_component>
      <object_component id="oc-5a1">
         <name>.text:memccpy</name>
         <load_address>0xd2fe</load_address>
         <run_address>0xd2fe</run_address>
         <size>0x22</size>
         <input_file_ref idref="fl-82"/>
      </object_component>
      <object_component id="oc-3d3">
         <name>.text:_ZN6BME280C1ERKNS_8SettingsE</name>
         <load_address>0xd320</load_address>
         <run_address>0xd320</run_address>
         <size>0x20</size>
         <input_file_ref idref="fl-3"/>
      </object_component>
      <object_component id="oc-4dd">
         <name>.text:_ZN9BME280I2C11setSettingsERKNS_8SettingsE</name>
         <load_address>0xd340</load_address>
         <run_address>0xd340</run_address>
         <size>0x20</size>
         <input_file_ref idref="fl-4"/>
      </object_component>
      <object_component id="oc-584">
         <name>.text:CopyArray</name>
         <load_address>0xd360</load_address>
         <run_address>0xd360</run_address>
         <size>0x1c</size>
         <input_file_ref idref="fl-5"/>
      </object_component>
      <object_component id="oc-363">
         <name>.text:_Z7initI2Cv</name>
         <load_address>0xd37c</load_address>
         <run_address>0xd37c</run_address>
         <size>0x1c</size>
         <input_file_ref idref="fl-2"/>
      </object_component>
      <object_component id="oc-29c">
         <name>.text:_c_int00_noargs</name>
         <load_address>0xd398</load_address>
         <run_address>0xd398</run_address>
         <size>0x1c</size>
         <input_file_ref idref="fl-60"/>
      </object_component>
      <object_component id="oc-697">
         <name>.text:free_list_remove</name>
         <load_address>0xd3b4</load_address>
         <run_address>0xd3b4</run_address>
         <size>0x1c</size>
         <input_file_ref idref="fl-83"/>
      </object_component>
      <object_component id="oc-414">
         <name>.text:EUSCI_A_UART_enableInterrupt</name>
         <load_address>0xd3d0</load_address>
         <run_address>0xd3d0</run_address>
         <size>0x1a</size>
         <input_file_ref idref="fl-c"/>
      </object_component>
      <object_component id="oc-4c5">
         <name>.text:_ZN6BME28011setSettingsERKNS_8SettingsE</name>
         <load_address>0xd3ea</load_address>
         <run_address>0xd3ea</run_address>
         <size>0x1a</size>
         <input_file_ref idref="fl-3"/>
      </object_component>
      <object_component id="oc-4d1">
         <name>.text:_ZN9BME280I2C13WriteRegisterEhh</name>
         <load_address>0xd404</load_address>
         <run_address>0xd404</run_address>
         <size>0x18</size>
         <input_file_ref idref="fl-4"/>
      </object_component>
      <object_component id="oc-45d">
         <name>.text:_outs</name>
         <load_address>0xd41c</load_address>
         <run_address>0xd41c</run_address>
         <size>0x18</size>
         <input_file_ref idref="fl-3f"/>
      </object_component>
      <object_component id="oc-5de">
         <name>.text:_ZN10__cxxabiv120__si_class_type_infoD0Ev</name>
         <load_address>0xd434</load_address>
         <run_address>0xd434</run_address>
         <size>0x16</size>
         <input_file_ref idref="fl-41"/>
      </object_component>
      <object_component id="oc-600">
         <name>.text</name>
         <load_address>0xd44a</load_address>
         <run_address>0xd44a</run_address>
         <size>0x16</size>
         <input_file_ref idref="fl-43"/>
      </object_component>
      <object_component id="oc-477">
         <name>.text:EUSCI_A_UART_transmitData</name>
         <load_address>0xd460</load_address>
         <run_address>0xd460</run_address>
         <size>0x14</size>
         <input_file_ref idref="fl-c"/>
      </object_component>
      <object_component id="oc-618">
         <name>.text:_ZN10__cxxabiv117__class_type_infoD0Ev</name>
         <load_address>0xd474</load_address>
         <run_address>0xd474</run_address>
         <size>0x14</size>
         <input_file_ref idref="fl-41"/>
      </object_component>
      <object_component id="oc-28a">
         <name>.text:decompress:ZI:__TI_zero_init_nomemset:__TI_zero_init_nomemset</name>
         <load_address>0xd488</load_address>
         <run_address>0xd488</run_address>
         <size>0x14</size>
         <input_file_ref idref="fl-62"/>
      </object_component>
      <object_component id="oc-594">
         <name>.text:memset</name>
         <load_address>0xd49c</load_address>
         <run_address>0xd49c</run_address>
         <size>0x14</size>
         <input_file_ref idref="fl-84"/>
      </object_component>
      <object_component id="oc-535">
         <name>.text</name>
         <load_address>0xd4b0</load_address>
         <run_address>0xd4b0</run_address>
         <size>0x14</size>
         <input_file_ref idref="fl-5a"/>
      </object_component>
      <object_component id="oc-471">
         <name>.text:stringLength</name>
         <load_address>0xd4c4</load_address>
         <run_address>0xd4c4</run_address>
         <size>0x14</size>
         <input_file_ref idref="fl-1e"/>
      </object_component>
      <object_component id="oc-463">
         <name>.text:_outc</name>
         <load_address>0xd4d8</load_address>
         <run_address>0xd4d8</run_address>
         <size>0x12</size>
         <input_file_ref idref="fl-3f"/>
      </object_component>
      <object_component id="oc-6e">
         <name>.text:decompress:none:__TI_decompress_none</name>
         <load_address>0xd4ea</load_address>
         <run_address>0xd4ea</run_address>
         <size>0x12</size>
         <input_file_ref idref="fl-67"/>
      </object_component>
      <object_component id="oc-272">
         <name>.text:memcpy</name>
         <load_address>0xd4fc</load_address>
         <run_address>0xd4fc</run_address>
         <size>0x12</size>
         <input_file_ref idref="fl-6c"/>
      </object_component>
      <object_component id="oc-612">
         <name>.text:_ZN10__cxxabiv117__class_type_infoD1Ev</name>
         <load_address>0xd50e</load_address>
         <run_address>0xd50e</run_address>
         <size>0xe</size>
         <input_file_ref idref="fl-41"/>
      </object_component>
      <object_component id="oc-5d8">
         <name>.text:_ZN10__cxxabiv120__si_class_type_infoD1Ev</name>
         <load_address>0xd51c</load_address>
         <run_address>0xd51c</run_address>
         <size>0xe</size>
         <input_file_ref idref="fl-41"/>
      </object_component>
      <object_component id="oc-4f6">
         <name>.text:strlen</name>
         <load_address>0xd52a</load_address>
         <run_address>0xd52a</run_address>
         <size>0xe</size>
         <input_file_ref idref="fl-86"/>
      </object_component>
      <object_component id="oc-5e9">
         <name>.text:_ZN6BME2804readERfS0_S0_NS_8TempUnitENS_8PresUnitEPl</name>
         <load_address>0xd538</load_address>
         <run_address>0xd538</run_address>
         <size>0xa</size>
         <input_file_ref idref="fl-3"/>
      </object_component>
      <object_component id="oc-667">
         <name>.text:_ZdlPv</name>
         <load_address>0xd542</load_address>
         <run_address>0xd542</run_address>
         <size>0xa</size>
         <input_file_ref idref="fl-6f"/>
      </object_component>
      <object_component id="oc-54c">
         <name>.text:__cxa_pure_virtual</name>
         <load_address>0xd54c</load_address>
         <run_address>0xd54c</run_address>
         <size>0x8</size>
         <input_file_ref idref="fl-40"/>
      </object_component>
      <object_component id="oc-27f">
         <name>.text:_isr:__TI_ISR_TRAP</name>
         <load_address>0xd554</load_address>
         <run_address>0xd554</run_address>
         <size>0x8</size>
         <input_file_ref idref="fl-57"/>
      </object_component>
      <object_component id="oc-40e">
         <name>.text:EUSCI_A_UART_clearInterrupt</name>
         <load_address>0xd55c</load_address>
         <run_address>0xd55c</run_address>
         <size>0x6</size>
         <input_file_ref idref="fl-c"/>
      </object_component>
      <object_component id="oc-408">
         <name>.text:EUSCI_A_UART_enable</name>
         <load_address>0xd562</load_address>
         <run_address>0xd562</run_address>
         <size>0x6</size>
         <input_file_ref idref="fl-c"/>
      </object_component>
      <object_component id="oc-4cb">
         <name>.text:_ZNK9BME280I2C11getSettingsEv</name>
         <load_address>0xd568</load_address>
         <run_address>0xd568</run_address>
         <size>0x6</size>
         <input_file_ref idref="fl-4"/>
      </object_component>
      <object_component id="oc-392">
         <name>.text:abort</name>
         <load_address>0xd56e</load_address>
         <run_address>0xd56e</run_address>
         <size>0x6</size>
         <input_file_ref idref="fl-69"/>
      </object_component>
      <object_component id="oc-546">
         <name>.text:_ZNK6BME28011getSettingsEv</name>
         <load_address>0xd574</load_address>
         <run_address>0xd574</run_address>
         <size>0x4</size>
         <input_file_ref idref="fl-3"/>
      </object_component>
      <object_component id="oc-630">
         <name>.text:_ZdlPvj</name>
         <load_address>0xd578</load_address>
         <run_address>0xd578</run_address>
         <size>0x4</size>
         <input_file_ref idref="fl-6f"/>
      </object_component>
      <object_component id="oc-5cc">
         <name>.text:__abort_execution</name>
         <load_address>0xd57c</load_address>
         <run_address>0xd57c</run_address>
         <size>0x4</size>
         <input_file_ref idref="fl-71"/>
      </object_component>
      <object_component id="oc-2fd">
         <name>.text:_system_pre_init</name>
         <load_address>0xd580</load_address>
         <run_address>0xd580</run_address>
         <size>0x4</size>
         <input_file_ref idref="fl-65"/>
      </object_component>
      <object_component id="oc-624">
         <name>.text:_ZNSt9type_infoD1Ev</name>
         <load_address>0xd584</load_address>
         <run_address>0xd584</run_address>
         <size>0x2</size>
         <input_file_ref idref="fl-6d"/>
      </object_component>
      <object_component id="oc-516">
         <name>.text:_nop</name>
         <load_address>0xd586</load_address>
         <run_address>0xd586</run_address>
         <size>0x2</size>
         <input_file_ref idref="fl-6a"/>
      </object_component>
      <object_component id="oc-493">
         <name>.text:_system_post_cinit</name>
         <load_address>0xd588</load_address>
         <run_address>0xd588</run_address>
         <size>0x2</size>
         <input_file_ref idref="fl-66"/>
      </object_component>
      <object_component id="oc-31f">
         <name>.bss:bme</name>
         <uninitialized>true</uninitialized>
         <run_address>0x2064</run_address>
         <size>0x44</size>
         <input_file_ref idref="fl-2"/>
      </object_component>
      <object_component id="oc-6a4">
         <name>.bss</name>
         <uninitialized>true</uninitialized>
         <run_address>0x20a8</run_address>
         <size>0x2</size>
         <input_file_ref idref="fl-83"/>
      </object_component>
      <object_component id="oc-370">
         <name>.common:str</name>
         <uninitialized>true</uninitialized>
         <run_address>0x2000</run_address>
         <size>0x64</size>
      </object_component>
      <object_component id="oc-2e6">
         <name>.data</name>
         <load_address>0x2174</load_address>
         <run_address>0x2174</run_address>
         <size>0x7</size>
         <input_file_ref idref="fl-5"/>
      </object_component>
      <object_component id="oc-2ec">
         <name>.data:ReceiveBuffer</name>
         <load_address>0x214c</load_address>
         <run_address>0x214c</run_address>
         <size>0x14</size>
         <input_file_ref idref="fl-5"/>
      </object_component>
      <object_component id="oc-2e9">
         <name>.data:TransmitBuffer</name>
         <load_address>0x2160</load_address>
         <run_address>0x2160</run_address>
         <size>0x14</size>
         <input_file_ref idref="fl-5"/>
      </object_component>
      <object_component id="oc-485">
         <name>.data:_lock</name>
         <load_address>0x217c</load_address>
         <run_address>0x217c</run_address>
         <size>0x2</size>
         <input_file_ref idref="fl-6a"/>
      </object_component>
      <object_component id="oc-48e">
         <name>.data:_unlock</name>
         <load_address>0x217e</load_address>
         <run_address>0x217e</run_address>
         <size>0x2</size>
         <input_file_ref idref="fl-6a"/>
      </object_component>
      <object_component id="oc-264">
         <name>.sysmem</name>
         <uninitialized>true</uninitialized>
         <run_address>0x20ac</run_address>
         <size>0x8</size>
         <input_file_ref idref="fl-83"/>
      </object_component>
      <object_component id="oc-719">
         <name>.sysmem</name>
         <uninitialized>true</uninitialized>
         <run_address>0x20ac</run_address>
         <size>0x0</size>
      </object_component>
      <object_component id="oc-260">
         <name>.stack</name>
         <uninitialized>true</uninitialized>
         <run_address>0x2f60</run_address>
         <size>0x2</size>
         <input_file_ref idref="fl-60"/>
      </object_component>
      <object_component id="oc-718">
         <name>.stack</name>
         <uninitialized>true</uninitialized>
         <run_address>0x2f60</run_address>
         <size>0x0</size>
      </object_component>
      <object_component id="oc-74">
         <name>.int41</name>
         <load_address>0xffda</load_address>
         <run_address>0xffda</run_address>
         <size>0x2</size>
         <input_file_ref idref="fl-46"/>
      </object_component>
      <object_component id="oc-75">
         <name>.int42</name>
         <load_address>0xffdc</load_address>
         <run_address>0xffdc</run_address>
         <size>0x2</size>
         <input_file_ref idref="fl-47"/>
      </object_component>
      <object_component id="oc-76">
         <name>.int43</name>
         <load_address>0xffde</load_address>
         <run_address>0xffde</run_address>
         <size>0x2</size>
         <input_file_ref idref="fl-48"/>
      </object_component>
      <object_component id="oc-77">
         <name>.int44</name>
         <load_address>0xffe0</load_address>
         <run_address>0xffe0</run_address>
         <size>0x2</size>
         <input_file_ref idref="fl-5"/>
      </object_component>
      <object_component id="oc-78">
         <name>.int45</name>
         <load_address>0xffe2</load_address>
         <run_address>0xffe2</run_address>
         <size>0x2</size>
         <input_file_ref idref="fl-49"/>
      </object_component>
      <object_component id="oc-79">
         <name>.int46</name>
         <load_address>0xffe4</load_address>
         <run_address>0xffe4</run_address>
         <size>0x2</size>
         <input_file_ref idref="fl-4a"/>
      </object_component>
      <object_component id="oc-7a">
         <name>.int47</name>
         <load_address>0xffe6</load_address>
         <run_address>0xffe6</run_address>
         <size>0x2</size>
         <input_file_ref idref="fl-4b"/>
      </object_component>
      <object_component id="oc-7b">
         <name>.int48</name>
         <load_address>0xffe8</load_address>
         <run_address>0xffe8</run_address>
         <size>0x2</size>
         <input_file_ref idref="fl-4c"/>
      </object_component>
      <object_component id="oc-7c">
         <name>.int49</name>
         <load_address>0xffea</load_address>
         <run_address>0xffea</run_address>
         <size>0x2</size>
         <input_file_ref idref="fl-4d"/>
      </object_component>
      <object_component id="oc-7d">
         <name>.int50</name>
         <load_address>0xffec</load_address>
         <run_address>0xffec</run_address>
         <size>0x2</size>
         <input_file_ref idref="fl-4e"/>
      </object_component>
      <object_component id="oc-7e">
         <name>.int51</name>
         <load_address>0xffee</load_address>
         <run_address>0xffee</run_address>
         <size>0x2</size>
         <input_file_ref idref="fl-4f"/>
      </object_component>
      <object_component id="oc-7f">
         <name>.int52</name>
         <load_address>0xfff0</load_address>
         <run_address>0xfff0</run_address>
         <size>0x2</size>
         <input_file_ref idref="fl-50"/>
      </object_component>
      <object_component id="oc-80">
         <name>.int53</name>
         <load_address>0xfff2</load_address>
         <run_address>0xfff2</run_address>
         <size>0x2</size>
         <input_file_ref idref="fl-51"/>
      </object_component>
      <object_component id="oc-81">
         <name>.int54</name>
         <load_address>0xfff4</load_address>
         <run_address>0xfff4</run_address>
         <size>0x2</size>
         <input_file_ref idref="fl-52"/>
      </object_component>
      <object_component id="oc-82">
         <name>.int55</name>
         <load_address>0xfff6</load_address>
         <run_address>0xfff6</run_address>
         <size>0x2</size>
         <input_file_ref idref="fl-53"/>
      </object_component>
      <object_component id="oc-83">
         <name>.int56</name>
         <load_address>0xfff8</load_address>
         <run_address>0xfff8</run_address>
         <size>0x2</size>
         <input_file_ref idref="fl-54"/>
      </object_component>
      <object_component id="oc-84">
         <name>.int57</name>
         <load_address>0xfffa</load_address>
         <run_address>0xfffa</run_address>
         <size>0x2</size>
         <input_file_ref idref="fl-55"/>
      </object_component>
      <object_component id="oc-85">
         <name>.int58</name>
         <load_address>0xfffc</load_address>
         <run_address>0xfffc</run_address>
         <size>0x2</size>
         <input_file_ref idref="fl-56"/>
      </object_component>
      <object_component id="oc-263">
         <name>.reset</name>
         <load_address>0xfffe</load_address>
         <run_address>0xfffe</run_address>
         <size>0x2</size>
         <input_file_ref idref="fl-60"/>
      </object_component>
      <object_component id="oc-371">
         <name>.debug_info</name>
         <load_address>0x0</load_address>
         <run_address>0x0</run_address>
         <size>0xca9</size>
         <input_file_ref idref="fl-2"/>
      </object_component>
      <object_component id="oc-320">
         <name>.debug_info</name>
         <load_address>0xca9</load_address>
         <run_address>0xca9</run_address>
         <size>0xf2</size>
         <input_file_ref idref="fl-2"/>
      </object_component>
      <object_component id="oc-3f1">
         <name>.debug_info</name>
         <load_address>0xd9b</load_address>
         <run_address>0xd9b</run_address>
         <size>0x259</size>
         <input_file_ref idref="fl-2"/>
      </object_component>
      <object_component id="oc-358">
         <name>.debug_info</name>
         <load_address>0xff4</load_address>
         <run_address>0xff4</run_address>
         <size>0x156</size>
         <input_file_ref idref="fl-2"/>
      </object_component>
      <object_component id="oc-35e">
         <name>.debug_info</name>
         <load_address>0x114a</load_address>
         <run_address>0x114a</run_address>
         <size>0x190</size>
         <input_file_ref idref="fl-2"/>
      </object_component>
      <object_component id="oc-364">
         <name>.debug_info</name>
         <load_address>0x12da</load_address>
         <run_address>0x12da</run_address>
         <size>0x12c</size>
         <input_file_ref idref="fl-2"/>
      </object_component>
      <object_component id="oc-304">
         <name>.debug_info</name>
         <load_address>0x1406</load_address>
         <run_address>0x1406</run_address>
         <size>0x1c8</size>
         <input_file_ref idref="fl-2"/>
      </object_component>
      <object_component id="oc-2c7">
         <name>.debug_info</name>
         <load_address>0x15ce</load_address>
         <run_address>0x15ce</run_address>
         <size>0x163</size>
         <input_file_ref idref="fl-2"/>
      </object_component>
      <object_component id="oc-3df">
         <name>.debug_info</name>
         <load_address>0x1731</load_address>
         <run_address>0x1731</run_address>
         <size>0x78b</size>
         <input_file_ref idref="fl-2"/>
      </object_component>
      <object_component id="oc-329">
         <name>.debug_info</name>
         <load_address>0x1ebc</load_address>
         <run_address>0x1ebc</run_address>
         <size>0x23a</size>
         <input_file_ref idref="fl-2"/>
      </object_component>
      <object_component id="oc-422">
         <name>.debug_info</name>
         <load_address>0x20f6</load_address>
         <run_address>0x20f6</run_address>
         <size>0xa8</size>
         <input_file_ref idref="fl-2"/>
      </object_component>
      <object_component id="oc-427">
         <name>.debug_info</name>
         <load_address>0x219e</load_address>
         <run_address>0x219e</run_address>
         <size>0x20a</size>
         <input_file_ref idref="fl-2"/>
      </object_component>
      <object_component id="oc-42c">
         <name>.debug_info</name>
         <load_address>0x23a8</load_address>
         <run_address>0x23a8</run_address>
         <size>0x120</size>
         <input_file_ref idref="fl-2"/>
      </object_component>
      <object_component id="oc-431">
         <name>.debug_info</name>
         <load_address>0x24c8</load_address>
         <run_address>0x24c8</run_address>
         <size>0x159</size>
         <input_file_ref idref="fl-2"/>
      </object_component>
      <object_component id="oc-436">
         <name>.debug_info</name>
         <load_address>0x2621</load_address>
         <run_address>0x2621</run_address>
         <size>0x20a</size>
         <input_file_ref idref="fl-2"/>
      </object_component>
      <object_component id="oc-458">
         <name>.debug_info</name>
         <load_address>0x282b</load_address>
         <run_address>0x282b</run_address>
         <size>0x8b</size>
         <input_file_ref idref="fl-2"/>
      </object_component>
      <object_component id="oc-43b">
         <name>.debug_info</name>
         <load_address>0x28b6</load_address>
         <run_address>0x28b6</run_address>
         <size>0x4b8</size>
         <input_file_ref idref="fl-2"/>
      </object_component>
      <object_component id="oc-38d">
         <name>.debug_info</name>
         <load_address>0x2d6e</load_address>
         <run_address>0x2d6e</run_address>
         <size>0x8b</size>
         <input_file_ref idref="fl-2"/>
      </object_component>
      <object_component id="oc-4e3">
         <name>.debug_info</name>
         <load_address>0x2df9</load_address>
         <run_address>0x2df9</run_address>
         <size>0x282</size>
         <input_file_ref idref="fl-2"/>
      </object_component>
      <object_component id="oc-3e4">
         <name>.debug_info</name>
         <load_address>0x307b</load_address>
         <run_address>0x307b</run_address>
         <size>0xbb</size>
         <input_file_ref idref="fl-2"/>
      </object_component>
      <object_component id="oc-440">
         <name>.debug_info</name>
         <load_address>0x3136</load_address>
         <run_address>0x3136</run_address>
         <size>0x2a1</size>
         <input_file_ref idref="fl-2"/>
      </object_component>
      <object_component id="oc-445">
         <name>.debug_info</name>
         <load_address>0x33d7</load_address>
         <run_address>0x33d7</run_address>
         <size>0x10b</size>
         <input_file_ref idref="fl-2"/>
      </object_component>
      <object_component id="oc-44a">
         <name>.debug_info</name>
         <load_address>0x34e2</load_address>
         <run_address>0x34e2</run_address>
         <size>0x32b</size>
         <input_file_ref idref="fl-2"/>
      </object_component>
      <object_component id="oc-374">
         <name>.debug_info</name>
         <load_address>0x380d</load_address>
         <run_address>0x380d</run_address>
         <size>0xdcc</size>
         <input_file_ref idref="fl-3"/>
      </object_component>
      <object_component id="oc-4b5">
         <name>.debug_info</name>
         <load_address>0x45d9</load_address>
         <run_address>0x45d9</run_address>
         <size>0x121</size>
         <input_file_ref idref="fl-3"/>
      </object_component>
      <object_component id="oc-542">
         <name>.debug_info</name>
         <load_address>0x46fa</load_address>
         <run_address>0x46fa</run_address>
         <size>0x113</size>
         <input_file_ref idref="fl-3"/>
      </object_component>
      <object_component id="oc-5c7">
         <name>.debug_info</name>
         <load_address>0x480d</load_address>
         <run_address>0x480d</run_address>
         <size>0x118</size>
         <input_file_ref idref="fl-3"/>
      </object_component>
      <object_component id="oc-547">
         <name>.debug_info</name>
         <load_address>0x4925</load_address>
         <run_address>0x4925</run_address>
         <size>0x16a</size>
         <input_file_ref idref="fl-3"/>
      </object_component>
      <object_component id="oc-3d4">
         <name>.debug_info</name>
         <load_address>0x4a8f</load_address>
         <run_address>0x4a8f</run_address>
         <size>0x19a</size>
         <input_file_ref idref="fl-3"/>
      </object_component>
      <object_component id="oc-5f1">
         <name>.debug_info</name>
         <load_address>0x4c29</load_address>
         <run_address>0x4c29</run_address>
         <size>0x20d</size>
         <input_file_ref idref="fl-3"/>
      </object_component>
      <object_component id="oc-55d">
         <name>.debug_info</name>
         <load_address>0x4e36</load_address>
         <run_address>0x4e36</run_address>
         <size>0x18d</size>
         <input_file_ref idref="fl-3"/>
      </object_component>
      <object_component id="oc-644">
         <name>.debug_info</name>
         <load_address>0x4fc3</load_address>
         <run_address>0x4fc3</run_address>
         <size>0x1e8</size>
         <input_file_ref idref="fl-3"/>
      </object_component>
      <object_component id="oc-5ea">
         <name>.debug_info</name>
         <load_address>0x51ab</load_address>
         <run_address>0x51ab</run_address>
         <size>0x233</size>
         <input_file_ref idref="fl-3"/>
      </object_component>
      <object_component id="oc-569">
         <name>.debug_info</name>
         <load_address>0x53de</load_address>
         <run_address>0x53de</run_address>
         <size>0x20a</size>
         <input_file_ref idref="fl-3"/>
      </object_component>
      <object_component id="oc-4c0">
         <name>.debug_info</name>
         <load_address>0x55e8</load_address>
         <run_address>0x55e8</run_address>
         <size>0x251</size>
         <input_file_ref idref="fl-3"/>
      </object_component>
      <object_component id="oc-56f">
         <name>.debug_info</name>
         <load_address>0x5839</load_address>
         <run_address>0x5839</run_address>
         <size>0x209</size>
         <input_file_ref idref="fl-3"/>
      </object_component>
      <object_component id="oc-4c6">
         <name>.debug_info</name>
         <load_address>0x5a42</load_address>
         <run_address>0x5a42</run_address>
         <size>0x1cc</size>
         <input_file_ref idref="fl-3"/>
      </object_component>
      <object_component id="oc-563">
         <name>.debug_info</name>
         <load_address>0x5c0e</load_address>
         <run_address>0x5c0e</run_address>
         <size>0x1c7</size>
         <input_file_ref idref="fl-3"/>
      </object_component>
      <object_component id="oc-387">
         <name>.debug_info</name>
         <load_address>0x5dd5</load_address>
         <run_address>0x5dd5</run_address>
         <size>0x1cb</size>
         <input_file_ref idref="fl-3"/>
      </object_component>
      <object_component id="oc-451">
         <name>.debug_info</name>
         <load_address>0x5fa0</load_address>
         <run_address>0x5fa0</run_address>
         <size>0x783</size>
         <input_file_ref idref="fl-3"/>
      </object_component>
      <object_component id="oc-377">
         <name>.debug_info</name>
         <load_address>0x6723</load_address>
         <run_address>0x6723</run_address>
         <size>0x1017</size>
         <input_file_ref idref="fl-4"/>
      </object_component>
      <object_component id="oc-3da">
         <name>.debug_info</name>
         <load_address>0x773a</load_address>
         <run_address>0x773a</run_address>
         <size>0x12a</size>
         <input_file_ref idref="fl-4"/>
      </object_component>
      <object_component id="oc-4bb">
         <name>.debug_info</name>
         <load_address>0x7864</load_address>
         <run_address>0x7864</run_address>
         <size>0x11c</size>
         <input_file_ref idref="fl-4"/>
      </object_component>
      <object_component id="oc-558">
         <name>.debug_info</name>
         <load_address>0x7980</load_address>
         <run_address>0x7980</run_address>
         <size>0x121</size>
         <input_file_ref idref="fl-4"/>
      </object_component>
      <object_component id="oc-4cc">
         <name>.debug_info</name>
         <load_address>0x7aa1</load_address>
         <run_address>0x7aa1</run_address>
         <size>0x176</size>
         <input_file_ref idref="fl-4"/>
      </object_component>
      <object_component id="oc-323">
         <name>.debug_info</name>
         <load_address>0x7c17</load_address>
         <run_address>0x7c17</run_address>
         <size>0x1e5</size>
         <input_file_ref idref="fl-4"/>
      </object_component>
      <object_component id="oc-4d2">
         <name>.debug_info</name>
         <load_address>0x7dfc</load_address>
         <run_address>0x7dfc</run_address>
         <size>0x1d1</size>
         <input_file_ref idref="fl-4"/>
      </object_component>
      <object_component id="oc-4d8">
         <name>.debug_info</name>
         <load_address>0x7fcd</load_address>
         <run_address>0x7fcd</run_address>
         <size>0x270</size>
         <input_file_ref idref="fl-4"/>
      </object_component>
      <object_component id="oc-4de">
         <name>.debug_info</name>
         <load_address>0x823d</load_address>
         <run_address>0x823d</run_address>
         <size>0x1fd</size>
         <input_file_ref idref="fl-4"/>
      </object_component>
      <object_component id="oc-34c">
         <name>.debug_info</name>
         <load_address>0x843a</load_address>
         <run_address>0x843a</run_address>
         <size>0x2ce</size>
         <input_file_ref idref="fl-5"/>
      </object_component>
      <object_component id="oc-2e7">
         <name>.debug_info</name>
         <load_address>0x8708</load_address>
         <run_address>0x8708</run_address>
         <size>0x1d4</size>
         <input_file_ref idref="fl-5"/>
      </object_component>
      <object_component id="oc-2ed">
         <name>.debug_info</name>
         <load_address>0x88dc</load_address>
         <run_address>0x88dc</run_address>
         <size>0x111</size>
         <input_file_ref idref="fl-5"/>
      </object_component>
      <object_component id="oc-2ea">
         <name>.debug_info</name>
         <load_address>0x89ed</load_address>
         <run_address>0x89ed</run_address>
         <size>0x113</size>
         <input_file_ref idref="fl-5"/>
      </object_component>
      <object_component id="oc-285">
         <name>.debug_info</name>
         <load_address>0x8b00</load_address>
         <run_address>0x8b00</run_address>
         <size>0x167</size>
         <input_file_ref idref="fl-5"/>
      </object_component>
      <object_component id="oc-585">
         <name>.debug_info</name>
         <load_address>0x8c67</load_address>
         <run_address>0x8c67</run_address>
         <size>0x1da</size>
         <input_file_ref idref="fl-5"/>
      </object_component>
      <object_component id="oc-578">
         <name>.debug_info</name>
         <load_address>0x8e41</load_address>
         <run_address>0x8e41</run_address>
         <size>0x231</size>
         <input_file_ref idref="fl-5"/>
      </object_component>
      <object_component id="oc-57f">
         <name>.debug_info</name>
         <load_address>0x9072</load_address>
         <run_address>0x9072</run_address>
         <size>0x1ed</size>
         <input_file_ref idref="fl-5"/>
      </object_component>
      <object_component id="oc-3eb">
         <name>.debug_info</name>
         <load_address>0x925f</load_address>
         <run_address>0x925f</run_address>
         <size>0x26b</size>
         <input_file_ref idref="fl-5"/>
      </object_component>
      <object_component id="oc-345">
         <name>.debug_info</name>
         <load_address>0x94ca</load_address>
         <run_address>0x94ca</run_address>
         <size>0x8b</size>
         <input_file_ref idref="fl-5"/>
      </object_component>
      <object_component id="oc-26d">
         <name>.debug_info</name>
         <load_address>0x9555</load_address>
         <run_address>0x9555</run_address>
         <size>0x84</size>
         <input_file_ref idref="fl-5"/>
      </object_component>
      <object_component id="oc-34f">
         <name>.debug_info</name>
         <load_address>0x95d9</load_address>
         <run_address>0x95d9</run_address>
         <size>0x282</size>
         <input_file_ref idref="fl-5"/>
      </object_component>
      <object_component id="oc-2f0">
         <name>.debug_info</name>
         <load_address>0x985b</load_address>
         <run_address>0x985b</run_address>
         <size>0xbb</size>
         <input_file_ref idref="fl-5"/>
      </object_component>
      <object_component id="oc-4f0">
         <name>.debug_info</name>
         <load_address>0x9916</load_address>
         <run_address>0x9916</run_address>
         <size>0x17d</size>
         <input_file_ref idref="fl-c"/>
      </object_component>
      <object_component id="oc-478">
         <name>.debug_info</name>
         <load_address>0x9a93</load_address>
         <run_address>0x9a93</run_address>
         <size>0x1fc</size>
         <input_file_ref idref="fl-c"/>
      </object_component>
      <object_component id="oc-403">
         <name>.debug_info</name>
         <load_address>0x9c8f</load_address>
         <run_address>0x9c8f</run_address>
         <size>0x1e9</size>
         <input_file_ref idref="fl-c"/>
      </object_component>
      <object_component id="oc-415">
         <name>.debug_info</name>
         <load_address>0x9e78</load_address>
         <run_address>0x9e78</run_address>
         <size>0x1f9</size>
         <input_file_ref idref="fl-c"/>
      </object_component>
      <object_component id="oc-409">
         <name>.debug_info</name>
         <load_address>0xa071</load_address>
         <run_address>0xa071</run_address>
         <size>0x1ae</size>
         <input_file_ref idref="fl-c"/>
      </object_component>
      <object_component id="oc-40f">
         <name>.debug_info</name>
         <load_address>0xa21f</load_address>
         <run_address>0xa21f</run_address>
         <size>0x1e0</size>
         <input_file_ref idref="fl-c"/>
      </object_component>
      <object_component id="oc-41b">
         <name>.debug_info</name>
         <load_address>0xa3ff</load_address>
         <run_address>0xa3ff</run_address>
         <size>0xee</size>
         <input_file_ref idref="fl-c"/>
      </object_component>
      <object_component id="oc-58f">
         <name>.debug_info</name>
         <load_address>0xa4ed</load_address>
         <run_address>0xa4ed</run_address>
         <size>0x182</size>
         <input_file_ref idref="fl-10"/>
      </object_component>
      <object_component id="oc-4ea">
         <name>.debug_info</name>
         <load_address>0xa66f</load_address>
         <run_address>0xa66f</run_address>
         <size>0x115</size>
[...]
      </symbol>
      <symbol id="sm-1e1">
         <name>__SYSMEM_SIZE</name>
         <value>0xa0</value>
      </symbol>
      <symbol id="sm-1e2">
         <name>__c_args__</name>
         <value>0xffffffff</value>
      </symbol>
      <symbol id="sm-1e3">
         <name>__TI_pprof_out_hndl</name>
         <value>0xffffffff</value>
      </symbol>
      <symbol id="sm-1e4">
         <name>__TI_prof_data_start</name>
         <value>0xffffffff</value>
      </symbol>
      <symbol id="sm-1e5">
         <name>__TI_prof_data_size</name>
         <value>0xffffffff</value>
      </symbol>
      <symbol id="sm-2d2">
         <name>str</name>
         <value>0x2000</value>
      </symbol>
      <symbol id="sm-2d3">
         <name>_Z7initI2Cv</name>
         <value>0xd37c</value>
         <object_component_ref idref="oc-363"/>
      </symbol>
      <symbol id="sm-2d4">
         <name>_Z13Software_Trimv</name>
         <value>0xcb1e</value>
         <object_component_ref idref="oc-3f0"/>
      </symbol>
      <symbol id="sm-2d5">
         <name>_Z15initClockTo1MHzv</name>
         <value>0xd286</value>
         <object_component_ref idref="oc-357"/>
      </symbol>
      <symbol id="sm-2d6">
         <name>main</name>
         <value>0xcd00</value>
         <object_component_ref idref="oc-303"/>
      </symbol>
      <symbol id="sm-2d7">
         <name>bme</name>
         <value>0x2064</value>
         <object_component_ref idref="oc-31f"/>
      </symbol>
      <symbol id="sm-2d8">
         <name>_Z8initGPIOv</name>
         <value>0xd256</value>
         <object_component_ref idref="oc-35d"/>
      </symbol>
      <symbol id="sm-2d9">
         <name>__sti___8_main_cpp_bme</name>
         <value>0xd182</value>
         <object_component_ref idref="oc-2c6"/>
      </symbol>
      <symbol id="sm-35b">
         <name>_ZN6BME280C1ERKNS_8SettingsE</name>
         <value>0xd320</value>
         <object_component_ref idref="oc-3d3"/>
      </symbol>
      <symbol id="sm-35c">
         <name>_ZN6BME2808ReadTrimEv</name>
         <value>0xca5e</value>
         <object_component_ref idref="oc-562"/>
      </symbol>
      <symbol id="sm-35d">
         <name>_ZN6BME2805beginEv</name>
         <value>0xcfec</value>
         <object_component_ref idref="oc-386"/>
      </symbol>
      <symbol id="sm-35e">
         <name>_ZN6BME28013WriteSettingsEv</name>
         <value>0xd03e</value>
         <object_component_ref idref="oc-56e"/>
      </symbol>
      <symbol id="sm-35f">
         <name>_ZN6BME2808ReadDataEPl</name>
         <value>0xcf46</value>
         <object_component_ref idref="oc-643"/>
      </symbol>
      <symbol id="sm-360">
         <name>_ZN6BME28018CalculateRegistersERhS0_S0_</name>
         <value>0xd14a</value>
         <object_component_ref idref="oc-5f0"/>
      </symbol>
      <symbol id="sm-361">
         <name>_ZN6BME28011setSettingsERKNS_8SettingsE</name>
         <value>0xd3ea</value>
         <object_component_ref idref="oc-4c5"/>
      </symbol>
      <symbol id="sm-362">
         <name>_ZN6BME28010InitializeEv</name>
         <value>0xcd90</value>
         <object_component_ref idref="oc-4bf"/>
      </symbol>
      <symbol id="sm-363">
         <name>_ZN6BME28010ReadChipIDEv</name>
         <value>0xd10a</value>
         <object_component_ref idref="oc-55c"/>
      </symbol>
      <symbol id="sm-364">
         <name>_ZTI6BME280</name>
         <value>0xc5ec</value>
         <object_component_ref idref="oc-541"/>
      </symbol>
      <symbol id="sm-365">
         <name>_ZN6BME28016InitializeFilterEv</name>
         <value>0xd1f2</value>
         <object_component_ref idref="oc-568"/>
      </symbol>
      <symbol id="sm-366">
         <name>_ZTV6BME280</name>
         <value>0xc59a</value>
         <object_component_ref idref="oc-4b4"/>
      </symbol>
      <symbol id="sm-367">
         <name>_ZTS6BME280</name>
         <value>0xc5c2</value>
         <object_component_ref idref="oc-5c6"/>
      </symbol>
      <symbol id="sm-368">
         <name>_ZN6BME280C2ERKNS_8SettingsE</name>
         <value>0xd320</value>
         <object_component_ref idref="oc-3d3"/>
      </symbol>
      <symbol id="sm-369">
         <name>_ZNK6BME28011getSettingsEv</name>
         <value>0xd574</value>
         <object_component_ref idref="oc-546"/>
      </symbol>
      <symbol id="sm-36a">
         <name>_ZN6BME2804readERfS0_S0_NS_8TempUnitENS_8PresUnitEPl</name>
         <value>0xd538</value>
         <object_component_ref idref="oc-5e9"/>
      </symbol>
      <symbol id="sm-3aa">
         <name>_ZTV9BME280I2C</name>
         <value>0xc58a</value>
         <object_component_ref idref="oc-3d9"/>
      </symbol>
      <symbol id="sm-3ab">
         <name>_ZTS9BME280I2C</name>
         <value>0xc5b6</value>
         <object_component_ref idref="oc-557"/>
      </symbol>
      <symbol id="sm-3ac">
         <name>_ZN9BME280I2C11setSettingsERKNS_8SettingsE</name>
         <value>0xd340</value>
         <object_component_ref idref="oc-4dd"/>
      </symbol>
      <symbol id="sm-3ad">
         <name>_ZNK9BME280I2C11getSettingsEv</name>
         <value>0xd568</value>
         <object_component_ref idref="oc-4cb"/>
      </symbol>
      <symbol id="sm-3ae">
         <name>_ZN9BME280I2C13WriteRegisterEhh</name>
         <value>0xd404</value>
         <object_component_ref idref="oc-4d1"/>
      </symbol>
      <symbol id="sm-3af">
         <name>_ZTI9BME280I2C</name>
         <value>0xc5da</value>
         <object_component_ref idref="oc-4ba"/>
      </symbol>
      <symbol id="sm-3b0">
         <name>_ZN9BME280I2CC2ERKNS_8SettingsE</name>
         <value>0xd2d8</value>
         <object_component_ref idref="oc-322"/>
      </symbol>
      <symbol id="sm-3b1">
         <name>_ZN9BME280I2C12ReadRegisterEhPhh</name>
         <value>0xcbdc</value>
         <object_component_ref idref="oc-4d7"/>
      </symbol>
      <symbol id="sm-3b2">
         <name>_ZN9BME280I2CC1ERKNS_8SettingsE</name>
         <value>0xd2d8</value>
         <object_component_ref idref="oc-322"/>
      </symbol>
      <symbol id="sm-409">
         <name>TransmitIndex</name>
         <value>0x217a</value>
         <object_component_ref idref="oc-2e6"/>
      </symbol>
      <symbol id="sm-40a">
         <name>I2C_Master_ReadReg</name>
         <value>0xd0ca</value>
         <object_component_ref idref="oc-57e"/>
      </symbol>
      <symbol id="sm-40b">
         <name>ReceiveBuffer</name>
         <value>0x214c</value>
         <object_component_ref idref="oc-2ec"/>
      </symbol>
      <symbol id="sm-40c">
         <name>__TI_int44</name>
         <value>0xffe0</value>
         <object_component_ref idref="oc-77"/>
      </symbol>
      <symbol id="sm-40d">
         <name>MasterMode</name>
         <value>0x2174</value>
         <object_component_ref idref="oc-2e6"/>
      </symbol>
      <symbol id="sm-40e">
         <name>CopyArray</name>
         <value>0xd360</value>
         <object_component_ref idref="oc-584"/>
      </symbol>
      <symbol id="sm-40f">
         <name>USCI_B0_ISR</name>
         <value>0xc702</value>
         <object_component_ref idref="oc-284"/>
      </symbol>
      <symbol id="sm-410">
         <name>TransmitBuffer</name>
         <value>0x2160</value>
         <object_component_ref idref="oc-2e9"/>
      </symbol>
      <symbol id="sm-411">
         <name>TransmitRegAddr</name>
         <value>0x2176</value>
         <object_component_ref idref="oc-2e6"/>
      </symbol>
      <symbol id="sm-412">
         <name>TXByteCtr</name>
         <value>0x2179</value>
         <object_component_ref idref="oc-2e6"/>
      </symbol>
      <symbol id="sm-413">
         <name>I2C_Master_WriteReg</name>
         <value>0xcf9a</value>
         <object_component_ref idref="oc-577"/>
      </symbol>
      <symbol id="sm-414">
         <name>ReceiveIndex</name>
         <value>0x2178</value>
         <object_component_ref idref="oc-2e6"/>
      </symbol>
      <symbol id="sm-415">
         <name>RXByteCtr</name>
         <value>0x2177</value>
         <object_component_ref idref="oc-2e6"/>
      </symbol>
      <symbol id="sm-44d">
         <name>EUSCI_A_UART_enableInterrupt</name>
         <value>0xd3d0</value>
         <object_component_ref idref="oc-414"/>
      </symbol>
      <symbol id="sm-44e">
         <name>EUSCI_A_UART_init</name>
         <value>0xcc70</value>
         <object_component_ref idref="oc-402"/>
      </symbol>
      <symbol id="sm-44f">
         <name>EUSCI_A_UART_enable</name>
         <value>0xd562</value>
         <object_component_ref idref="oc-408"/>
      </symbol>
      <symbol id="sm-450">
         <name>EUSCI_A_UART_clearInterrupt</name>
         <value>0xd55c</value>
         <object_component_ref idref="oc-40e"/>
      </symbol>
      <symbol id="sm-451">
         <name>EUSCI_A_UART_transmitData</name>
         <value>0xd460</value>
         <object_component_ref idref="oc-477"/>
      </symbol>
      <symbol id="sm-46a">
         <name>GPIO_setAsPeripheralModuleFunctionInputPin</name>
         <value>0xd08a</value>
         <object_component_ref idref="oc-3f7"/>
      </symbol>
      <symbol id="sm-4a2">
         <name>sendUartMsg</name>
         <value>0xd224</value>
         <object_component_ref idref="oc-380"/>
      </symbol>
      <symbol id="sm-4a3">
         <name>stringLength</name>
         <value>0xd4c4</value>
         <object_component_ref idref="oc-471"/>
      </symbol>
      <symbol id="sm-4a4">
         <name>initUart</name>
         <value>0xcedc</value>
         <object_component_ref idref="oc-369"/>
      </symbol>
      <symbol id="sm-4c5">
         <name>sprintf</name>
         <value>0xd1ba</value>
         <object_component_ref idref="oc-37a"/>
      </symbol>
      <symbol id="sm-4ce">
         <name>__cxa_pure_virtual</name>
         <value>0xd54c</value>
         <object_component_ref idref="oc-54c"/>
      </symbol>
      <symbol id="sm-51e">
         <name>_ZN10__cxxabiv117__class_type_infoD1Ev</name>
         <value>0xd50e</value>
         <object_component_ref idref="oc-612"/>
      </symbol>
      <symbol id="sm-51f">
         <name>_ZTSN10__cxxabiv120__si_class_type_infoE</name>
         <value>0xc4fc</value>
         <object_component_ref idref="oc-61f"/>
      </symbol>
      <symbol id="sm-520">
         <name>_ZTSN10__cxxabiv117__class_type_infoE</name>
         <value>0xc522</value>
         <object_component_ref idref="oc-655"/>
      </symbol>
      <symbol id="sm-521">
         <name>_ZN10__cxxabiv117__class_type_infoD2Ev</name>
         <value>0xd50e</value>
         <object_component_ref idref="oc-612"/>
      </symbol>
      <symbol id="sm-522">
         <name>_ZN10__cxxabiv120__si_class_type_infoD2Ev</name>
         <value>0xd51c</value>
         <object_component_ref idref="oc-5d8"/>
      </symbol>
      <symbol id="sm-523">
         <name>_ZTVN10__cxxabiv117__class_type_infoE</name>
         <value>0xc5ca</value>
         <object_component_ref idref="oc-5c1"/>
      </symbol>
      <symbol id="sm-524">
         <name>_ZTIN10__cxxabiv117__class_type_infoE</name>
         <value>0xc5e0</value>
         <object_component_ref idref="oc-60d"/>
      </symbol>
      <symbol id="sm-525">
         <name>_ZN10__cxxabiv120__si_class_type_infoD1Ev</name>
         <value>0xd51c</value>
         <object_component_ref idref="oc-5d8"/>
      </symbol>
      <symbol id="sm-526">
         <name>_ZTIN10__cxxabiv120__si_class_type_infoE</name>
         <value>0xc5e6</value>
         <object_component_ref idref="oc-5d3"/>
      </symbol>
      <symbol id="sm-527">
         <name>_ZN10__cxxabiv117__class_type_infoD0Ev</name>
         <value>0xd474</value>
         <object_component_ref idref="oc-618"/>
      </symbol>
      <symbol id="sm-528">
         <name>_ZTVN10__cxxabiv120__si_class_type_infoE</name>
         <value>0xc5d2</value>
         <object_component_ref idref="oc-552"/>
      </symbol>
      <symbol id="sm-529">
         <name>_ZN10__cxxabiv120__si_class_type_infoD0Ev</name>
         <value>0xd434</value>
         <object_component_ref idref="oc-5de"/>
      </symbol>
      <symbol id="sm-534">
         <name>__mspabi_remu</name>
         <value>0xd44a</value>
         <object_component_ref idref="oc-600"/>
      </symbol>
      <symbol id="sm-535">
         <name>__mspabi_divu</name>
         <value>0xd44a</value>
         <object_component_ref idref="oc-600"/>
      </symbol>
      <symbol id="sm-53a">
         <name>__TI_int41</name>
         <value>0xffda</value>
         <object_component_ref idref="oc-74"/>
      </symbol>
      <symbol id="sm-53d">
         <name>__TI_int42</name>
         <value>0xffdc</value>
         <object_component_ref idref="oc-75"/>
      </symbol>
      <symbol id="sm-540">
         <name>__TI_int43</name>
         <value>0xffde</value>
         <object_component_ref idref="oc-76"/>
      </symbol>
      <symbol id="sm-543">
         <name>__TI_int45</name>
         <value>0xffe2</value>
         <object_component_ref idref="oc-78"/>
      </symbol>
      <symbol id="sm-546">
         <name>__TI_int46</name>
         <value>0xffe4</value>
         <object_component_ref idref="oc-79"/>
      </symbol>
      <symbol id="sm-549">
         <name>__TI_int47</name>
         <value>0xffe6</value>
         <object_component_ref idref="oc-7a"/>
      </symbol>
      <symbol id="sm-54c">
         <name>__TI_int48</name>
         <value>0xffe8</value>
         <object_component_ref idref="oc-7b"/>
      </symbol>
      <symbol id="sm-54f">
         <name>__TI_int49</name>
         <value>0xffea</value>
         <object_component_ref idref="oc-7c"/>
      </symbol>
      <symbol id="sm-552">
         <name>__TI_int50</name>
         <value>0xffec</value>
         <object_component_ref idref="oc-7d"/>
      </symbol>
      <symbol id="sm-555">
         <name>__TI_int51</name>
         <value>0xffee</value>
         <object_component_ref idref="oc-7e"/>
      </symbol>
      <symbol id="sm-558">
         <name>__TI_int52</name>
         <value>0xfff0</value>
         <object_component_ref idref="oc-7f"/>
      </symbol>
      <symbol id="sm-55b">
         <name>__TI_int53</name>
         <value>0xfff2</value>
         <object_component_ref idref="oc-80"/>
      </symbol>
      <symbol id="sm-55e">
         <name>__TI_int54</name>
         <value>0xfff4</value>
         <object_component_ref idref="oc-81"/>
      </symbol>
      <symbol id="sm-561">
         <name>__TI_int55</name>
         <value>0xfff6</value>
         <object_component_ref idref="oc-82"/>
      </symbol>
      <symbol id="sm-564">
         <name>__TI_int56</name>
         <value>0xfff8</value>
         <object_component_ref idref="oc-83"/>
      </symbol>
      <symbol id="sm-567">
         <name>__TI_int57</name>
         <value>0xfffa</value>
         <object_component_ref idref="oc-84"/>
      </symbol>
      <symbol id="sm-56a">
         <name>__TI_int58</name>
         <value>0xfffc</value>
         <object_component_ref idref="oc-85"/>
      </symbol>
      <symbol id="sm-572">
         <name>__TI_ISR_TRAP</name>
         <value>0xd554</value>
         <object_component_ref idref="oc-27f"/>
      </symbol>
      <symbol id="sm-57c">
         <name>__mspabi_mpyi_f5hw</name>
         <value>0xd4b0</value>
         <object_component_ref idref="oc-535"/>
      </symbol>
      <symbol id="sm-591">
         <name>_stack</name>
         <value>0x2f60</value>
         <object_component_ref idref="oc-260"/>
      </symbol>
      <symbol id="sm-592">
         <name>_c_int00_noargs</name>
         <value>0xd398</value>
         <object_component_ref idref="oc-29c"/>
      </symbol>
      <symbol id="sm-593">
         <name>_reset_vector</name>
         <value>0xfffe</value>
         <object_component_ref idref="oc-263"/>
      </symbol>
      <symbol id="sm-5b8">
         <name>__TI_auto_init_nobinit_hold_wdt</name>
         <value>0xce70</value>
         <object_component_ref idref="oc-3bc"/>
      </symbol>
      <symbol id="sm-5d0">
         <name>__TI_zero_init_nomemset</name>
         <value>0xd488</value>
         <object_component_ref idref="oc-28a"/>
      </symbol>
      <symbol id="sm-5db">
         <name>_system_pre_init</name>
         <value>0xd580</value>
         <object_component_ref idref="oc-2fd"/>
      </symbol>
      <symbol id="sm-5e4">
         <name>_system_post_cinit</name>
         <value>0xd588</value>
         <object_component_ref idref="oc-493"/>
      </symbol>
      <symbol id="sm-5fa">
         <name>__TI_decompress_none</name>
         <value>0xd4ea</value>
         <object_component_ref idref="oc-6e"/>
      </symbol>
      <symbol id="sm-61d">
         <name>__TI_decompress_lzss</name>
         <value>0xce02</value>
         <object_component_ref idref="oc-68"/>
      </symbol>
      <symbol id="sm-627">
         <name>C$$EXIT</name>
         <value>0xd56e</value>
         <object_component_ref idref="oc-392"/>
      </symbol>
      <symbol id="sm-628">
         <name>abort</name>
         <value>0xd56e</value>
         <object_component_ref idref="oc-392"/>
      </symbol>
      <symbol id="sm-63e">
         <name>_nop</name>
         <value>0xd586</value>
         <object_component_ref idref="oc-516"/>
      </symbol>
      <symbol id="sm-63f">
         <name>_lock</name>
         <value>0x217c</value>
         <object_component_ref idref="oc-485"/>
      </symbol>
      <symbol id="sm-640">
         <name>_unlock</name>
         <value>0x217e</value>
         <object_component_ref idref="oc-48e"/>
      </symbol>
      <symbol id="sm-64f">
         <name>memcpy</name>
         <value>0xd4fc</value>
         <object_component_ref idref="oc-272"/>
      </symbol>
      <symbol id="sm-675">
         <name>_ZTSSt9type_info</name>
         <value>0xc5a8</value>
         <object_component_ref idref="oc-676"/>
      </symbol>
      <symbol id="sm-676">
         <name>_ZNSt9type_infoD2Ev</name>
         <value>0xd584</value>
         <object_component_ref idref="oc-624"/>
      </symbol>
      <symbol id="sm-677">
         <name>_ZNSt9type_infoD1Ev</name>
         <value>0xd584</value>
         <object_component_ref idref="oc-624"/>
      </symbol>
      <symbol id="sm-678">
         <name>_ZTISt9type_info</name>
         <value>0xc5f0</value>
         <object_component_ref idref="oc-65a"/>
      </symbol>
      <symbol id="sm-6d1">
         <name>__TI_printfi_minimal</name>
         <value>0xc7e8</value>
         <object_component_ref idref="oc-469"/>
      </symbol>
      <symbol id="sm-6eb">
         <name>_ZdlPv</name>
         <value>0xd542</value>
         <object_component_ref idref="oc-667"/>
      </symbol>
      <symbol id="sm-6ec">
         <name>_ZdlPvj</name>
         <value>0xd578</value>
         <object_component_ref idref="oc-630"/>
      </symbol>
      <symbol id="sm-6f6">
         <name>__abort_execution</name>
         <value>0xd57c</value>
         <object_component_ref idref="oc-5cc"/>
      </symbol>
      <symbol id="sm-715">
         <name>memccpy</name>
         <value>0xd2fe</value>
         <object_component_ref idref="oc-5a1"/>
      </symbol>
      <symbol id="sm-75e">
         <name>_sys_memory</name>
         <value>0x20ac</value>
         <object_component_ref idref="oc-264"/>
      </symbol>
      <symbol id="sm-75f">
         <name>free</name>
         <value>0xc8c8</value>
         <object_component_ref idref="oc-687"/>
      </symbol>
      <symbol id="sm-76d">
         <name>memset</name>
         <value>0xd49c</value>
         <object_component_ref idref="oc-594"/>
      </symbol>
      <symbol id="sm-77b">
         <name>strlen</name>
         <value>0xd52a</value>
         <object_component_ref idref="oc-4f6"/>
      </symbol>
      <symbol id="sm-790">
         <name>_ZSt17__throw_bad_allocv</name>
         <value>0xd56e</value>
      </symbol>
   </symbol_table>
   <title>Link successful</title>
</link_info>
