******************************************************************************
                  MSP430 Linker Unix v21.6.0                   
******************************************************************************
>> Linked Thu Jan  6 14:37:18 2022

OUTPUT FILE NAME:   <i2c_test_1.out>
ENTRY POINT SYMBOL: "_c_int00_noargs"  address: 0000d43a


MEMORY CONFIGURATION

         name            origin    length      used     unused   attr    fill
----------------------  --------  ---------  --------  --------  ----  --------
  SFR                   00000000   00000010  00000000  00000010  RWIX
  PERIPHERALS_8BIT      00000010   000000f0  00000000  000000f0  RWIX
  PERIPHERALS_16BIT     00000100   00000100  00000000  00000100  RWIX
  INFOA                 00001800   00000200  00000000  00000200  RWIX
  RAM                   00002000   00001000  0000021e  00000de2  RWIX
  FRAM                  0000c400   00003b80  00001240  00002940  RWIX
  JTAGSIGNATURE         0000ff80   00000004  00000004  00000000  RWIX  ffff 
  BSLSIGNATURE          0000ff84   00000004  00000004  00000000  RWIX  ffff 
  INT00                 0000ff88   00000002  00000000  00000002  RWIX
  INT01                 0000ff8a   00000002  00000000  00000002  RWIX
  INT02                 0000ff8c   00000002  00000000  00000002  RWIX
  INT03                 0000ff8e   00000002  00000000  00000002  RWIX
  INT04                 0000ff90   00000002  00000000  00000002  RWIX
  INT05                 0000ff92   00000002  00000000  00000002  RWIX
  INT06                 0000ff94   00000002  00000000  00000002  RWIX
  INT07                 0000ff96   00000002  00000000  00000002  RWIX
  INT08                 0000ff98   00000002  00000000  00000002  RWIX
  INT09                 0000ff9a   00000002  00000000  00000002  RWIX
  INT10                 0000ff9c   00000002  00000000  00000002  RWIX
  INT11                 0000ff9e   00000002  00000000  00000002  RWIX
  INT12                 0000ffa0   00000002  00000000  00000002  RWIX
  INT13                 0000ffa2   00000002  00000000  00000002  RWIX
  INT14                 0000ffa4   00000002  00000000  00000002  RWIX
  INT15                 0000ffa6   00000002  00000000  00000002  RWIX
  INT16                 0000ffa8   00000002  00000000  00000002  RWIX
  INT17                 0000ffaa   00000002  00000000  00000002  RWIX
  INT18                 0000ffac   00000002  00000000  00000002  RWIX
  INT19                 0000ffae   00000002  00000000  00000002  RWIX
  INT20                 0000ffb0   00000002  00000000  00000002  RWIX
  INT21                 0000ffb2   00000002  00000000  00000002  RWIX
  INT22                 0000ffb4   00000002  00000000  00000002  RWIX
  INT23                 0000ffb6   00000002  00000000  00000002  RWIX
  INT24                 0000ffb8   00000002  00000000  00000002  RWIX
  INT25                 0000ffba   00000002  00000000  00000002  RWIX
  INT26                 0000ffbc   00000002  00000000  00000002  RWIX
  INT27                 0000ffbe   00000002  00000000  00000002  RWIX
  INT28                 0000ffc0   00000002  00000000  00000002  RWIX
  INT29                 0000ffc2   00000002  00000000  00000002  RWIX
  INT30                 0000ffc4   00000002  00000000  00000002  RWIX
  INT31                 0000ffc6   00000002  00000000  00000002  RWIX
  INT32                 0000ffc8   00000002  00000000  00000002  RWIX
  INT33                 0000ffca   00000002  00000000  00000002  RWIX
  INT34                 0000ffcc   00000002  00000000  00000002  RWIX
  INT35                 0000ffce   00000002  00000000  00000002  RWIX
  INT36                 0000ffd0   00000002  00000000  00000002  RWIX
  INT37                 0000ffd2   00000002  00000000  00000002  RWIX
  INT38                 0000ffd4   00000002  00000000  00000002  RWIX
  INT39                 0000ffd6   00000002  00000000  00000002  RWIX
  INT40                 0000ffd8   00000002  00000000  00000002  RWIX
  INT41                 0000ffda   00000002  00000002  00000000  RWIX
  INT42                 0000ffdc   00000002  00000002  00000000  RWIX
  INT43                 0000ffde   00000002  00000002  00000000  RWIX
  INT44                 0000ffe0   00000002  00000002  00000000  RWIX
  INT45                 0000ffe2   00000002  00000002  00000000  RWIX
  INT46                 0000ffe4   00000002  00000002  00000000  RWIX
  INT47                 0000ffe6   00000002  00000002  00000000  RWIX
  INT48                 0000ffe8   00000002  00000002  00000000  RWIX
  INT49                 0000ffea   00000002  00000002  00000000  RWIX
  INT50                 0000ffec   00000002  00000002  00000000  RWIX
  INT51                 0000ffee   00000002  00000002  00000000  RWIX
  INT52                 0000fff0   00000002  00000002  00000000  RWIX
  INT53                 0000fff2   00000002  00000002  00000000  RWIX
  INT54                 0000fff4   00000002  00000002  00000000  RWIX
  INT55                 0000fff6   00000002  00000002  00000000  RWIX
  INT56                 0000fff8   00000002  00000002  00000000  RWIX
  INT57                 0000fffa   00000002  00000002  00000000  RWIX
  INT58                 0000fffc   00000002  00000002  00000000  RWIX
  RESET                 0000fffe   00000002  00000002  00000000  RWIX


SECTION ALLOCATION MAP

 output                                  attributes/
section   page    origin      length       input sections
--------  ----  ----------  ----------   ----------------
.TI.persistent 
*          0    0000c400    00000000     UNINITIALIZED

.cinit     0    0000c400    0000004a     
                  0000c400    00000038     (.cinit..data.load) [load image]
                  0000c438    00000006     (__TI_handler_table)
                  0000c43e    00000004     (.cinit..bss.load) [load image, compression = zero_init]
                  0000c442    00000008     (__TI_cinit_table)

.pinit     0    0000c44a    00000000     UNINITIALIZED

.binit     0    0000c44a    00000000     

.init_array 
*          0    0000c44a    00000002     
                  0000c44a    00000002     main.obj (.init_array)

.mspabi.exidx 
*          0    0000c44c    00000000     UNINITIALIZED

.mspabi.extab 
*          0    0000c44c    00000000     UNINITIALIZED

.const     0    0000c44c    00000198     
                  0000c44c    00000060     BME280.obj (.const:.string)
                  0000c4ac    00000034     main.obj (.const:.string)
                  0000c4e0    00000026     rts430x_sc_sd_eabi.lib : _printfi.c.obj (.const:.string)
                  0000c506    00000025                            : typeinfo.c.obj (.const:.typeinfo:_ZTSN10__cxxabiv120__si_class_type_infoE)
                  0000c52b    00000001     --HOLE-- [fill = 0]
                  0000c52c    00000022                            : typeinfo.c.obj (.const:.typeinfo:_ZTSN10__cxxabiv117__class_type_infoE)
                  0000c54e    0000001c     gpio.obj (.const:GPIO_PORT_TO_BASE)
                  0000c56a    00000010     uartlib.obj (.const:$P$T0$1)
                  0000c57a    00000010     BME280I2C.obj (.const:_ZTV9BME280I2C)
                  0000c58a    0000000e     BME280.obj (.const:_ZTV6BME280)
                  0000c598    0000000d     rts430x_sc_sd_eabi.lib : stdlib_typeinfo.cpp.obj (.const:.typeinfo:_ZTSSt9type_info)
                  0000c5a5    00000001     --HOLE-- [fill = 0]
                  0000c5a6    0000000b     BME280I2C.obj (.const:.typeinfo:_ZTS9BME280I2C)
                  0000c5b1    00000001     --HOLE-- [fill = 0]
                  0000c5b2    00000008     BME280.obj (.const:.typeinfo:_ZTS6BME280)
                  0000c5ba    00000008     rts430x_sc_sd_eabi.lib : typeinfo.c.obj (.const:_ZTVN10__cxxabiv117__class_type_infoE)
                  0000c5c2    00000008                            : typeinfo.c.obj (.const:_ZTVN10__cxxabiv120__si_class_type_infoE)
                  0000c5ca    00000006     BME280I2C.obj (.const:.typeinfo:_ZTI9BME280I2C)
                  0000c5d0    00000006     rts430x_sc_sd_eabi.lib : typeinfo.c.obj (.const:.typeinfo:_ZTIN10__cxxabiv117__class_type_infoE)
                  0000c5d6    00000006                            : typeinfo.c.obj (.const:.typeinfo:_ZTIN10__cxxabiv120__si_class_type_infoE)
                  0000c5dc    00000004     BME280.obj (.const:.typeinfo:_ZTI6BME280)
                  0000c5e0    00000004     rts430x_sc_sd_eabi.lib : stdlib_typeinfo.cpp.obj (.const:.typeinfo:_ZTISt9type_info)

.text      0    0000c5e4    0000105c     
                  0000c5e4    0000013c     main.obj (.text:_Z15printBME280Datav)
                  0000c720    0000010e     rts430x_sc_sd_eabi.lib : _printfi.c.obj (.text:__TI_printfi_minimal:_setfield___TI_printfi_minimal)
                  0000c82e    000000e6     i2c_driver.obj (.text:USCI_B0_ISR)
                  0000c914    000000e0     rts430x_sc_sd_eabi.lib : _printfi.c.obj (.text:__TI_printfi_minimal:__TI_printfi_minimal)
                  0000c9f4    000000d2                            : memory.c.obj (.text:free)
                  0000cac6    000000c4                            : _printfi.c.obj (.text:__TI_printfi_minimal:_pproc_diouxp___TI_printfi_minimal)
                  0000cb8a    000000be     main.obj (.text:_Z13Software_Trimv)
                  0000cc48    000000b0     BME280.obj (.text:_ZN6BME2808ReadTrimEv)
                  0000ccf8    00000094     main.obj (.text:main)
                  0000cd8c    00000090     eusci_a_uart.obj (.text:EUSCI_A_UART_init)
                  0000ce1c    00000072     BME280.obj (.text:_ZN6BME28010InitializeEv)
                  0000ce8e    0000006e     rts430x_sc_sd_eabi.lib : copy_decompress_lzss.c.obj (.text:decompress:lzss:__TI_decompress_lzss)
                  0000cefc    0000006c                            : autoinit.c.obj (.text:__TI_auto_init_nobinit_hold_wdt:__TI_auto_init_nobinit_hold_wdt)
                  0000cf68    0000006a     uartlib.obj (.text:initUart)
                  0000cfd2    00000052     i2c_driver.obj (.text:I2C_Master_WriteReg)
                  0000d024    00000052     BME280.obj (.text:_ZN6BME2805beginEv)
                  0000d076    0000004c     BME280.obj (.text:_ZN6BME28013WriteSettingsEv)
                  0000d0c2    00000048     BME280.obj (.text:_ZN6BME2808ReadDataEPl)
                  0000d10a    00000040     gpio.obj (.text:GPIO_setAsPeripheralModuleFunctionInputPin)
                  0000d14a    00000040     i2c_driver.obj (.text:I2C_Master_ReadReg)
                  0000d18a    00000040     BME280.obj (.text:_ZN6BME28010ReadChipIDEv)
                  0000d1ca    00000038     BME280.obj (.text:_ZN6BME28018CalculateRegistersERhS0_S0_)
                  0000d202    00000038     main.obj (.text:__sti___8_main_cpp_bme)
                  0000d23a    00000038     rts430x_sc_sd_eabi.lib : sprintf.c.obj (.text:sprintf)
                  0000d272    00000032     BME280.obj (.text:_ZN6BME28016InitializeFilterEv)
                  0000d2a4    00000032     uartlib.obj (.text:sendUartMsg)
                  0000d2d6    00000030     main.obj (.text:_Z8initGPIOv)
                  0000d306    0000002a     main.obj (.text:_Z15initClockTo1MHzv)
                  0000d330    00000028     rts430x_sc_sd_eabi.lib : memory.c.obj (.text:free_list_insert)
                  0000d358    00000026     BME280I2C.obj (.text:_ZN9BME280I2CC1ERKNS_8SettingsE)
                  0000d37e    00000022     BME280I2C.obj (.text:_ZN9BME280I2C12ReadRegisterEhPhh)
                  0000d3a0    00000022     rts430x_sc_sd_eabi.lib : memccpy.c.obj (.text:memccpy)
                  0000d3c2    00000020     BME280.obj (.text:_ZN6BME280C1ERKNS_8SettingsE)
                  0000d3e2    00000020     BME280I2C.obj (.text:_ZN9BME280I2C11setSettingsERKNS_8SettingsE)
                  0000d402    0000001c     i2c_driver.obj (.text:CopyArray)
                  0000d41e    0000001c     main.obj (.text:_Z7initI2Cv)
                  0000d43a    0000001c     rts430x_sc_sd_eabi.lib : boot.c.obj (.text:_c_int00_noargs)
                  0000d456    0000001c                            : memory.c.obj (.text:free_list_remove)
                  0000d472    0000001a     eusci_a_uart.obj (.text:EUSCI_A_UART_enableInterrupt)
                  0000d48c    0000001a     BME280.obj (.text:_ZN6BME28011setSettingsERKNS_8SettingsE)
                  0000d4a6    00000018     BME280I2C.obj (.text:_ZN9BME280I2C13WriteRegisterEhh)
                  0000d4be    00000018     rts430x_sc_sd_eabi.lib : sprintf.c.obj (.text:_outs)
                  0000d4d6    00000016                            : typeinfo.c.obj (.text:_ZN10__cxxabiv120__si_class_type_infoD0Ev)
                  0000d4ec    00000016                            : div16u.asm.obj (.text)
                  0000d502    00000014     eusci_a_uart.obj (.text:EUSCI_A_UART_transmitData)
                  0000d516    00000014     rts430x_sc_sd_eabi.lib : typeinfo.c.obj (.text:_ZN10__cxxabiv117__class_type_infoD0Ev)
                  0000d52a    00000014     BME280.obj (.text:_ZN6BME2807readDigEPh)
                  0000d53e    00000014     rts430x_sc_sd_eabi.lib : copy_zero_init.c.obj (.text:decompress:ZI:__TI_zero_init_nomemset:__TI_zero_init_nomemset)
                  0000d552    00000014                            : memset.c.obj (.text:memset)
                  0000d566    00000014                            : mult16_f5hw.asm.obj (.text)
                  0000d57a    00000014     uartlib.obj (.text:stringLength)
                  0000d58e    00000012     rts430x_sc_sd_eabi.lib : sprintf.c.obj (.text:_outc)
                  0000d5a0    00000012                            : copy_decompress_none.c.obj (.text:decompress:none:__TI_decompress_none)
                  0000d5b2    00000012                            : memcpy.c.obj (.text:memcpy)
                  0000d5c4    0000000e                            : typeinfo.c.obj (.text:_ZN10__cxxabiv117__class_type_infoD1Ev)
                  0000d5d2    0000000e                            : typeinfo.c.obj (.text:_ZN10__cxxabiv120__si_class_type_infoD1Ev)
                  0000d5e0    0000000e                            : strlen.c.obj (.text:strlen)
                  0000d5ee    0000000a     BME280.obj (.text:_ZN6BME2804readERfS0_S0_NS_8TempUnitENS_8PresUnitEPl)
                  0000d5f8    0000000a     rts430x_sc_sd_eabi.lib : new.cpp.obj (.text:_ZdlPv)
                  0000d602    00000008                            : pure_virt.c.obj (.text:__cxa_pure_virtual)
                  0000d60a    00000008                            : isr_trap.asm.obj (.text:_isr:__TI_ISR_TRAP)
                  0000d612    00000006     eusci_a_uart.obj (.text:EUSCI_A_UART_clearInterrupt)
                  0000d618    00000006     eusci_a_uart.obj (.text:EUSCI_A_UART_enable)
                  0000d61e    00000006     BME280I2C.obj (.text:_ZNK9BME280I2C11getSettingsEv)
                  0000d624    00000006     rts430x_sc_sd_eabi.lib : exit.c.obj (.text:abort)
                  0000d62a    00000004     BME280.obj (.text:_ZNK6BME28011getSettingsEv)
                  0000d62e    00000004     rts430x_sc_sd_eabi.lib : new.cpp.obj (.text:_ZdlPvj)
                  0000d632    00000004                            : error.c.obj (.text:__abort_execution)
                  0000d636    00000004                            : pre_init.c.obj (.text:_system_pre_init)
                  0000d63a    00000002                            : stdlib_typeinfo.cpp.obj (.text:_ZNSt9type_infoD1Ev)
                  0000d63c    00000002                            : _lock.c.obj (.text:_nop)
                  0000d63e    00000002                            : startup.c.obj (.text:_system_post_cinit)

.bss       0    00002000    000000aa     UNINITIALIZED
                  00002000    00000064     (.common:str)
                  00002064    00000044     main.obj (.bss:bme)
                  000020a8    00000002     rts430x_sc_sd_eabi.lib : memory.c.obj (.bss)

.data      0    0000214c    00000034     UNINITIALIZED
                  0000214c    00000014     i2c_driver.obj (.data:ReceiveBuffer)
                  00002160    00000014     i2c_driver.obj (.data:TransmitBuffer)
                  00002174    00000007     i2c_driver.obj (.data)
                  0000217b    00000001     --HOLE--
                  0000217c    00000002     rts430x_sc_sd_eabi.lib : _lock.c.obj (.data:_lock)
                  0000217e    00000002                            : _lock.c.obj (.data:_unlock)

.sysmem    0    000020ac    000000a0     UNINITIALIZED
                  000020ac    00000008     rts430x_sc_sd_eabi.lib : memory.c.obj (.sysmem)
                  000020b4    00000098     --HOLE--

.stack     0    00002f60    000000a0     UNINITIALIZED
                  00002f60    00000002     rts430x_sc_sd_eabi.lib : boot.c.obj (.stack)
                  00002f62    0000009e     --HOLE--

PORT2      0    0000ffda    00000002     
                  0000ffda    00000002     rts430x_sc_sd_eabi.lib : int41.asm.obj (.int41)

PORT1      0    0000ffdc    00000002     
                  0000ffdc    00000002     rts430x_sc_sd_eabi.lib : int42.asm.obj (.int42)

ADC        0    0000ffde    00000002     
                  0000ffde    00000002     rts430x_sc_sd_eabi.lib : int43.asm.obj (.int43)

USCI_B0    0    0000ffe0    00000002     
                  0000ffe0    00000002     i2c_driver.obj (.int44)

USCI_A1    0    0000ffe2    00000002     
                  0000ffe2    00000002     rts430x_sc_sd_eabi.lib : int45.asm.obj (.int45)

USCI_A0    0    0000ffe4    00000002     
                  0000ffe4    00000002     rts430x_sc_sd_eabi.lib : int46.asm.obj (.int46)

WDT        0    0000ffe6    00000002     
                  0000ffe6    00000002     rts430x_sc_sd_eabi.lib : int47.asm.obj (.int47)

RTC        0    0000ffe8    00000002     
                  0000ffe8    00000002     rts430x_sc_sd_eabi.lib : int48.asm.obj (.int48)

TIMER3_A1 
*          0    0000ffea    00000002     
                  0000ffea    00000002     rts430x_sc_sd_eabi.lib : int49.asm.obj (.int49)

TIMER3_A0 
*          0    0000ffec    00000002     
                  0000ffec    00000002     rts430x_sc_sd_eabi.lib : int50.asm.obj (.int50)

TIMER2_A1 
*          0    0000ffee    00000002     
                  0000ffee    00000002     rts430x_sc_sd_eabi.lib : int51.asm.obj (.int51)

TIMER2_A0 
*          0    0000fff0    00000002     
                  0000fff0    00000002     rts430x_sc_sd_eabi.lib : int52.asm.obj (.int52)

TIMER1_A1 
*          0    0000fff2    00000002     
                  0000fff2    00000002     rts430x_sc_sd_eabi.lib : int53.asm.obj (.int53)

TIMER1_A0 
*          0    0000fff4    00000002     
                  0000fff4    00000002     rts430x_sc_sd_eabi.lib : int54.asm.obj (.int54)

TIMER0_A1 
*          0    0000fff6    00000002     
                  0000fff6    00000002     rts430x_sc_sd_eabi.lib : int55.asm.obj (.int55)

TIMER0_A0 
*          0    0000fff8    00000002     
                  0000fff8    00000002     rts430x_sc_sd_eabi.lib : int56.asm.obj (.int56)

UNMI       0    0000fffa    00000002     
                  0000fffa    00000002     rts430x_sc_sd_eabi.lib : int57.asm.obj (.int57)

SYSNMI     0    0000fffc    00000002     
                  0000fffc    00000002     rts430x_sc_sd_eabi.lib : int58.asm.obj (.int58)

.reset     0    0000fffe    00000002     
                  0000fffe    00000002     rts430x_sc_sd_eabi.lib : boot.c.obj (.reset)

$fill000   0    0000ff80    00000004     
                  0000ff80    00000004     --HOLE-- [fill = ffff]

$fill001   0    0000ff84    00000004     
                  0000ff84    00000004     --HOLE-- [fill = ffff]

MODULE SUMMARY

       Module                       code   ro data   rw data
       ------                       ----   -------   -------
    ./
       main.obj                     828    54        168    
    +--+----------------------------+------+---------+---------+
       Total:                       828    54        168    
                                                            
    ./Source/
       BME280.obj                   782    122       0      
       i2c_driver.obj               404    2         47     
       BME280I2C.obj                134    33        0      
    +--+----------------------------+------+---------+---------+
       Total:                       1320   157       47     
                                                            
    ./driverlib/
       eusci_a_uart.obj             202    0         0      
       gpio.obj                     64     28        0      
    +--+----------------------------+------+---------+---------+
       Total:                       266    28        0      
                                                            
    ./uartlib/
       uartlib.obj                  176    16        0      
    +--+----------------------------+------+---------+---------+
       Total:                       176    16        0      
                                                            
    /home/vityha/ti/ccs1100/ccs/tools/compiler/ti-cgt-msp430_21.6.0.LTS/lib/rts430x_sc_sd_eabi.lib
       _printfi.c.obj               690    38        0      
       memory.c.obj                 278    0         2      
       typeinfo.c.obj               70     99        0      
       copy_decompress_lzss.c.obj   110    0         0      
       autoinit.c.obj               108    0         0      
       sprintf.c.obj                98     0         0      
       memccpy.c.obj                34     0         0      
       boot.c.obj                   28     2         0      
       div16u.asm.obj               22     0         0      
       copy_zero_init.c.obj         20     0         0      
       memset.c.obj                 20     0         0      
       mult16_f5hw.asm.obj          20     0         0      
       stdlib_typeinfo.cpp.obj      2      17        0      
       copy_decompress_none.c.obj   18     0         0      
       memcpy.c.obj                 18     0         0      
       new.cpp.obj                  14     0         0      
       strlen.c.obj                 14     0         0      
       isr_trap.asm.obj             8      0         0      
       pure_virt.c.obj              8      0         0      
       _lock.c.obj                  2      0         4      
       exit.c.obj                   6      0         0      
       error.c.obj                  4      0         0      
       pre_init.c.obj               4      0         0      
       int41.asm.obj                0      2         0      
       int42.asm.obj                0      2         0      
       int43.asm.obj                0      2         0      
       int45.asm.obj                0      2         0      
       int46.asm.obj                0      2         0      
       int47.asm.obj                0      2         0      
       int48.asm.obj                0      2         0      
       int49.asm.obj                0      2         0      
       int50.asm.obj                0      2         0      
       int51.asm.obj                0      2         0      
       int52.asm.obj                0      2         0      
       int53.asm.obj                0      2         0      
       int54.asm.obj                0      2         0      
       int55.asm.obj                0      2         0      
       int56.asm.obj                0      2         0      
       int57.asm.obj                0      2         0      
       int58.asm.obj                0      2         0      
       startup.c.obj                2      0         0      
    +--+----------------------------+------+---------+---------+
       Total:                       1598   190       6      
                                                            
       Heap:                        0      0         160    
       Stack:                       0      0         160    
       Linker Generated:            0      74        0      
    +--+----------------------------+------+---------+---------+
       Grand Total:                 4188   519       541    


LINKER GENERATED COPY TABLES

__TI_cinit_table @ 0000c442 records: 2, size/record: 4, table size: 8
	.data: load addr=0000c400, load size=00000038 bytes, run addr=0000214c, run size=00000034 bytes, compression=copy
	.bss: load addr=0000c43e, load size=00000004 bytes, run addr=00002000, run size=000000aa bytes, compression=zero_init


LINKER GENERATED HANDLER TABLE

__TI_handler_table @ 0000c438 records: 3, size/record: 2, table size: 6
	index: 0, handler: __TI_zero_init
	index: 1, handler: __TI_decompress_lzss
	index: 2, handler: __TI_decompress_none


GLOBAL SYMBOLS: SORTED ALPHABETICALLY BY Name 

address   name                                                
-------   ----                                                
00000700  ADCCTL0                                             
00000701  ADCCTL0_H                                           
00000700  ADCCTL0_L                                           
00000702  ADCCTL1                                             
00000703  ADCCTL1_H                                           
00000702  ADCCTL1_L                                           
00000704  ADCCTL2                                             
00000705  ADCCTL2_H                                           
00000704  ADCCTL2_L                                           
00000708  ADCHI                                               
00000709  ADCHI_H                                             
00000708  ADCHI_L                                             
0000071a  ADCIE                                               
0000071b  ADCIE_H                                             
0000071a  ADCIE_L                                             
0000071c  ADCIFG                                              
0000071d  ADCIFG_H                                            
0000071c  ADCIFG_L                                            
0000071e  ADCIV                                               
0000071f  ADCIV_H                                             
0000071e  ADCIV_L                                             
00000706  ADCLO                                               
00000707  ADCLO_H                                             
00000706  ADCLO_L                                             
0000070a  ADCMCTL0                                            
0000070b  ADCMCTL0_H                                          
0000070a  ADCMCTL0_L                                          
00000712  ADCMEM0                                             
00000713  ADCMEM0_H                                           
00000712  ADCMEM0_L                                           
00000660  BAKMEM0                                             
00000661  BAKMEM0_H                                           
00000660  BAKMEM0_L                                           
00000662  BAKMEM1                                             
00000674  BAKMEM10                                            
00000675  BAKMEM10_H                                          
00000674  BAKMEM10_L                                          
00000676  BAKMEM11                                            
00000677  BAKMEM11_H                                          
00000676  BAKMEM11_L                                          
00000678  BAKMEM12                                            
00000679  BAKMEM12_H                                          
00000678  BAKMEM12_L                                          
0000067a  BAKMEM13                                            
0000067b  BAKMEM13_H                                          
0000067a  BAKMEM13_L                                          
0000067c  BAKMEM14                                            
0000067d  BAKMEM14_H                                          
0000067c  BAKMEM14_L                                          
0000067e  BAKMEM15                                            
0000067f  BAKMEM15_H                                          
0000067e  BAKMEM15_L                                          
00000663  BAKMEM1_H                                           
00000662  BAKMEM1_L                                           
00000664  BAKMEM2                                             
00000665  BAKMEM2_H                                           
00000664  BAKMEM2_L                                           
00000666  BAKMEM3                                             
00000667  BAKMEM3_H                                           
00000666  BAKMEM3_L                                           
00000668  BAKMEM4                                             
00000669  BAKMEM4_H                                           
00000668  BAKMEM4_L                                           
0000066a  BAKMEM5                                             
0000066b  BAKMEM5_H                                           
0000066a  BAKMEM5_L                                           
0000066c  BAKMEM6                                             
0000066d  BAKMEM6_H                                           
0000066c  BAKMEM6_L                                           
0000066e  BAKMEM7                                             
0000066f  BAKMEM7_H                                           
0000066e  BAKMEM7_L                                           
00000670  BAKMEM8                                             
00000671  BAKMEM8_H                                           
00000670  BAKMEM8_L                                           
00000672  BAKMEM9                                             
00000673  BAKMEM9_H                                           
00000672  BAKMEM9_L                                           
0000d624  C$$EXIT                                             
000001c0  CRCDI                                               
000001c2  CRCDIRB                                             
000001c3  CRCDIRB_H                                           
000001c2  CRCDIRB_L                                           
000001c1  CRCDI_H                                             
000001c0  CRCDI_L                                             
000001c4  CRCINIRES                                           
000001c5  CRCINIRES_H                                         
000001c4  CRCINIRES_L                                         
000001c6  CRCRESR                                             
000001c7  CRCRESR_H                                           
000001c6  CRCRESR_L                                           
00000180  CSCTL0                                              
00000181  CSCTL0_H                                            
00000180  CSCTL0_L                                            
00000182  CSCTL1                                              
00000183  CSCTL1_H                                            
00000182  CSCTL1_L                                            
00000184  CSCTL2                                              
00000185  CSCTL2_H                                            
00000184  CSCTL2_L                                            
00000186  CSCTL3                                              
00000187  CSCTL3_H                                            
00000186  CSCTL3_L                                            
00000188  CSCTL4                                              
00000189  CSCTL4_H                                            
00000188  CSCTL4_L                                            
0000018a  CSCTL5                                              
0000018b  CSCTL5_H                                            
0000018a  CSCTL5_L                                            
0000018c  CSCTL6                                              
0000018d  CSCTL6_H                                            
0000018c  CSCTL6_L                                            
0000018e  CSCTL7                                              
0000018f  CSCTL7_H                                            
0000018e  CSCTL7_L                                            
00000190  CSCTL8                                              
00000191  CSCTL8_H                                            
00000190  CSCTL8_L                                            
0000d402  CopyArray                                           
0000d612  EUSCI_A_UART_clearInterrupt                         
0000d618  EUSCI_A_UART_enable                                 
0000d472  EUSCI_A_UART_enableInterrupt                        
0000cd8c  EUSCI_A_UART_init                                   
0000d502  EUSCI_A_UART_transmitData                           
000001a0  FRCTL0                                              
000001a1  FRCTL0_H                                            
000001a0  FRCTL0_L                                            
000001a4  GCCTL0                                              
000001a5  GCCTL0_H                                            
000001a4  GCCTL0_L                                            
000001a6  GCCTL1                                              
000001a7  GCCTL1_H                                            
000001a6  GCCTL1_L                                            
0000d10a  GPIO_setAsPeripheralModuleFunctionInputPin          
0000d14a  I2C_Master_ReadReg                                  
0000cfd2  I2C_Master_WriteReg                                 
000004c4  MAC                                                 
000004da  MAC32H                                              
000004db  MAC32H_H                                            
000004da  MAC32H_L                                            
000004d8  MAC32L                                              
000004d9  MAC32L_H                                            
000004d8  MAC32L_L                                            
000004c6  MACS                                                
000004de  MACS32H                                             
000004df  MACS32H_H                                           
000004de  MACS32H_L                                           
000004dc  MACS32L                                             
000004dd  MACS32L_H                                           
000004dc  MACS32L_L                                           
000004c7  MACS_H                                              
000004c6  MACS_L                                              
000004c5  MAC_H                                               
000004c4  MAC_L                                               
000004c0  MPY                                                 
000004ec  MPY32CTL0                                           
000004ed  MPY32CTL0_H                                         
000004ec  MPY32CTL0_L                                         
000004d2  MPY32H                                              
000004d3  MPY32H_H                                            
000004d2  MPY32H_L                                            
000004d0  MPY32L                                              
000004d1  MPY32L_H                                            
000004d0  MPY32L_L                                            
000004c2  MPYS                                                
000004d6  MPYS32H                                             
000004d7  MPYS32H_H                                           
000004d6  MPYS32H_L                                           
000004d4  MPYS32L                                             
000004d5  MPYS32L_H                                           
000004d4  MPYS32L_L                                           
000004c3  MPYS_H                                              
000004c2  MPYS_L                                              
000004c1  MPY_H                                               
000004c0  MPY_L                                               
00002174  MasterMode                                          
000004c8  OP2                                                 
000004e2  OP2H                                                
000004e3  OP2H_H                                              
000004e2  OP2H_L                                              
000004e0  OP2L                                                
000004e1  OP2L_H                                              
000004e0  OP2L_L                                              
000004c9  OP2_H                                               
000004c8  OP2_L                                               
0000020e  P1IV                                                
0000021e  P2IV                                                
00000204  PADIR                                               
00000205  PADIR_H                                             
00000204  PADIR_L                                             
0000021a  PAIE                                                
00000218  PAIES                                               
00000219  PAIES_H                                             
00000218  PAIES_L                                             
0000021b  PAIE_H                                              
0000021a  PAIE_L                                              
0000021c  PAIFG                                               
0000021d  PAIFG_H                                             
0000021c  PAIFG_L                                             
00000200  PAIN                                                
00000201  PAIN_H                                              
00000200  PAIN_L                                              
00000202  PAOUT                                               
00000203  PAOUT_H                                             
00000202  PAOUT_L                                             
00000206  PAREN                                               
00000207  PAREN_H                                             
00000206  PAREN_L                                             
0000020a  PASEL0                                              
0000020b  PASEL0_H                                            
0000020a  PASEL0_L                                            
0000020c  PASEL1                                              
0000020d  PASEL1_H                                            
0000020c  PASEL1_L                                            
00000224  PBDIR                                               
00000225  PBDIR_H                                             
00000224  PBDIR_L                                             
00000220  PBIN                                                
00000221  PBIN_H                                              
00000220  PBIN_L                                              
00000222  PBOUT                                               
00000223  PBOUT_H                                             
00000222  PBOUT_L                                             
00000226  PBREN                                               
00000227  PBREN_H                                             
00000226  PBREN_L                                             
0000022a  PBSEL0                                              
0000022b  PBSEL0_H                                            
0000022a  PBSEL0_L                                            
0000022c  PBSEL1                                              
0000022d  PBSEL1_H                                            
0000022c  PBSEL1_L                                            
00000130  PM5CTL0                                             
00000131  PM5CTL0_H                                           
00000130  PM5CTL0_L                                           
00000120  PMMCTL0                                             
00000121  PMMCTL0_H                                           
00000120  PMMCTL0_L                                           
00000122  PMMCTL1                                             
00000123  PMMCTL1_H                                           
00000122  PMMCTL1_L                                           
00000124  PMMCTL2                                             
00000125  PMMCTL2_H                                           
00000124  PMMCTL2_L                                           
0000012e  PMMIE                                               
0000012f  PMMIE_H                                             
0000012e  PMMIE_L                                             
0000012a  PMMIFG                                              
0000012b  PMMIFG_H                                            
0000012a  PMMIFG_L                                            
000004e4  RES0                                                
000004e5  RES0_H                                              
000004e4  RES0_L                                              
000004e6  RES1                                                
000004e7  RES1_H                                              
000004e6  RES1_L                                              
000004e8  RES2                                                
000004e9  RES2_H                                              
000004e8  RES2_L                                              
000004ea  RES3                                                
000004eb  RES3_H                                              
000004ea  RES3_L                                              
000004cc  RESHI                                               
000004cd  RESHI_H                                             
000004cc  RESHI_L                                             
000004ca  RESLO                                               
000004cb  RESLO_H                                             
000004ca  RESLO_L                                             
0000030c  RTCCNT                                              
0000030d  RTCCNT_H                                            
0000030c  RTCCNT_L                                            
00000300  RTCCTL                                              
00000301  RTCCTL_H                                            
00000300  RTCCTL_L                                            
00000304  RTCIV                                               
00000305  RTCIV_H                                             
00000304  RTCIV_L                                             
00000308  RTCMOD                                              
00000309  RTCMOD_H                                            
00000308  RTCMOD_L                                            
00002177  RXByteCtr                                           
0000214c  ReceiveBuffer                                       
00002178  ReceiveIndex                                        
00000100  SFRIE1                                              
00000101  SFRIE1_H                                            
00000100  SFRIE1_L                                            
00000102  SFRIFG1                                             
00000103  SFRIFG1_H                                           
00000102  SFRIFG1_L                                           
00000104  SFRRPCR                                             
00000105  SFRRPCR_H                                           
00000104  SFRRPCR_L                                           
000004ce  SUMEXT                                              
000004cf  SUMEXT_H                                            
000004ce  SUMEXT_L                                            
00000158  SYSBERRIV                                           
00000159  SYSBERRIV_H                                         
00000158  SYSBERRIV_L                                         
00000142  SYSBSLC                                             
00000143  SYSBSLC_H                                           
00000142  SYSBSLC_L                                           
00000160  SYSCFG0                                             
00000161  SYSCFG0_H                                           
00000160  SYSCFG0_L                                           
00000162  SYSCFG1                                             
00000163  SYSCFG1_H                                           
00000162  SYSCFG1_L                                           
00000164  SYSCFG2                                             
00000165  SYSCFG2_H                                           
00000164  SYSCFG2_L                                           
00000140  SYSCTL                                              
00000141  SYSCTL_H                                            
00000140  SYSCTL_L                                            
00000146  SYSJMBC                                             
00000147  SYSJMBC_H                                           
00000146  SYSJMBC_L                                           
00000148  SYSJMBI0                                            
00000149  SYSJMBI0_H                                          
00000148  SYSJMBI0_L                                          
0000014a  SYSJMBI1                                            
0000014b  SYSJMBI1_H                                          
0000014a  SYSJMBI1_L                                          
0000014c  SYSJMBO0                                            
0000014d  SYSJMBO0_H                                          
0000014c  SYSJMBO0_L                                          
0000014e  SYSJMBO1                                            
0000014f  SYSJMBO1_H                                          
0000014e  SYSJMBO1_L                                          
0000015e  SYSRSTIV                                            
0000015f  SYSRSTIV_H                                          
0000015e  SYSRSTIV_L                                          
0000015c  SYSSNIV                                             
0000015d  SYSSNIV_H                                           
0000015c  SYSSNIV_L                                           
0000015a  SYSUNIV                                             
0000015b  SYSUNIV_H                                           
0000015a  SYSUNIV_L                                           
00000392  TA0CCR0                                             
00000394  TA0CCR1                                             
00000396  TA0CCR2                                             
00000382  TA0CCTL0                                            
00000384  TA0CCTL1                                            
00000386  TA0CCTL2                                            
00000380  TA0CTL                                              
000003a0  TA0EX0                                              
000003ae  TA0IV                                               
00000390  TA0R                                                
000003d2  TA1CCR0                                             
000003d4  TA1CCR1                                             
000003d6  TA1CCR2                                             
000003c2  TA1CCTL0                                            
000003c4  TA1CCTL1                                            
000003c6  TA1CCTL2                                            
000003c0  TA1CTL                                              
000003e0  TA1EX0                                              
000003ee  TA1IV                                               
000003d0  TA1R                                                
00000412  TA2CCR0                                             
00000414  TA2CCR1                                             
00000402  TA2CCTL0                                            
00000404  TA2CCTL1                                            
00000400  TA2CTL                                              
00000420  TA2EX0                                              
0000042e  TA2IV                                               
00000410  TA2R                                                
00000452  TA3CCR0                                             
00000454  TA3CCR1                                             
00000442  TA3CCTL0                                            
00000444  TA3CCTL1                                            
00000440  TA3CTL                                              
00000460  TA3EX0                                              
0000046e  TA3IV                                               
00000450  TA3R                                                
00002179  TXByteCtr                                           
00002160  TransmitBuffer                                      
0000217a  TransmitIndex                                       
00002176  TransmitRegAddr                                     
00000510  UCA0ABCTL                                           
00000506  UCA0BRW                                             
00000507  UCA0BRW_H                                           
00000506  UCA0BRW_L                                           
00000500  UCA0CTLW0                                           
00000501  UCA0CTLW0_H                                         
00000500  UCA0CTLW0_L                                         
00000502  UCA0CTLW1                                           
00000503  UCA0CTLW1_H                                         
00000502  UCA0CTLW1_L                                         
0000051a  UCA0IE                                              
0000051b  UCA0IE_H                                            
0000051a  UCA0IE_L                                            
0000051c  UCA0IFG                                             
0000051d  UCA0IFG_H                                           
0000051c  UCA0IFG_L                                           
00000512  UCA0IRCTL                                           
00000513  UCA0IRCTL_H                                         
00000512  UCA0IRCTL_L                                         
0000051e  UCA0IV                                              
00000508  UCA0MCTLW                                           
00000509  UCA0MCTLW_H                                         
00000508  UCA0MCTLW_L                                         
0000050c  UCA0RXBUF                                           
0000050d  UCA0RXBUF_H                                         
0000050c  UCA0RXBUF_L                                         
0000050a  UCA0STATW                                           
0000050e  UCA0TXBUF                                           
0000050f  UCA0TXBUF_H                                         
0000050e  UCA0TXBUF_L                                         
00000530  UCA1ABCTL                                           
00000526  UCA1BRW                                             
00000527  UCA1BRW_H                                           
00000526  UCA1BRW_L                                           
00000520  UCA1CTLW0                                           
00000521  UCA1CTLW0_H                                         
00000520  UCA1CTLW0_L                                         
00000522  UCA1CTLW1                                           
00000523  UCA1CTLW1_H                                         
00000522  UCA1CTLW1_L                                         
0000053a  UCA1IE                                              
0000053b  UCA1IE_H                                            
0000053a  UCA1IE_L                                            
0000053c  UCA1IFG                                             
0000053d  UCA1IFG_H                                           
0000053c  UCA1IFG_L                                           
00000532  UCA1IRCTL                                           
00000533  UCA1IRCTL_H                                         
00000532  UCA1IRCTL_L                                         
0000053e  UCA1IV                                              
00000528  UCA1MCTLW                                           
00000529  UCA1MCTLW_H                                         
00000528  UCA1MCTLW_L                                         
0000052c  UCA1RXBUF                                           
0000052d  UCA1RXBUF_H                                         
0000052c  UCA1RXBUF_L                                         
0000052a  UCA1STATW                                           
0000052e  UCA1TXBUF                                           
0000052f  UCA1TXBUF_H                                         
0000052e  UCA1TXBUF_L                                         
0000055e  UCB0ADDMASK                                         
0000055f  UCB0ADDMASK_H                                       
0000055e  UCB0ADDMASK_L                                       
0000055c  UCB0ADDRX                                           
0000055d  UCB0ADDRX_H                                         
0000055c  UCB0ADDRX_L                                         
00000546  UCB0BRW                                             
00000547  UCB0BRW_H                                           
00000546  UCB0BRW_L                                           
00000540  UCB0CTLW0                                           
00000541  UCB0CTLW0_H                                         
00000540  UCB0CTLW0_L                                         
00000542  UCB0CTLW1                                           
00000543  UCB0CTLW1_H                                         
00000542  UCB0CTLW1_L                                         
00000554  UCB0I2COA0                                          
00000555  UCB0I2COA0_H                                        
00000554  UCB0I2COA0_L                                        
00000556  UCB0I2COA1                                          
00000557  UCB0I2COA1_H                                        
00000556  UCB0I2COA1_L                                        
00000558  UCB0I2COA2                                          
00000559  UCB0I2COA2_H                                        
00000558  UCB0I2COA2_L                                        
0000055a  UCB0I2COA3                                          
0000055b  UCB0I2COA3_H                                        
0000055a  UCB0I2COA3_L                                        
00000560  UCB0I2CSA                                           
00000561  UCB0I2CSA_H                                         
00000560  UCB0I2CSA_L                                         
0000056a  UCB0IE                                              
0000056b  UCB0IE_H                                            
0000056a  UCB0IE_L                                            
0000056c  UCB0IFG                                             
0000056d  UCB0IFG_H                                           
0000056c  UCB0IFG_L                                           
0000056e  UCB0IV                                              
0000054c  UCB0RXBUF                                           
0000054d  UCB0RXBUF_H                                         
0000054c  UCB0RXBUF_L                                         
00000548  UCB0STATW                                           
00000549  UCB0STATW_H                                         
00000548  UCB0STATW_L                                         
0000054a  UCB0TBCNT                                           
0000054b  UCB0TBCNT_H                                         
0000054a  UCB0TBCNT_L                                         
0000054e  UCB0TXBUF                                           
0000054f  UCB0TXBUF_H                                         
0000054e  UCB0TXBUF_L                                         
0000c82e  USCI_B0_ISR                                         
000001cc  WDTCTL                                              
000001cd  WDTCTL_H                                            
000001cc  WDTCTL_L                                            
0000cb8a  _Z13Software_Trimv                                  
0000d306  _Z15initClockTo1MHzv                                
0000c5e4  _Z15printBME280Datav                                
0000d41e  _Z7initI2Cv                                         
0000d2d6  _Z8initGPIOv                                        
0000d516  _ZN10__cxxabiv117__class_type_infoD0Ev              
0000d5c4  _ZN10__cxxabiv117__class_type_infoD1Ev              
0000d5c4  _ZN10__cxxabiv117__class_type_infoD2Ev              
0000d4d6  _ZN10__cxxabiv120__si_class_type_infoD0Ev           
0000d5d2  _ZN10__cxxabiv120__si_class_type_infoD1Ev           
0000d5d2  _ZN10__cxxabiv120__si_class_type_infoD2Ev           
0000ce1c  _ZN6BME28010InitializeEv                            
0000d18a  _ZN6BME28010ReadChipIDEv                            
0000d48c  _ZN6BME28011setSettingsERKNS_8SettingsE             
0000d076  _ZN6BME28013WriteSettingsEv                         
0000d272  _ZN6BME28016InitializeFilterEv                      
0000d1ca  _ZN6BME28018CalculateRegistersERhS0_S0_             
0000d5ee  _ZN6BME2804readERfS0_S0_NS_8TempUnitENS_8PresUnitEPl
0000d024  _ZN6BME2805beginEv                                  
0000d52a  _ZN6BME2807readDigEPh                               
0000d0c2  _ZN6BME2808ReadDataEPl                              
0000cc48  _ZN6BME2808ReadTrimEv                               
0000d3c2  _ZN6BME280C1ERKNS_8SettingsE                        
0000d3c2  _ZN6BME280C2ERKNS_8SettingsE                        
0000d3e2  _ZN9BME280I2C11setSettingsERKNS_8SettingsE          
0000d37e  _ZN9BME280I2C12ReadRegisterEhPhh                    
0000d4a6  _ZN9BME280I2C13WriteRegisterEhh                     
0000d358  _ZN9BME280I2CC1ERKNS_8SettingsE                     
0000d358  _ZN9BME280I2CC2ERKNS_8SettingsE                     
0000d62a  _ZNK6BME28011getSettingsEv                          
0000d61e  _ZNK9BME280I2C11getSettingsEv                       
0000d63a  _ZNSt9type_infoD1Ev                                 
0000d63a  _ZNSt9type_infoD2Ev                                 
0000d624  _ZSt17__throw_bad_allocv                            
0000c5dc  _ZTI6BME280                                         
0000c5ca  _ZTI9BME280I2C                                      
0000c5d0  _ZTIN10__cxxabiv117__class_type_infoE               
0000c5d6  _ZTIN10__cxxabiv120__si_class_type_infoE            
0000c5e0  _ZTISt9type_info                                    
0000c5b2  _ZTS6BME280                                         
0000c5a6  _ZTS9BME280I2C                                      
0000c52c  _ZTSN10__cxxabiv117__class_type_infoE               
0000c506  _ZTSN10__cxxabiv120__si_class_type_infoE            
0000c598  _ZTSSt9type_info                                    
0000c58a  _ZTV6BME280                                         
0000c57a  _ZTV9BME280I2C                                      
0000c5ba  _ZTVN10__cxxabiv117__class_type_infoE               
0000c5c2  _ZTVN10__cxxabiv120__si_class_type_infoE            
0000d5f8  _ZdlPv                                              
0000d62e  _ZdlPvj                                             
00003000  __STACK_END                                         
000000a0  __STACK_SIZE                                        
000000a0  __SYSMEM_SIZE                                       
0000c442  __TI_CINIT_Base                                     
0000c44a  __TI_CINIT_Limit                                    
0000c44a  __TI_CINIT_Warm                                     
0000c438  __TI_Handler_Table_Base                             
0000c43e  __TI_Handler_Table_Limit                            
0000c44a  __TI_INITARRAY_Base                                 
0000c44c  __TI_INITARRAY_Limit                                
0000d60a  __TI_ISR_TRAP                                       
0000cefc  __TI_auto_init_nobinit_hold_wdt                     
0000ce8e  __TI_decompress_lzss                                
0000d5a0  __TI_decompress_none                                
0000ffda  __TI_int41                                          
0000ffdc  __TI_int42                                          
0000ffde  __TI_int43                                          
0000ffe0  __TI_int44                                          
0000ffe2  __TI_int45                                          
0000ffe4  __TI_int46                                          
0000ffe6  __TI_int47                                          
0000ffe8  __TI_int48                                          
0000ffea  __TI_int49                                          
0000ffec  __TI_int50                                          
0000ffee  __TI_int51                                          
0000fff0  __TI_int52                                          
0000fff2  __TI_int53                                          
0000fff4  __TI_int54                                          
0000fff6  __TI_int55                                          
0000fff8  __TI_int56                                          
0000fffa  __TI_int57                                          
0000fffc  __TI_int58                                          
ffffffff  __TI_pprof_out_hndl                                 
0000c914  __TI_printfi_minimal                                
ffffffff  __TI_prof_data_size                                 
ffffffff  __TI_prof_data_start                                
0000d53e  __TI_zero_init_nomemset                             
0000d632  __abort_execution                                   
ffffffff  __c_args__                                          
0000d602  __cxa_pure_virtual                                  
0000d4ec  __mspabi_divu                                       
0000d566  __mspabi_mpyi_f5hw                                  
0000d4ec  __mspabi_remu                                       
0000d202  __sti___8_main_cpp_bme                              
0000d43a  _c_int00_noargs                                     
0000217c  _lock                                               
0000d63c  _nop                                                
0000fffe  _reset_vector                                       
00002f60  _stack                                              
000020ac  _sys_memory                                         
0000d63e  _system_post_cinit                                  
0000d636  _system_pre_init                                    
0000217e  _unlock                                             
0000d624  abort                                               
00002064  bme                                                 
0000c9f4  free                                                
0000cf68  initUart                                            
0000ccf8  main                                                
0000d3a0  memccpy                                             
0000d5b2  memcpy                                              
0000d552  memset                                              
0000d2a4  sendUartMsg                                         
0000d23a  sprintf                                             
00002000  str                                                 
0000d57a  stringLength                                        
0000d5e0  strlen                                              


GLOBAL SYMBOLS: SORTED BY Symbol Address 

address   name                                                
-------   ----                                                
000000a0  __STACK_SIZE                                        
000000a0  __SYSMEM_SIZE                                       
00000100  SFRIE1                                              
00000100  SFRIE1_L                                            
00000101  SFRIE1_H                                            
00000102  SFRIFG1                                             
00000102  SFRIFG1_L                                           
00000103  SFRIFG1_H                                           
00000104  SFRRPCR                                             
00000104  SFRRPCR_L                                           
00000105  SFRRPCR_H                                           
00000120  PMMCTL0                                             
00000120  PMMCTL0_L                                           
00000121  PMMCTL0_H                                           
00000122  PMMCTL1                                             
00000122  PMMCTL1_L                                           
00000123  PMMCTL1_H                                           
00000124  PMMCTL2                                             
00000124  PMMCTL2_L                                           
00000125  PMMCTL2_H                                           
0000012a  PMMIFG                                              
0000012a  PMMIFG_L                                            
0000012b  PMMIFG_H                                            
0000012e  PMMIE                                               
0000012e  PMMIE_L                                             
0000012f  PMMIE_H                                             
00000130  PM5CTL0                                             
00000130  PM5CTL0_L                                           
00000131  PM5CTL0_H                                           
00000140  SYSCTL                                              
00000140  SYSCTL_L                                            
00000141  SYSCTL_H                                            
00000142  SYSBSLC                                             
00000142  SYSBSLC_L                                           
00000143  SYSBSLC_H                                           
00000146  SYSJMBC                                             
00000146  SYSJMBC_L                                           
00000147  SYSJMBC_H                                           
00000148  SYSJMBI0                                            
00000148  SYSJMBI0_L                                          
00000149  SYSJMBI0_H                                          
0000014a  SYSJMBI1                                            
0000014a  SYSJMBI1_L                                          
0000014b  SYSJMBI1_H                                          
0000014c  SYSJMBO0                                            
0000014c  SYSJMBO0_L                                          
0000014d  SYSJMBO0_H                                          
0000014e  SYSJMBO1                                            
0000014e  SYSJMBO1_L                                          
0000014f  SYSJMBO1_H                                          
00000158  SYSBERRIV                                           
00000158  SYSBERRIV_L                                         
00000159  SYSBERRIV_H                                         
0000015a  SYSUNIV                                             
0000015a  SYSUNIV_L                                           
0000015b  SYSUNIV_H                                           
0000015c  SYSSNIV                                             
0000015c  SYSSNIV_L                                           
0000015d  SYSSNIV_H                                           
0000015e  SYSRSTIV                                            
0000015e  SYSRSTIV_L                                          
0000015f  SYSRSTIV_H                                          
00000160  SYSCFG0                                             
00000160  SYSCFG0_L                                           
00000161  SYSCFG0_H                                           
00000162  SYSCFG1                                             
00000162  SYSCFG1_L                                           
00000163  SYSCFG1_H                                           
00000164  SYSCFG2                                             
00000164  SYSCFG2_L                                           
00000165  SYSCFG2_H                                           
00000180  CSCTL0                                              
00000180  CSCTL0_L                                            
00000181  CSCTL0_H                                            
00000182  CSCTL1                                              
00000182  CSCTL1_L                                            
00000183  CSCTL1_H                                            
00000184  CSCTL2                                              
00000184  CSCTL2_L                                            
00000185  CSCTL2_H                                            
00000186  CSCTL3                                              
00000186  CSCTL3_L                                            
00000187  CSCTL3_H                                            
00000188  CSCTL4                                              
00000188  CSCTL4_L                                            
00000189  CSCTL4_H                                            
0000018a  CSCTL5                                              
0000018a  CSCTL5_L                                            
0000018b  CSCTL5_H                                            
0000018c  CSCTL6                                              
0000018c  CSCTL6_L                                            
0000018d  CSCTL6_H                                            
0000018e  CSCTL7                                              
0000018e  CSCTL7_L                                            
0000018f  CSCTL7_H                                            
00000190  CSCTL8                                              
00000190  CSCTL8_L                                            
00000191  CSCTL8_H                                            
000001a0  FRCTL0                                              
000001a0  FRCTL0_L                                            
000001a1  FRCTL0_H                                            
000001a4  GCCTL0                                              
000001a4  GCCTL0_L                                            
000001a5  GCCTL0_H                                            
000001a6  GCCTL1                                              
000001a6  GCCTL1_L                                            
000001a7  GCCTL1_H                                            
000001c0  CRCDI                                               
000001c0  CRCDI_L                                             
000001c1  CRCDI_H                                             
000001c2  CRCDIRB                                             
000001c2  CRCDIRB_L                                           
000001c3  CRCDIRB_H                                           
000001c4  CRCINIRES                                           
000001c4  CRCINIRES_L                                         
000001c5  CRCINIRES_H                                         
000001c6  CRCRESR                                             
000001c6  CRCRESR_L                                           
000001c7  CRCRESR_H                                           
000001cc  WDTCTL                                              
000001cc  WDTCTL_L                                            
000001cd  WDTCTL_H                                            
00000200  PAIN                                                
00000200  PAIN_L                                              
00000201  PAIN_H                                              
00000202  PAOUT                                               
00000202  PAOUT_L                                             
00000203  PAOUT_H                                             
00000204  PADIR                                               
00000204  PADIR_L                                             
00000205  PADIR_H                                             
00000206  PAREN                                               
00000206  PAREN_L                                             
00000207  PAREN_H                                             
0000020a  PASEL0                                              
0000020a  PASEL0_L                                            
0000020b  PASEL0_H                                            
0000020c  PASEL1                                              
0000020c  PASEL1_L                                            
0000020d  PASEL1_H                                            
0000020e  P1IV                                                
00000218  PAIES                                               
00000218  PAIES_L                                             
00000219  PAIES_H                                             
0000021a  PAIE                                                
0000021a  PAIE_L                                              
0000021b  PAIE_H                                              
0000021c  PAIFG                                               
0000021c  PAIFG_L                                             
0000021d  PAIFG_H                                             
0000021e  P2IV                                                
00000220  PBIN                                                
00000220  PBIN_L                                              
00000221  PBIN_H                                              
00000222  PBOUT                                               
00000222  PBOUT_L                                             
00000223  PBOUT_H                                             
00000224  PBDIR                                               
00000224  PBDIR_L                                             
00000225  PBDIR_H                                             
00000226  PBREN                                               
00000226  PBREN_L                                             
00000227  PBREN_H                                             
0000022a  PBSEL0                                              
0000022a  PBSEL0_L                                            
0000022b  PBSEL0_H                                            
0000022c  PBSEL1                                              
0000022c  PBSEL1_L                                            
0000022d  PBSEL1_H                                            
00000300  RTCCTL                                              
00000300  RTCCTL_L                                            
00000301  RTCCTL_H                                            
00000304  RTCIV                                               
00000304  RTCIV_L                                             
00000305  RTCIV_H                                             
00000308  RTCMOD                                              
00000308  RTCMOD_L                                            
00000309  RTCMOD_H                                            
0000030c  RTCCNT                                              
0000030c  RTCCNT_L                                            
0000030d  RTCCNT_H                                            
00000380  TA0CTL                                              
00000382  TA0CCTL0                                            
00000384  TA0CCTL1                                            
00000386  TA0CCTL2                                            
00000390  TA0R                                                
00000392  TA0CCR0                                             
00000394  TA0CCR1                                             
00000396  TA0CCR2                                             
000003a0  TA0EX0                                              
000003ae  TA0IV                                               
000003c0  TA1CTL                                              
000003c2  TA1CCTL0                                            
000003c4  TA1CCTL1                                            
000003c6  TA1CCTL2                                            
000003d0  TA1R                                                
000003d2  TA1CCR0                                             
000003d4  TA1CCR1                                             
000003d6  TA1CCR2                                             
000003e0  TA1EX0                                              
000003ee  TA1IV                                               
00000400  TA2CTL                                              
00000402  TA2CCTL0                                            
00000404  TA2CCTL1                                            
00000410  TA2R                                                
00000412  TA2CCR0                                             
00000414  TA2CCR1                                             
00000420  TA2EX0                                              
0000042e  TA2IV                                               
00000440  TA3CTL                                              
00000442  TA3CCTL0                                            
00000444  TA3CCTL1                                            
00000450  TA3R                                                
00000452  TA3CCR0                                             
00000454  TA3CCR1                                             
00000460  TA3EX0                                              
0000046e  TA3IV                                               
000004c0  MPY                                                 
000004c0  MPY_L                                               
000004c1  MPY_H                                               
000004c2  MPYS                                                
000004c2  MPYS_L                                              
000004c3  MPYS_H                                              
000004c4  MAC                                                 
000004c4  MAC_L                                               
000004c5  MAC_H                                               
000004c6  MACS                                                
000004c6  MACS_L                                              
000004c7  MACS_H                                              
000004c8  OP2                                                 
000004c8  OP2_L                                               
000004c9  OP2_H                                               
000004ca  RESLO                                               
000004ca  RESLO_L                                             
000004cb  RESLO_H                                             
000004cc  RESHI                                               
000004cc  RESHI_L                                             
000004cd  RESHI_H                                             
000004ce  SUMEXT                                              
000004ce  SUMEXT_L                                            
000004cf  SUMEXT_H                                            
000004d0  MPY32L                                              
000004d0  MPY32L_L                                            
000004d1  MPY32L_H                                            
000004d2  MPY32H                                              
000004d2  MPY32H_L                                            
000004d3  MPY32H_H                                            
000004d4  MPYS32L                                             
000004d4  MPYS32L_L                                           
000004d5  MPYS32L_H                                           
000004d6  MPYS32H                                             
000004d6  MPYS32H_L                                           
000004d7  MPYS32H_H                                           
000004d8  MAC32L                                              
000004d8  MAC32L_L                                            
000004d9  MAC32L_H                                            
000004da  MAC32H                                              
000004da  MAC32H_L                                            
000004db  MAC32H_H                                            
000004dc  MACS32L                                             
000004dc  MACS32L_L                                           
000004dd  MACS32L_H                                           
000004de  MACS32H                                             
000004de  MACS32H_L                                           
000004df  MACS32H_H                                           
[...]
00000502  UCA0CTLW1                                           
00000502  UCA0CTLW1_L                                         
00000503  UCA0CTLW1_H                                         
00000506  UCA0BRW                                             
00000506  UCA0BRW_L                                           
00000507  UCA0BRW_H                                           
00000508  UCA0MCTLW                                           
00000508  UCA0MCTLW_L                                         
00000509  UCA0MCTLW_H                                         
0000050a  UCA0STATW                                           
0000050c  UCA0RXBUF                                           
0000050c  UCA0RXBUF_L                                         
0000050d  UCA0RXBUF_H                                         
0000050e  UCA0TXBUF                                           
0000050e  UCA0TXBUF_L                                         
0000050f  UCA0TXBUF_H                                         
00000510  UCA0ABCTL                                           
00000512  UCA0IRCTL                                           
00000512  UCA0IRCTL_L                                         
00000513  UCA0IRCTL_H                                         
0000051a  UCA0IE                                              
0000051a  UCA0IE_L                                            
0000051b  UCA0IE_H                                            
0000051c  UCA0IFG                                             
0000051c  UCA0IFG_L                                           
0000051d  UCA0IFG_H                                           
0000051e  UCA0IV                                              
00000520  UCA1CTLW0                                           
00000520  UCA1CTLW0_L                                         
00000521  UCA1CTLW0_H                                         
00000522  UCA1CTLW1                                           
00000522  UCA1CTLW1_L                                         
00000523  UCA1CTLW1_H                                         
00000526  UCA1BRW                                             
00000526  UCA1BRW_L                                           
00000527  UCA1BRW_H                                           
00000528  UCA1MCTLW                                           
00000528  UCA1MCTLW_L                                         
00000529  UCA1MCTLW_H                                         
0000052a  UCA1STATW                                           
0000052c  UCA1RXBUF                                           
0000052c  UCA1RXBUF_L                                         
0000052d  UCA1RXBUF_H                                         
0000052e  UCA1TXBUF                                           
0000052e  UCA1TXBUF_L                                         
0000052f  UCA1TXBUF_H                                         
00000530  UCA1ABCTL                                           
00000532  UCA1IRCTL                                           
00000532  UCA1IRCTL_L                                         
00000533  UCA1IRCTL_H                                         
0000053a  UCA1IE                                              
0000053a  UCA1IE_L                                            
0000053b  UCA1IE_H                                            
0000053c  UCA1IFG                                             
0000053c  UCA1IFG_L                                           
0000053d  UCA1IFG_H                                           
0000053e  UCA1IV                                              
00000540  UCB0CTLW0                                           
00000540  UCB0CTLW0_L                                         
00000541  UCB0CTLW0_H                                         
00000542  UCB0CTLW1                                           
00000542  UCB0CTLW1_L                                         
00000543  UCB0CTLW1_H                                         
00000546  UCB0BRW                                             
00000546  UCB0BRW_L                                           
00000547  UCB0BRW_H                                           
00000548  UCB0STATW                                           
00000548  UCB0STATW_L                                         
00000549  UCB0STATW_H                                         
0000054a  UCB0TBCNT                                           
0000054a  UCB0TBCNT_L                                         
0000054b  UCB0TBCNT_H                                         
0000054c  UCB0RXBUF                                           
0000054c  UCB0RXBUF_L                                         
0000054d  UCB0RXBUF_H                                         
0000054e  UCB0TXBUF                                           
0000054e  UCB0TXBUF_L                                         
0000054f  UCB0TXBUF_H                                         
00000554  UCB0I2COA0                                          
00000554  UCB0I2COA0_L                                        
00000555  UCB0I2COA0_H                                        
00000556  UCB0I2COA1                                          
00000556  UCB0I2COA1_L                                        
00000557  UCB0I2COA1_H                                        
00000558  UCB0I2COA2                                          
00000558  UCB0I2COA2_L                                        
00000559  UCB0I2COA2_H                                        
0000055a  UCB0I2COA3                                          
0000055a  UCB0I2COA3_L                                        
0000055b  UCB0I2COA3_H                                        
0000055c  UCB0ADDRX                                           
0000055c  UCB0ADDRX_L                                         
0000055d  UCB0ADDRX_H                                         
0000055e  UCB0ADDMASK                                         
0000055e  UCB0ADDMASK_L                                       
0000055f  UCB0ADDMASK_H                                       
00000560  UCB0I2CSA                                           
00000560  UCB0I2CSA_L                                         
00000561  UCB0I2CSA_H                                         
0000056a  UCB0IE                                              
0000056a  UCB0IE_L                                            
0000056b  UCB0IE_H                                            
0000056c  UCB0IFG                                             
0000056c  UCB0IFG_L                                           
0000056d  UCB0IFG_H                                           
0000056e  UCB0IV                                              
00000660  BAKMEM0                                             
00000660  BAKMEM0_L                                           
00000661  BAKMEM0_H                                           
00000662  BAKMEM1                                             
00000662  BAKMEM1_L                                           
00000663  BAKMEM1_H                                           
00000664  BAKMEM2                                             
00000664  BAKMEM2_L                                           
00000665  BAKMEM2_H                                           
00000666  BAKMEM3                                             
00000666  BAKMEM3_L                                           
00000667  BAKMEM3_H                                           
00000668  BAKMEM4                                             
00000668  BAKMEM4_L                                           
00000669  BAKMEM4_H                                           
0000066a  BAKMEM5                                             
0000066a  BAKMEM5_L                                           
0000066b  BAKMEM5_H                                           
0000066c  BAKMEM6                                             
0000066c  BAKMEM6_L                                           
0000066d  BAKMEM6_H                                           
0000066e  BAKMEM7                                             
0000066e  BAKMEM7_L                                           
0000066f  BAKMEM7_H                                           
00000670  BAKMEM8                                             
00000670  BAKMEM8_L                                           
00000671  BAKMEM8_H                                           
00000672  BAKMEM9                                             
00000672  BAKMEM9_L                                           
00000673  BAKMEM9_H                                           
00000674  BAKMEM10                                            
00000674  BAKMEM10_L                                          
00000675  BAKMEM10_H                                          
00000676  BAKMEM11                                            
00000676  BAKMEM11_L                                          
00000677  BAKMEM11_H                                          
00000678  BAKMEM12                                            
00000678  BAKMEM12_L                                          
00000679  BAKMEM12_H                                          
0000067a  BAKMEM13                                            
0000067a  BAKMEM13_L                                          
0000067b  BAKMEM13_H                                          
0000067c  BAKMEM14                                            
0000067c  BAKMEM14_L                                          
0000067d  BAKMEM14_H                                          
0000067e  BAKMEM15                                            
0000067e  BAKMEM15_L                                          
0000067f  BAKMEM15_H                                          
00000700  ADCCTL0                                             
00000700  ADCCTL0_L                                           
00000701  ADCCTL0_H                                           
00000702  ADCCTL1                                             
00000702  ADCCTL1_L                                           
00000703  ADCCTL1_H                                           
00000704  ADCCTL2                                             
00000704  ADCCTL2_L                                           
00000705  ADCCTL2_H                                           
00000706  ADCLO                                               
00000706  ADCLO_L                                             
00000707  ADCLO_H                                             
00000708  ADCHI                                               
00000708  ADCHI_L                                             
00000709  ADCHI_H                                             
0000070a  ADCMCTL0                                            
0000070a  ADCMCTL0_L                                          
0000070b  ADCMCTL0_H                                          
00000712  ADCMEM0                                             
00000712  ADCMEM0_L                                           
00000713  ADCMEM0_H                                           
0000071a  ADCIE                                               
0000071a  ADCIE_L                                             
0000071b  ADCIE_H                                             
0000071c  ADCIFG                                              
0000071c  ADCIFG_L                                            
0000071d  ADCIFG_H                                            
0000071e  ADCIV                                               
0000071e  ADCIV_L                                             
0000071f  ADCIV_H                                             
00002000  str                                                 
00002064  bme                                                 
000020ac  _sys_memory                                         
0000214c  ReceiveBuffer                                       
00002160  TransmitBuffer                                      
00002174  MasterMode                                          
00002176  TransmitRegAddr                                     
00002177  RXByteCtr                                           
00002178  ReceiveIndex                                        
00002179  TXByteCtr                                           
0000217a  TransmitIndex                                       
0000217c  _lock                                               
0000217e  _unlock                                             
00002f60  _stack                                              
00003000  __STACK_END                                         
0000c438  __TI_Handler_Table_Base                             
0000c43e  __TI_Handler_Table_Limit                            
0000c442  __TI_CINIT_Base                                     
0000c44a  __TI_CINIT_Limit                                    
0000c44a  __TI_CINIT_Warm                                     
0000c44a  __TI_INITARRAY_Base                                 
0000c44c  __TI_INITARRAY_Limit                                
0000c506  _ZTSN10__cxxabiv120__si_class_type_infoE            
0000c52c  _ZTSN10__cxxabiv117__class_type_infoE               
0000c57a  _ZTV9BME280I2C                                      
0000c58a  _ZTV6BME280                                         
0000c598  _ZTSSt9type_info                                    
0000c5a6  _ZTS9BME280I2C                                      
0000c5b2  _ZTS6BME280                                         
0000c5ba  _ZTVN10__cxxabiv117__class_type_infoE               
0000c5c2  _ZTVN10__cxxabiv120__si_class_type_infoE            
0000c5ca  _ZTI9BME280I2C                                      
0000c5d0  _ZTIN10__cxxabiv117__class_type_infoE               
0000c5d6  _ZTIN10__cxxabiv120__si_class_type_infoE            
0000c5dc  _ZTI6BME280                                         
0000c5e0  _ZTISt9type_info                                    
0000c5e4  _Z15printBME280Datav                                
0000c82e  USCI_B0_ISR                                         
0000c914  __TI_printfi_minimal                                
0000c9f4  free                                                
0000cb8a  _Z13Software_Trimv                                  
0000cc48  _ZN6BME2808ReadTrimEv                               
0000ccf8  main                                                
0000cd8c  EUSCI_A_UART_init                                   
0000ce1c  _ZN6BME28010InitializeEv                            
0000ce8e  __TI_decompress_lzss                                
0000cefc  __TI_auto_init_nobinit_hold_wdt                     
0000cf68  initUart                                            
0000cfd2  I2C_Master_WriteReg                                 
0000d024  _ZN6BME2805beginEv                                  
0000d076  _ZN6BME28013WriteSettingsEv                         
0000d0c2  _ZN6BME2808ReadDataEPl                              
0000d10a  GPIO_setAsPeripheralModuleFunctionInputPin          
0000d14a  I2C_Master_ReadReg                                  
0000d18a  _ZN6BME28010ReadChipIDEv                            
0000d1ca  _ZN6BME28018CalculateRegistersERhS0_S0_             
0000d202  __sti___8_main_cpp_bme                              
0000d23a  sprintf                                             
0000d272  _ZN6BME28016InitializeFilterEv                      
0000d2a4  sendUartMsg                                         
0000d2d6  _Z8initGPIOv                                        
0000d306  _Z15initClockTo1MHzv                                
0000d358  _ZN9BME280I2CC1ERKNS_8SettingsE                     
0000d358  _ZN9BME280I2CC2ERKNS_8SettingsE                     
0000d37e  _ZN9BME280I2C12ReadRegisterEhPhh                    
0000d3a0  memccpy                                             
0000d3c2  _ZN6BME280C1ERKNS_8SettingsE                        
0000d3c2  _ZN6BME280C2ERKNS_8SettingsE                        
0000d3e2  _ZN9BME280I2C11setSettingsERKNS_8SettingsE          
0000d402  CopyArray                                           
0000d41e  _Z7initI2Cv                                         
0000d43a  _c_int00_noargs                                     
0000d472  EUSCI_A_UART_enableInterrupt                        
0000d48c  _ZN6BME28011setSettingsERKNS_8SettingsE             
0000d4a6  _ZN9BME280I2C13WriteRegisterEhh                     
0000d4d6  _ZN10__cxxabiv120__si_class_type_infoD0Ev           
0000d4ec  __mspabi_divu                                       
0000d4ec  __mspabi_remu                                       
0000d502  EUSCI_A_UART_transmitData                           
0000d516  _ZN10__cxxabiv117__class_type_infoD0Ev              
0000d52a  _ZN6BME2807readDigEPh                               
0000d53e  __TI_zero_init_nomemset                             
0000d552  memset                                              
0000d566  __mspabi_mpyi_f5hw                                  
0000d57a  stringLength                                        
0000d5a0  __TI_decompress_none                                
0000d5b2  memcpy                                              
0000d5c4  _ZN10__cxxabiv117__class_type_infoD1Ev              
0000d5c4  _ZN10__cxxabiv117__class_type_infoD2Ev              
0000d5d2  _ZN10__cxxabiv120__si_class_type_infoD1Ev           
0000d5d2  _ZN10__cxxabiv120__si_class_type_infoD2Ev           
0000d5e0  strlen                                              
0000d5ee  _ZN6BME2804readERfS0_S0_NS_8TempUnitENS_8PresUnitEPl
0000d5f8  _ZdlPv                                              
0000d602  __cxa_pure_virtual                                  
0000d60a  __TI_ISR_TRAP                                       
0000d612  EUSCI_A_UART_clearInterrupt                         
0000d618  EUSCI_A_UART_enable                                 
0000d61e  _ZNK9BME280I2C11getSettingsEv                       
0000d624  C$$EXIT                                             
0000d624  _ZSt17__throw_bad_allocv                            
0000d624  abort                                               
0000d62a  _ZNK6BME28011getSettingsEv                          
0000d62e  _ZdlPvj                                             
0000d632  __abort_execution                                   
0000d636  _system_pre_init                                    
0000d63a  _ZNSt9type_infoD1Ev                                 
0000d63a  _ZNSt9type_infoD2Ev                                 
0000d63c  _nop                                                
0000d63e  _system_post_cinit                                  
0000ffda  __TI_int41                                          
0000ffdc  __TI_int42                                          
0000ffde  __TI_int43                                          
0000ffe0  __TI_int44                                          
0000ffe2  __TI_int45                                          
0000ffe4  __TI_int46                                          
0000ffe6  __TI_int47                                          
0000ffe8  __TI_int48                                          
0000ffea  __TI_int49                                          
0000ffec  __TI_int50                                          
0000ffee  __TI_int51                                          
0000fff0  __TI_int52                                          
0000fff2  __TI_int53                                          
0000fff4  __TI_int54                                          
0000fff6  __TI_int55                                          
0000fff8  __TI_int56                                          
0000fffa  __TI_int57                                          
0000fffc  __TI_int58                                          
0000fffe  _reset_vector                                       
ffffffff  __TI_pprof_out_hndl                                 
ffffffff  __TI_prof_data_size                                 
ffffffff  __TI_prof_data_start                                
ffffffff  __c_args__                                          

[606 symbols]
